backup-v1.pgvault: OK
corrupt/archive-duplicate.pgvault: OK
corrupt/archive-payload-truncated.pgvault: OK
corrupt/archive-truncated.pgvault: OK
corrupt/archive-video-tag-rehashed.pgvault: OK
corrupt/excessive-count.enc: OK
corrupt/index-tag.enc: OK
corrupt/index-truncated.enc: OK
corrupt/legacy-duplicate.enc: OK
corrupt/legacy-negative-size.enc: OK
corrupt/legacy-trailing.enc: OK
corrupt/legacy-trash-without-date.enc: OK
corrupt/negative-count.enc: OK
corrupt/unknown-version.enc: OK
corrupt/v6-negative-size.enc: OK
corrupt/v6-trailing.enc: OK
expected.json: OK
index-v1.enc: OK
index-v2.enc: OK
index-v3.enc: OK
index-v4.enc: OK
index-v5.enc: OK
index-v6.enc: OK
payloads/11111111-1111-4111-8111-111111111111.vault: OK
payloads/22222222-2222-4222-8222-222222222222.vault: OK
pin-envelope.bin: OK
recovery-envelope.bin: OK
