app/src/main/java/uk/co/traynor/privategallery/core/security/PrimarySessionAuthority.kt:15:25: warning: non-public primary constructor is exposed via the generated 'copy()' method of the 'data' class.

The generated 'copy()' will change its visibility in future releases.

To suppress the warning do one of the following:
- Annotate the data class with the '@ConsistentCopyVisibility' annotation.
- Use the '-Xconsistent-data-class-copy-visibility' compiler flag.
- Annotate the data class with the '@ExposedCopyVisibility' annotation 
  (Discouraged, but can be used to keep binary compatibility).

To learn more, see the documentation of the '@ConsistentCopyVisibility' and '@ExposedCopyVisibility' annotations.

This will become an error in Kotlin 2.1.
data class SessionEpoch internal constructor(val value: UUID)
                        ^^^^^^^^
app/src/main/java/uk/co/traynor/privategallery/core/security/PrimarySessionAuthority.kt:16:24: warning: non-public primary constructor is exposed via the generated 'copy()' method of the 'data' class.

The generated 'copy()' will change its visibility in future releases.

To suppress the warning do one of the following:
- Annotate the data class with the '@ConsistentCopyVisibility' annotation.
- Use the '-Xconsistent-data-class-copy-visibility' compiler flag.
- Annotate the data class with the '@ExposedCopyVisibility' annotation 
  (Discouraged, but can be used to keep binary compatibility).

To learn more, see the documentation of the '@ConsistentCopyVisibility' and '@ExposedCopyVisibility' annotations.

This will become an error in Kotlin 2.1.
data class OperationId internal constructor(val value: UUID)
                       ^^^^^^^^
app/src/main/java/uk/co/traynor/privategallery/core/security/PrimarySessionAuthority.kt:17:29: warning: non-public primary constructor is exposed via the generated 'copy()' method of the 'data' class.

The generated 'copy()' will change its visibility in future releases.

To suppress the warning do one of the following:
- Annotate the data class with the '@ConsistentCopyVisibility' annotation.
- Use the '-Xconsistent-data-class-copy-visibility' compiler flag.
- Annotate the data class with the '@ExposedCopyVisibility' annotation 
  (Discouraged, but can be used to keep binary compatibility).

To learn more, see the documentation of the '@ConsistentCopyVisibility' and '@ExposedCopyVisibility' annotations.

This will become an error in Kotlin 2.1.
data class ScopedItemHandle internal constructor(
                            ^^^^^^^^
app/src/main/java/uk/co/traynor/privategallery/core/security/PrimarySessionAuthority.kt:23:35: warning: non-public primary constructor is exposed via the generated 'copy()' method of the 'data' class.

The generated 'copy()' will change its visibility in future releases.

To suppress the warning do one of the following:
- Annotate the data class with the '@ConsistentCopyVisibility' annotation.
- Use the '-Xconsistent-data-class-copy-visibility' compiler flag.
- Annotate the data class with the '@ExposedCopyVisibility' annotation 
  (Discouraged, but can be used to keep binary compatibility).

To learn more, see the documentation of the '@ConsistentCopyVisibility' and '@ExposedCopyVisibility' annotations.

This will become an error in Kotlin 2.1.
data class ScopedCollectionHandle internal constructor(
                                  ^^^^^^^^
app/src/main/java/uk/co/traynor/privategallery/core/security/PrimarySessionAuthority.kt:29:32: warning: non-public primary constructor is exposed via the generated 'copy()' method of the 'data' class.

The generated 'copy()' will change its visibility in future releases.

To suppress the warning do one of the following:
- Annotate the data class with the '@ConsistentCopyVisibility' annotation.
- Use the '-Xconsistent-data-class-copy-visibility' compiler flag.
- Annotate the data class with the '@ExposedCopyVisibility' annotation 
  (Discouraged, but can be used to keep binary compatibility).

To learn more, see the documentation of the '@ConsistentCopyVisibility' and '@ExposedCopyVisibility' annotations.

This will become an error in Kotlin 2.1.
data class ScopedCacheIdentity internal constructor(
                               ^^^^^^^^
.Exception in thread "DefaultDispatcher-worker-1" java.lang.IllegalStateException: Original stream retired
	at uk.co.traynor.privategallery.core.security.ScopedIoGuard$checkedInput$1.checkOpen(ScopedIoGuard.kt:65)
	at uk.co.traynor.privategallery.core.security.ScopedIoGuard$checkedInput$1.read(ScopedIoGuard.kt:67)
	at uk.co.traynor.privategallery.core.security.OwnedProbeJobCancellationTest$normalJobCancellationUnblocksExactTransportBeforeActualProducerCompletion$1$job$1$1.invokeSuspend(OwnedProbeJobCancellationTest.kt:31)
	at kotlin.coroutines.jvm.internal.BaseContinuationImpl.resumeWith(ContinuationImpl.kt:33)
	at kotlinx.coroutines.DispatchedTask.run(DispatchedTask.kt:108)
	at kotlinx.coroutines.internal.LimitedDispatcher$Worker.run(LimitedDispatcher.kt:115)
	at kotlinx.coroutines.scheduling.TaskImpl.run(Tasks.kt:103)
	at kotlinx.coroutines.scheduling.CoroutineScheduler.runSafely(CoroutineScheduler.kt:584)
	at kotlinx.coroutines.scheduling.CoroutineScheduler$Worker.executeTask(CoroutineScheduler.kt:793)
	at kotlinx.coroutines.scheduling.CoroutineScheduler$Worker.runWorker(CoroutineScheduler.kt:697)
	at kotlinx.coroutines.scheduling.CoroutineScheduler$Worker.run(CoroutineScheduler.kt:684)
	Suppressed: kotlinx.coroutines.internal.DiagnosticCoroutineContextException: [LazyStandaloneCoroutine{Cancelling}@346131e9, Dispatchers.IO]
E.E...
Time: 2.128
There were 2 failures:
1) normalJobCancellationUnblocksExactTransportBeforeActualProducerCompletion(uk.co.traynor.privategallery.core.security.OwnedProbeJobCancellationTest)
java.lang.AssertionError: cancellation must dispatch transport before producer completion
	at org.junit.Assert.fail(Assert.java:89)
	at org.junit.Assert.assertTrue(Assert.java:42)
	at uk.co.traynor.privategallery.core.security.OwnedProbeJobCancellationTest.normalJobCancellationUnblocksExactTransportBeforeActualProducerCompletion$lambda$3(OwnedProbeJobCancellationTest.kt:36)
	at uk.co.traynor.privategallery.core.security.OwnedProbeJobCancellationTest.isolated(OwnedProbeJobCancellationTest.kt:90)
	at uk.co.traynor.privategallery.core.security.OwnedProbeJobCancellationTest.normalJobCancellationUnblocksExactTransportBeforeActualProducerCompletion(OwnedProbeJobCancellationTest.kt:15)
2) cancellationBeforeLazyStartNeverRunsProducerAndClosesExactLease(uk.co.traynor.privategallery.core.security.OwnedProbeJobCancellationTest)
java.lang.IllegalStateException: Primary operation unavailable
	at uk.co.traynor.privategallery.core.security.PrimarySessionAuthority.authorized$main(PrimarySessionAuthority.kt:130)
	at uk.co.traynor.privategallery.core.security.PrimaryOperation.checkValid(PrimarySessionAuthority.kt:352)
	at uk.co.traynor.privategallery.core.browser.v2.BrowserProbeJobKt.startOwnedBrowserProbe(BrowserProbeJob.kt:10)
	at uk.co.traynor.privategallery.core.security.OwnedProbeJobCancellationTest.cancellationBeforeLazyStartNeverRunsProducerAndClosesExactLease$lambda$5(OwnedProbeJobCancellationTest.kt:50)
	at uk.co.traynor.privategallery.core.security.OwnedProbeJobCancellationTest.isolated(OwnedProbeJobCancellationTest.kt:90)
	at uk.co.traynor.privategallery.core.security.OwnedProbeJobCancellationTest.cancellationBeforeLazyStartNeverRunsProducerAndClosesExactLease(OwnedProbeJobCancellationTest.kt:47)

FAILURES!!!
Tests run: 5,  Failures: 2

