app/src/main/java/uk/co/traynor/privategallery/core/security/PrimarySessionAuthority.kt:15:25: warning: non-public primary constructor is exposed via the generated 'copy()' method of the 'data' class.

The generated 'copy()' will change its visibility in future releases.

To suppress the warning do one of the following:
- Annotate the data class with the '@ConsistentCopyVisibility' annotation.
- Use the '-Xconsistent-data-class-copy-visibility' compiler flag.
- Annotate the data class with the '@ExposedCopyVisibility' annotation 
  (Discouraged, but can be used to keep binary compatibility).

To learn more, see the documentation of the '@ConsistentCopyVisibility' and '@ExposedCopyVisibility' annotations.

This will become an error in Kotlin 2.1.
data class SessionEpoch internal constructor(val value: UUID)
                        ^^^^^^^^
app/src/main/java/uk/co/traynor/privategallery/core/security/PrimarySessionAuthority.kt:16:24: warning: non-public primary constructor is exposed via the generated 'copy()' method of the 'data' class.

The generated 'copy()' will change its visibility in future releases.

To suppress the warning do one of the following:
- Annotate the data class with the '@ConsistentCopyVisibility' annotation.
- Use the '-Xconsistent-data-class-copy-visibility' compiler flag.
- Annotate the data class with the '@ExposedCopyVisibility' annotation 
  (Discouraged, but can be used to keep binary compatibility).

To learn more, see the documentation of the '@ConsistentCopyVisibility' and '@ExposedCopyVisibility' annotations.

This will become an error in Kotlin 2.1.
data class OperationId internal constructor(val value: UUID)
                       ^^^^^^^^
app/src/main/java/uk/co/traynor/privategallery/core/security/PrimarySessionAuthority.kt:17:29: warning: non-public primary constructor is exposed via the generated 'copy()' method of the 'data' class.

The generated 'copy()' will change its visibility in future releases.

To suppress the warning do one of the following:
- Annotate the data class with the '@ConsistentCopyVisibility' annotation.
- Use the '-Xconsistent-data-class-copy-visibility' compiler flag.
- Annotate the data class with the '@ExposedCopyVisibility' annotation 
  (Discouraged, but can be used to keep binary compatibility).

To learn more, see the documentation of the '@ConsistentCopyVisibility' and '@ExposedCopyVisibility' annotations.

This will become an error in Kotlin 2.1.
data class ScopedItemHandle internal constructor(
                            ^^^^^^^^
app/src/main/java/uk/co/traynor/privategallery/core/security/PrimarySessionAuthority.kt:23:35: warning: non-public primary constructor is exposed via the generated 'copy()' method of the 'data' class.

The generated 'copy()' will change its visibility in future releases.

To suppress the warning do one of the following:
- Annotate the data class with the '@ConsistentCopyVisibility' annotation.
- Use the '-Xconsistent-data-class-copy-visibility' compiler flag.
- Annotate the data class with the '@ExposedCopyVisibility' annotation 
  (Discouraged, but can be used to keep binary compatibility).

To learn more, see the documentation of the '@ConsistentCopyVisibility' and '@ExposedCopyVisibility' annotations.

This will become an error in Kotlin 2.1.
data class ScopedCollectionHandle internal constructor(
                                  ^^^^^^^^
app/src/main/java/uk/co/traynor/privategallery/core/security/PrimarySessionAuthority.kt:29:32: warning: non-public primary constructor is exposed via the generated 'copy()' method of the 'data' class.

The generated 'copy()' will change its visibility in future releases.

To suppress the warning do one of the following:
- Annotate the data class with the '@ConsistentCopyVisibility' annotation.
- Use the '-Xconsistent-data-class-copy-visibility' compiler flag.
- Annotate the data class with the '@ExposedCopyVisibility' annotation 
  (Discouraged, but can be used to keep binary compatibility).

To learn more, see the documentation of the '@ConsistentCopyVisibility' and '@ExposedCopyVisibility' annotations.

This will become an error in Kotlin 2.1.
data class ScopedCacheIdentity internal constructor(
                               ^^^^^^^^
.java.net.UnknownHostException: invalid.example
	at java.base/sun.nio.ch.NioSocketImpl.connect(NioSocketImpl.java:572)
	at java.base/java.net.SocksSocketImpl.connect(SocksSocketImpl.java:327)
	at java.base/java.net.Socket.connect(Socket.java:633)
	at java.base/sun.security.ssl.SSLSocketImpl.connect(SSLSocketImpl.java:304)
	at java.base/sun.net.NetworkClient.doConnect(NetworkClient.java:178)
	at java.base/sun.net.www.http.HttpClient.openServer(HttpClient.java:541)
	at java.base/sun.net.www.http.HttpClient.openServer(HttpClient.java:646)
	at java.base/sun.net.www.protocol.https.HttpsClient.<init>(HttpsClient.java:267)
	at java.base/sun.net.www.protocol.https.HttpsClient.New(HttpsClient.java:381)
	at java.base/sun.net.www.protocol.https.AbstractDelegateHttpsURLConnection.getNewHttpClient(AbstractDelegateHttpsURLConnection.java:196)
	at java.base/sun.net.www.protocol.http.HttpURLConnection.plainConnect0(HttpURLConnection.java:1265)
	at java.base/sun.net.www.protocol.http.HttpURLConnection.plainConnect(HttpURLConnection.java:1151)
	at java.base/sun.net.www.protocol.http.HttpURLConnection.connect(HttpURLConnection.java:1080)
	at java.base/sun.net.www.protocol.https.AbstractDelegateHttpsURLConnection.connect(AbstractDelegateHttpsURLConnection.java:181)
	at java.base/sun.net.www.protocol.http.HttpURLConnection.getInputStream0(HttpURLConnection.java:1719)
	at java.base/sun.net.www.protocol.http.HttpURLConnection.getInputStream(HttpURLConnection.java:1644)
	at java.base/java.net.HttpURLConnection.getResponseCode(HttpURLConnection.java:529)
	at java.base/sun.net.www.protocol.https.HttpsURLConnectionImpl.getResponseCode(HttpsURLConnectionImpl.java:308)
	at uk.co.traynor.privategallery.core.browser.v2.BrowserMediaProbe.protectedManifest$lambda$34$lambda$32(BrowserMediaProbe.kt:122)
	at uk.co.traynor.privategallery.core.security.PrimarySessionAuthority.createOwned$lambda$31(PrimarySessionAuthority.kt:194)
	at uk.co.traynor.privategallery.core.security.ReleaseReservation.construct(ReleaseReservation.kt:36)
	at uk.co.traynor.privategallery.core.security.PrimarySessionAuthority.createOwned$main(PrimarySessionAuthority.kt:193)
	at uk.co.traynor.privategallery.core.security.PrimaryOperation.createOwned(PrimarySessionAuthority.kt:361)
	at uk.co.traynor.privategallery.core.security.ScopedIoGuard.createOwned(ScopedIoGuard.kt:20)
	at uk.co.traynor.privategallery.core.browser.v2.BrowserMediaProbe.protectedManifest(BrowserMediaProbe.kt:109)
	at uk.co.traynor.privategallery.core.browser.v2.BrowserMediaProbe.protectedManifest$default(BrowserMediaProbe.kt:99)
	at uk.co.traynor.privategallery.core.browser.v2.BrowserMediaProbe.inspect(BrowserMediaProbe.kt:79)
	at uk.co.traynor.privategallery.core.browser.v2.Phase3BrowserProbeCancellationTest$blockedRead$1$job$1$1.invokeSuspend(Phase3BrowserProbeCancellationTest.kt:41)
	at kotlin.coroutines.jvm.internal.BaseContinuationImpl.resumeWith(ContinuationImpl.kt:33)
	at kotlinx.coroutines.DispatchedTask.run(DispatchedTask.kt:108)
	at kotlinx.coroutines.internal.LimitedDispatcher$Worker.run(LimitedDispatcher.kt:115)
	at kotlinx.coroutines.scheduling.TaskImpl.run(Tasks.kt:103)
	at kotlinx.coroutines.scheduling.CoroutineScheduler.runSafely(CoroutineScheduler.kt:584)
	at kotlinx.coroutines.scheduling.CoroutineScheduler$Worker.executeTask(CoroutineScheduler.kt:793)
	at kotlinx.coroutines.scheduling.CoroutineScheduler$Worker.runWorker(CoroutineScheduler.kt:697)
	at kotlinx.coroutines.scheduling.CoroutineScheduler$Worker.run(CoroutineScheduler.kt:684)
E.java.net.UnknownHostException: invalid.example
	at java.base/sun.nio.ch.NioSocketImpl.connect(NioSocketImpl.java:572)
	at java.base/java.net.SocksSocketImpl.connect(SocksSocketImpl.java:327)
	at java.base/java.net.Socket.connect(Socket.java:633)
	at java.base/sun.security.ssl.SSLSocketImpl.connect(SSLSocketImpl.java:304)
	at java.base/sun.net.NetworkClient.doConnect(NetworkClient.java:178)
	at java.base/sun.net.www.http.HttpClient.openServer(HttpClient.java:541)
	at java.base/sun.net.www.http.HttpClient.openServer(HttpClient.java:646)
	at java.base/sun.net.www.protocol.https.HttpsClient.<init>(HttpsClient.java:267)
	at java.base/sun.net.www.protocol.https.HttpsClient.New(HttpsClient.java:381)
	at java.base/sun.net.www.protocol.https.AbstractDelegateHttpsURLConnection.getNewHttpClient(AbstractDelegateHttpsURLConnection.java:196)
	at java.base/sun.net.www.protocol.http.HttpURLConnection.plainConnect0(HttpURLConnection.java:1265)
	at java.base/sun.net.www.protocol.http.HttpURLConnection.plainConnect(HttpURLConnection.java:1151)
	at java.base/sun.net.www.protocol.http.HttpURLConnection.connect(HttpURLConnection.java:1080)
	at java.base/sun.net.www.protocol.https.AbstractDelegateHttpsURLConnection.connect(AbstractDelegateHttpsURLConnection.java:181)
	at java.base/sun.net.www.protocol.http.HttpURLConnection.getInputStream0(HttpURLConnection.java:1719)
	at java.base/sun.net.www.protocol.http.HttpURLConnection.getInputStream(HttpURLConnection.java:1644)
	at java.base/java.net.HttpURLConnection.getResponseCode(HttpURLConnection.java:529)
	at java.base/sun.net.www.protocol.https.HttpsURLConnectionImpl.getResponseCode(HttpsURLConnectionImpl.java:308)
	at uk.co.traynor.privategallery.core.browser.v2.BrowserMediaProbe.protectedManifest$lambda$34$lambda$32(BrowserMediaProbe.kt:122)
	at uk.co.traynor.privategallery.core.security.PrimarySessionAuthority.createOwned$lambda$31(PrimarySessionAuthority.kt:194)
	at uk.co.traynor.privategallery.core.security.ReleaseReservation.construct(ReleaseReservation.kt:36)
	at uk.co.traynor.privategallery.core.security.PrimarySessionAuthority.createOwned$main(PrimarySessionAuthority.kt:193)
	at uk.co.traynor.privategallery.core.security.PrimaryOperation.createOwned(PrimarySessionAuthority.kt:361)
	at uk.co.traynor.privategallery.core.security.ScopedIoGuard.createOwned(ScopedIoGuard.kt:20)
	at uk.co.traynor.privategallery.core.browser.v2.BrowserMediaProbe.protectedManifest(BrowserMediaProbe.kt:109)
	at uk.co.traynor.privategallery.core.browser.v2.BrowserMediaProbe.protectedManifest$default(BrowserMediaProbe.kt:99)
	at uk.co.traynor.privategallery.core.browser.v2.BrowserMediaProbe.inspect(BrowserMediaProbe.kt:79)
	at uk.co.traynor.privategallery.core.browser.v2.Phase3BrowserProbeCancellationTest$cancellationWhileInputFactoryBlockedRetiresLateActualInputWithoutReading$1$job$1$1.invokeSuspend(Phase3BrowserProbeCancellationTest.kt:84)
	at kotlin.coroutines.jvm.internal.BaseContinuationImpl.resumeWith(ContinuationImpl.kt:33)
	at kotlinx.coroutines.DispatchedTask.run(DispatchedTask.kt:108)
	at kotlinx.coroutines.internal.LimitedDispatcher$Worker.run(LimitedDispatcher.kt:115)
	at kotlinx.coroutines.scheduling.TaskImpl.run(Tasks.kt:103)
	at kotlinx.coroutines.scheduling.CoroutineScheduler.runSafely(CoroutineScheduler.kt:584)
	at kotlinx.coroutines.scheduling.CoroutineScheduler$Worker.executeTask(CoroutineScheduler.kt:793)
	at kotlinx.coroutines.scheduling.CoroutineScheduler$Worker.runWorker(CoroutineScheduler.kt:697)
	at kotlinx.coroutines.scheduling.CoroutineScheduler$Worker.run(CoroutineScheduler.kt:684)
E.java.net.UnknownHostException: invalid.example
	at java.base/sun.nio.ch.NioSocketImpl.connect(NioSocketImpl.java:572)
	at java.base/java.net.SocksSocketImpl.connect(SocksSocketImpl.java:327)
	at java.base/java.net.Socket.connect(Socket.java:633)
	at java.base/sun.security.ssl.SSLSocketImpl.connect(SSLSocketImpl.java:304)
	at java.base/sun.net.NetworkClient.doConnect(NetworkClient.java:178)
	at java.base/sun.net.www.http.HttpClient.openServer(HttpClient.java:541)
	at java.base/sun.net.www.http.HttpClient.openServer(HttpClient.java:646)
	at java.base/sun.net.www.protocol.https.HttpsClient.<init>(HttpsClient.java:267)
	at java.base/sun.net.www.protocol.https.HttpsClient.New(HttpsClient.java:381)
	at java.base/sun.net.www.protocol.https.AbstractDelegateHttpsURLConnection.getNewHttpClient(AbstractDelegateHttpsURLConnection.java:196)
	at java.base/sun.net.www.protocol.http.HttpURLConnection.plainConnect0(HttpURLConnection.java:1265)
	at java.base/sun.net.www.protocol.http.HttpURLConnection.plainConnect(HttpURLConnection.java:1151)
	at java.base/sun.net.www.protocol.http.HttpURLConnection.connect(HttpURLConnection.java:1080)
	at java.base/sun.net.www.protocol.https.AbstractDelegateHttpsURLConnection.connect(AbstractDelegateHttpsURLConnection.java:181)
	at java.base/sun.net.www.protocol.http.HttpURLConnection.getInputStream0(HttpURLConnection.java:1719)
	at java.base/sun.net.www.protocol.http.HttpURLConnection.getInputStream(HttpURLConnection.java:1644)
	at java.base/java.net.HttpURLConnection.getResponseCode(HttpURLConnection.java:529)
	at java.base/sun.net.www.protocol.https.HttpsURLConnectionImpl.getResponseCode(HttpsURLConnectionImpl.java:308)
	at uk.co.traynor.privategallery.core.browser.v2.BrowserMediaProbe.protectedManifest$lambda$34$lambda$32(BrowserMediaProbe.kt:122)
	at uk.co.traynor.privategallery.core.security.PrimarySessionAuthority.createOwned$lambda$31(PrimarySessionAuthority.kt:194)
	at uk.co.traynor.privategallery.core.security.ReleaseReservation.construct(ReleaseReservation.kt:36)
	at uk.co.traynor.privategallery.core.security.PrimarySessionAuthority.createOwned$main(PrimarySessionAuthority.kt:193)
	at uk.co.traynor.privategallery.core.security.PrimaryOperation.createOwned(PrimarySessionAuthority.kt:361)
	at uk.co.traynor.privategallery.core.security.ScopedIoGuard.createOwned(ScopedIoGuard.kt:20)
	at uk.co.traynor.privategallery.core.browser.v2.BrowserMediaProbe.protectedManifest(BrowserMediaProbe.kt:109)
	at uk.co.traynor.privategallery.core.browser.v2.BrowserMediaProbe.protectedManifest$default(BrowserMediaProbe.kt:99)
	at uk.co.traynor.privategallery.core.browser.v2.BrowserMediaProbe.inspect(BrowserMediaProbe.kt:79)
	at uk.co.traynor.privategallery.core.browser.v2.Phase3BrowserProbeCancellationTest$blockedRead$1$job$1$1.invokeSuspend(Phase3BrowserProbeCancellationTest.kt:41)
	at kotlin.coroutines.jvm.internal.BaseContinuationImpl.resumeWith(ContinuationImpl.kt:33)
	at kotlinx.coroutines.DispatchedTask.run(DispatchedTask.kt:108)
	at kotlinx.coroutines.internal.LimitedDispatcher$Worker.run(LimitedDispatcher.kt:115)
	at kotlinx.coroutines.scheduling.TaskImpl.run(Tasks.kt:103)
	at kotlinx.coroutines.scheduling.CoroutineScheduler.runSafely(CoroutineScheduler.kt:584)
	at kotlinx.coroutines.scheduling.CoroutineScheduler$Worker.executeTask(CoroutineScheduler.kt:793)
	at kotlinx.coroutines.scheduling.CoroutineScheduler$Worker.runWorker(CoroutineScheduler.kt:697)
	at kotlinx.coroutines.scheduling.CoroutineScheduler$Worker.run(CoroutineScheduler.kt:684)
E.java.net.UnknownHostException: invalid.example
	at java.base/sun.nio.ch.NioSocketImpl.connect(NioSocketImpl.java:572)
	at java.base/java.net.SocksSocketImpl.connect(SocksSocketImpl.java:327)
	at java.base/java.net.Socket.connect(Socket.java:633)
	at java.base/sun.security.ssl.SSLSocketImpl.connect(SSLSocketImpl.java:304)
	at java.base/sun.net.NetworkClient.doConnect(NetworkClient.java:178)
	at java.base/sun.net.www.http.HttpClient.openServer(HttpClient.java:541)
	at java.base/sun.net.www.http.HttpClient.openServer(HttpClient.java:646)
	at java.base/sun.net.www.protocol.https.HttpsClient.<init>(HttpsClient.java:267)
	at java.base/sun.net.www.protocol.https.HttpsClient.New(HttpsClient.java:381)
	at java.base/sun.net.www.protocol.https.AbstractDelegateHttpsURLConnection.getNewHttpClient(AbstractDelegateHttpsURLConnection.java:196)
	at java.base/sun.net.www.protocol.http.HttpURLConnection.plainConnect0(HttpURLConnection.java:1265)
	at java.base/sun.net.www.protocol.http.HttpURLConnection.plainConnect(HttpURLConnection.java:1151)
	at java.base/sun.net.www.protocol.http.HttpURLConnection.connect(HttpURLConnection.java:1080)
	at java.base/sun.net.www.protocol.https.AbstractDelegateHttpsURLConnection.connect(AbstractDelegateHttpsURLConnection.java:181)
	at java.base/sun.net.www.protocol.http.HttpURLConnection.getInputStream0(HttpURLConnection.java:1719)
	at java.base/sun.net.www.protocol.http.HttpURLConnection.getInputStream(HttpURLConnection.java:1644)
	at java.base/java.net.HttpURLConnection.getResponseCode(HttpURLConnection.java:529)
	at java.base/sun.net.www.protocol.https.HttpsURLConnectionImpl.getResponseCode(HttpsURLConnectionImpl.java:308)
	at uk.co.traynor.privategallery.core.browser.v2.BrowserMediaProbe.protectedManifest$lambda$34$lambda$32(BrowserMediaProbe.kt:122)
	at uk.co.traynor.privategallery.core.security.PrimarySessionAuthority.createOwned$lambda$31(PrimarySessionAuthority.kt:194)
	at uk.co.traynor.privategallery.core.security.ReleaseReservation.construct(ReleaseReservation.kt:36)
	at uk.co.traynor.privategallery.core.security.PrimarySessionAuthority.createOwned$main(PrimarySessionAuthority.kt:193)
	at uk.co.traynor.privategallery.core.security.PrimaryOperation.createOwned(PrimarySessionAuthority.kt:361)
	at uk.co.traynor.privategallery.core.security.ScopedIoGuard.createOwned(ScopedIoGuard.kt:20)
	at uk.co.traynor.privategallery.core.browser.v2.BrowserMediaProbe.protectedManifest(BrowserMediaProbe.kt:109)
	at uk.co.traynor.privategallery.core.browser.v2.BrowserMediaProbe.protectedManifest$default(BrowserMediaProbe.kt:99)
	at uk.co.traynor.privategallery.core.browser.v2.BrowserMediaProbe.inspect(BrowserMediaProbe.kt:79)
	at uk.co.traynor.privategallery.core.browser.v2.Phase3BrowserProbeCancellationTest$blockedRead$1$job$1$1.invokeSuspend(Phase3BrowserProbeCancellationTest.kt:41)
	at kotlin.coroutines.jvm.internal.BaseContinuationImpl.resumeWith(ContinuationImpl.kt:33)
	at kotlinx.coroutines.DispatchedTask.run(DispatchedTask.kt:108)
	at kotlinx.coroutines.internal.LimitedDispatcher$Worker.run(LimitedDispatcher.kt:115)
	at kotlinx.coroutines.scheduling.TaskImpl.run(Tasks.kt:103)
	at kotlinx.coroutines.scheduling.CoroutineScheduler.runSafely(CoroutineScheduler.kt:584)
	at kotlinx.coroutines.scheduling.CoroutineScheduler$Worker.executeTask(CoroutineScheduler.kt:793)
	at kotlinx.coroutines.scheduling.CoroutineScheduler$Worker.runWorker(CoroutineScheduler.kt:697)
	at kotlinx.coroutines.scheduling.CoroutineScheduler$Worker.run(CoroutineScheduler.kt:684)
E
Time: 20.117
There were 4 failures:
1) rootCancelChildrenDispatchesIndependentManifestUnblockersBeforeJobReturns(uk.co.traynor.privategallery.core.browser.v2.Phase3BrowserProbeCancellationTest)
java.lang.AssertionError
	at org.junit.Assert.fail(Assert.java:87)
	at org.junit.Assert.assertTrue(Assert.java:42)
	at org.junit.Assert.assertTrue(Assert.java:53)
	at uk.co.traynor.privategallery.core.browser.v2.Phase3BrowserProbeCancellationTest.blockedRead$lambda$6(Phase3BrowserProbeCancellationTest.kt:45)
	at uk.co.traynor.privategallery.core.browser.v2.Phase3BrowserProbeCancellationTest.isolated(Phase3BrowserProbeCancellationTest.kt:112)
	at uk.co.traynor.privategallery.core.browser.v2.Phase3BrowserProbeCancellationTest.blockedRead(Phase3BrowserProbeCancellationTest.kt:21)
	at uk.co.traynor.privategallery.core.browser.v2.Phase3BrowserProbeCancellationTest.rootCancelChildrenDispatchesIndependentManifestUnblockersBeforeJobReturns(Phase3BrowserProbeCancellationTest.kt:18)
2) cancellationWhileInputFactoryBlockedRetiresLateActualInputWithoutReading(uk.co.traynor.privategallery.core.browser.v2.Phase3BrowserProbeCancellationTest)
java.lang.AssertionError
	at org.junit.Assert.fail(Assert.java:87)
	at org.junit.Assert.assertTrue(Assert.java:42)
	at org.junit.Assert.assertTrue(Assert.java:53)
	at uk.co.traynor.privategallery.core.browser.v2.Phase3BrowserProbeCancellationTest.cancellationWhileInputFactoryBlockedRetiresLateActualInputWithoutReading$lambda$10(Phase3BrowserProbeCancellationTest.kt:87)
	at uk.co.traynor.privategallery.core.browser.v2.Phase3BrowserProbeCancellationTest.isolated(Phase3BrowserProbeCancellationTest.kt:112)
	at uk.co.traynor.privategallery.core.browser.v2.Phase3BrowserProbeCancellationTest.cancellationWhileInputFactoryBlockedRetiresLateActualInputWithoutReading(Phase3BrowserProbeCancellationTest.kt:72)
3) directCancellationDispatchesIndependentManifestUnblockersBeforeJobReturns(uk.co.traynor.privategallery.core.browser.v2.Phase3BrowserProbeCancellationTest)
java.lang.AssertionError
	at org.junit.Assert.fail(Assert.java:87)
	at org.junit.Assert.assertTrue(Assert.java:42)
	at org.junit.Assert.assertTrue(Assert.java:53)
	at uk.co.traynor.privategallery.core.browser.v2.Phase3BrowserProbeCancellationTest.blockedRead$lambda$6(Phase3BrowserProbeCancellationTest.kt:45)
	at uk.co.traynor.privategallery.core.browser.v2.Phase3BrowserProbeCancellationTest.isolated(Phase3BrowserProbeCancellationTest.kt:112)
	at uk.co.traynor.privategallery.core.browser.v2.Phase3BrowserProbeCancellationTest.blockedRead(Phase3BrowserProbeCancellationTest.kt:21)
	at uk.co.traynor.privategallery.core.browser.v2.Phase3BrowserProbeCancellationTest.directCancellationDispatchesIndependentManifestUnblockersBeforeJobReturns(Phase3BrowserProbeCancellationTest.kt:17)
4) failedNativeCloseKeepsOriginalBarrierAfterCancelledJobReturns(uk.co.traynor.privategallery.core.browser.v2.Phase3BrowserProbeCancellationTest)
java.lang.AssertionError
	at org.junit.Assert.fail(Assert.java:87)
	at org.junit.Assert.assertTrue(Assert.java:42)
	at org.junit.Assert.assertTrue(Assert.java:53)
	at uk.co.traynor.privategallery.core.browser.v2.Phase3BrowserProbeCancellationTest.blockedRead$lambda$6(Phase3BrowserProbeCancellationTest.kt:45)
	at uk.co.traynor.privategallery.core.browser.v2.Phase3BrowserProbeCancellationTest.isolated(Phase3BrowserProbeCancellationTest.kt:112)
	at uk.co.traynor.privategallery.core.browser.v2.Phase3BrowserProbeCancellationTest.blockedRead(Phase3BrowserProbeCancellationTest.kt:21)
	at uk.co.traynor.privategallery.core.browser.v2.Phase3BrowserProbeCancellationTest.failedNativeCloseKeepsOriginalBarrierAfterCancelledJobReturns(Phase3BrowserProbeCancellationTest.kt:19)

FAILURES!!!
Tests run: 4,  Failures: 4

