app/src/main/java/uk/co/traynor/privategallery/core/security/PrimarySessionAuthority.kt:15:25: warning: non-public primary constructor is exposed via the generated 'copy()' method of the 'data' class.

The generated 'copy()' will change its visibility in future releases.

To suppress the warning do one of the following:
- Annotate the data class with the '@ConsistentCopyVisibility' annotation.
- Use the '-Xconsistent-data-class-copy-visibility' compiler flag.
- Annotate the data class with the '@ExposedCopyVisibility' annotation 
  (Discouraged, but can be used to keep binary compatibility).

To learn more, see the documentation of the '@ConsistentCopyVisibility' and '@ExposedCopyVisibility' annotations.

This will become an error in Kotlin 2.1.
data class SessionEpoch internal constructor(val value: UUID)
                        ^^^^^^^^
app/src/main/java/uk/co/traynor/privategallery/core/security/PrimarySessionAuthority.kt:16:24: warning: non-public primary constructor is exposed via the generated 'copy()' method of the 'data' class.

The generated 'copy()' will change its visibility in future releases.

To suppress the warning do one of the following:
- Annotate the data class with the '@ConsistentCopyVisibility' annotation.
- Use the '-Xconsistent-data-class-copy-visibility' compiler flag.
- Annotate the data class with the '@ExposedCopyVisibility' annotation 
  (Discouraged, but can be used to keep binary compatibility).

To learn more, see the documentation of the '@ConsistentCopyVisibility' and '@ExposedCopyVisibility' annotations.

This will become an error in Kotlin 2.1.
data class OperationId internal constructor(val value: UUID)
                       ^^^^^^^^
app/src/main/java/uk/co/traynor/privategallery/core/security/PrimarySessionAuthority.kt:17:29: warning: non-public primary constructor is exposed via the generated 'copy()' method of the 'data' class.

The generated 'copy()' will change its visibility in future releases.

To suppress the warning do one of the following:
- Annotate the data class with the '@ConsistentCopyVisibility' annotation.
- Use the '-Xconsistent-data-class-copy-visibility' compiler flag.
- Annotate the data class with the '@ExposedCopyVisibility' annotation 
  (Discouraged, but can be used to keep binary compatibility).

To learn more, see the documentation of the '@ConsistentCopyVisibility' and '@ExposedCopyVisibility' annotations.

This will become an error in Kotlin 2.1.
data class ScopedItemHandle internal constructor(
                            ^^^^^^^^
app/src/main/java/uk/co/traynor/privategallery/core/security/PrimarySessionAuthority.kt:23:35: warning: non-public primary constructor is exposed via the generated 'copy()' method of the 'data' class.

The generated 'copy()' will change its visibility in future releases.

To suppress the warning do one of the following:
- Annotate the data class with the '@ConsistentCopyVisibility' annotation.
- Use the '-Xconsistent-data-class-copy-visibility' compiler flag.
- Annotate the data class with the '@ExposedCopyVisibility' annotation 
  (Discouraged, but can be used to keep binary compatibility).

To learn more, see the documentation of the '@ConsistentCopyVisibility' and '@ExposedCopyVisibility' annotations.

This will become an error in Kotlin 2.1.
data class ScopedCollectionHandle internal constructor(
                                  ^^^^^^^^
app/src/main/java/uk/co/traynor/privategallery/core/security/PrimarySessionAuthority.kt:29:32: warning: non-public primary constructor is exposed via the generated 'copy()' method of the 'data' class.

The generated 'copy()' will change its visibility in future releases.

To suppress the warning do one of the following:
- Annotate the data class with the '@ConsistentCopyVisibility' annotation.
- Use the '-Xconsistent-data-class-copy-visibility' compiler flag.
- Annotate the data class with the '@ExposedCopyVisibility' annotation 
  (Discouraged, but can be used to keep binary compatibility).

To learn more, see the documentation of the '@ConsistentCopyVisibility' and '@ExposedCopyVisibility' annotations.

This will become an error in Kotlin 2.1.
data class ScopedCacheIdentity internal constructor(
                               ^^^^^^^^
.E.E.E.E.E.E
Time: 5.101
There were 6 failures:
1) inputCreationFailureDisposesOriginalTransportBeforeReturningFailure(uk.co.traynor.privategallery.core.browser.v2.Phase3DownloadOwnershipTest)
java.lang.AssertionError: expected:<1> but was:<0>
	at org.junit.Assert.fail(Assert.java:89)
	at org.junit.Assert.failNotEquals(Assert.java:835)
	at org.junit.Assert.assertEquals(Assert.java:120)
	at org.junit.Assert.assertEquals(Assert.java:146)
	at uk.co.traynor.privategallery.core.browser.v2.Phase3DownloadOwnershipTest.inputCreationFailureDisposesOriginalTransportBeforeReturningFailure$lambda$11(Phase3DownloadOwnershipTest.kt:36)
	at uk.co.traynor.privategallery.core.browser.v2.Phase3DownloadOwnershipTest.isolated(Phase3DownloadOwnershipTest.kt:72)
	at uk.co.traynor.privategallery.core.browser.v2.Phase3DownloadOwnershipTest.inputCreationFailureDisposesOriginalTransportBeforeReturningFailure(Phase3DownloadOwnershipTest.kt:34)
2) failedNativeDisconnectCannotBecomeSuccessfulConsumptionOrNewAdmission(uk.co.traynor.privategallery.core.browser.v2.Phase3DownloadOwnershipTest)
java.lang.AssertionError: expected java.io.IOException to be thrown, but nothing was thrown
	at org.junit.Assert.assertThrows(Assert.java:1028)
	at org.junit.Assert.assertThrows(Assert.java:981)
	at uk.co.traynor.privategallery.core.browser.v2.Phase3DownloadOwnershipTest.failedNativeDisconnectCannotBecomeSuccessfulConsumptionOrNewAdmission$lambda$15(Phase3DownloadOwnershipTest.kt:52)
	at uk.co.traynor.privategallery.core.browser.v2.Phase3DownloadOwnershipTest.isolated(Phase3DownloadOwnershipTest.kt:72)
	at uk.co.traynor.privategallery.core.browser.v2.Phase3DownloadOwnershipTest.failedNativeDisconnectCannotBecomeSuccessfulConsumptionOrNewAdmission(Phase3DownloadOwnershipTest.kt:49)
3) normalImageConsumptionRetiresOriginalNativeTransportExactlyOnce(uk.co.traynor.privategallery.core.browser.v2.Phase3DownloadOwnershipTest)
java.lang.AssertionError: expected:<1> but was:<0>
	at org.junit.Assert.fail(Assert.java:89)
	at org.junit.Assert.failNotEquals(Assert.java:835)
	at org.junit.Assert.assertEquals(Assert.java:120)
	at org.junit.Assert.assertEquals(Assert.java:146)
	at uk.co.traynor.privategallery.core.browser.v2.Phase3DownloadOwnershipTest.normalImageConsumptionRetiresOriginalNativeTransportExactlyOnce$lambda$1(Phase3DownloadOwnershipTest.kt:19)
	at uk.co.traynor.privategallery.core.browser.v2.Phase3DownloadOwnershipTest.isolated(Phase3DownloadOwnershipTest.kt:72)
	at uk.co.traynor.privategallery.core.browser.v2.Phase3DownloadOwnershipTest.normalImageConsumptionRetiresOriginalNativeTransportExactlyOnce(Phase3DownloadOwnershipTest.kt:16)
4) actualStreamCloseGetsIndependentTransportUnblocker(uk.co.traynor.privategallery.core.browser.v2.Phase3DownloadOwnershipTest)
java.io.IOException: Original protected stream release failed
	at uk.co.traynor.privategallery.core.security.ScopedIoGuard.retire$main(ScopedIoGuard.kt:85)
	at uk.co.traynor.privategallery.core.security.ScopedIoGuard$input$1.close(ScopedIoGuard.kt:40)
	at uk.co.traynor.privategallery.core.browser.v2.Phase3DownloadOwnershipTest.actualStreamCloseGetsIndependentTransportUnblocker$lambda$12(Phase3DownloadOwnershipTest.kt:46)
	at uk.co.traynor.privategallery.core.browser.v2.Phase3DownloadOwnershipTest.isolated(Phase3DownloadOwnershipTest.kt:72)
	at uk.co.traynor.privategallery.core.browser.v2.Phase3DownloadOwnershipTest.actualStreamCloseGetsIndependentTransportUnblocker(Phase3DownloadOwnershipTest.kt:38)
5) exhaustedDownloadAdmissionDoesNotInvokeNativeFactory(uk.co.traynor.privategallery.core.browser.v2.Phase3DownloadOwnershipTest)
java.lang.AssertionError: expected:<0> but was:<1>
	at org.junit.Assert.fail(Assert.java:89)
	at org.junit.Assert.failNotEquals(Assert.java:835)
	at org.junit.Assert.assertEquals(Assert.java:120)
	at org.junit.Assert.assertEquals(Assert.java:146)
	at uk.co.traynor.privategallery.core.browser.v2.Phase3DownloadOwnershipTest.exhaustedDownloadAdmissionDoesNotInvokeNativeFactory$lambda$7(Phase3DownloadOwnershipTest.kt:26)
	at uk.co.traynor.privategallery.core.browser.v2.Phase3DownloadOwnershipTest.isolated(Phase3DownloadOwnershipTest.kt:72)
	at uk.co.traynor.privategallery.core.browser.v2.Phase3DownloadOwnershipTest.exhaustedDownloadAdmissionDoesNotInvokeNativeFactory(Phase3DownloadOwnershipTest.kt:22)
6) rejectedHeadersDisposeOriginalTransportBeforeReturningFailure(uk.co.traynor.privategallery.core.browser.v2.Phase3DownloadOwnershipTest)
java.lang.AssertionError: expected:<1> but was:<0>
	at org.junit.Assert.fail(Assert.java:89)
	at org.junit.Assert.failNotEquals(Assert.java:835)
	at org.junit.Assert.assertEquals(Assert.java:120)
	at org.junit.Assert.assertEquals(Assert.java:146)
	at uk.co.traynor.privategallery.core.browser.v2.Phase3DownloadOwnershipTest.rejectedHeadersDisposeOriginalTransportBeforeReturningFailure$lambda$9(Phase3DownloadOwnershipTest.kt:32)
	at uk.co.traynor.privategallery.core.browser.v2.Phase3DownloadOwnershipTest.isolated(Phase3DownloadOwnershipTest.kt:72)
	at uk.co.traynor.privategallery.core.browser.v2.Phase3DownloadOwnershipTest.rejectedHeadersDisposeOriginalTransportBeforeReturningFailure(Phase3DownloadOwnershipTest.kt:29)

FAILURES!!!
Tests run: 6,  Failures: 6

