app/src/main/java/uk/co/traynor/privategallery/core/security/PrimarySessionAuthority.kt:15:25: warning: non-public primary constructor is exposed via the generated 'copy()' method of the 'data' class.

The generated 'copy()' will change its visibility in future releases.

To suppress the warning do one of the following:
- Annotate the data class with the '@ConsistentCopyVisibility' annotation.
- Use the '-Xconsistent-data-class-copy-visibility' compiler flag.
- Annotate the data class with the '@ExposedCopyVisibility' annotation 
  (Discouraged, but can be used to keep binary compatibility).

To learn more, see the documentation of the '@ConsistentCopyVisibility' and '@ExposedCopyVisibility' annotations.

This will become an error in Kotlin 2.1.
data class SessionEpoch internal constructor(val value: UUID)
                        ^^^^^^^^
app/src/main/java/uk/co/traynor/privategallery/core/security/PrimarySessionAuthority.kt:16:24: warning: non-public primary constructor is exposed via the generated 'copy()' method of the 'data' class.

The generated 'copy()' will change its visibility in future releases.

To suppress the warning do one of the following:
- Annotate the data class with the '@ConsistentCopyVisibility' annotation.
- Use the '-Xconsistent-data-class-copy-visibility' compiler flag.
- Annotate the data class with the '@ExposedCopyVisibility' annotation 
  (Discouraged, but can be used to keep binary compatibility).

To learn more, see the documentation of the '@ConsistentCopyVisibility' and '@ExposedCopyVisibility' annotations.

This will become an error in Kotlin 2.1.
data class OperationId internal constructor(val value: UUID)
                       ^^^^^^^^
app/src/main/java/uk/co/traynor/privategallery/core/security/PrimarySessionAuthority.kt:17:29: warning: non-public primary constructor is exposed via the generated 'copy()' method of the 'data' class.

The generated 'copy()' will change its visibility in future releases.

To suppress the warning do one of the following:
- Annotate the data class with the '@ConsistentCopyVisibility' annotation.
- Use the '-Xconsistent-data-class-copy-visibility' compiler flag.
- Annotate the data class with the '@ExposedCopyVisibility' annotation 
  (Discouraged, but can be used to keep binary compatibility).

To learn more, see the documentation of the '@ConsistentCopyVisibility' and '@ExposedCopyVisibility' annotations.

This will become an error in Kotlin 2.1.
data class ScopedItemHandle internal constructor(
                            ^^^^^^^^
app/src/main/java/uk/co/traynor/privategallery/core/security/PrimarySessionAuthority.kt:23:35: warning: non-public primary constructor is exposed via the generated 'copy()' method of the 'data' class.

The generated 'copy()' will change its visibility in future releases.

To suppress the warning do one of the following:
- Annotate the data class with the '@ConsistentCopyVisibility' annotation.
- Use the '-Xconsistent-data-class-copy-visibility' compiler flag.
- Annotate the data class with the '@ExposedCopyVisibility' annotation 
  (Discouraged, but can be used to keep binary compatibility).

To learn more, see the documentation of the '@ConsistentCopyVisibility' and '@ExposedCopyVisibility' annotations.

This will become an error in Kotlin 2.1.
data class ScopedCollectionHandle internal constructor(
                                  ^^^^^^^^
app/src/main/java/uk/co/traynor/privategallery/core/security/PrimarySessionAuthority.kt:29:32: warning: non-public primary constructor is exposed via the generated 'copy()' method of the 'data' class.

The generated 'copy()' will change its visibility in future releases.

To suppress the warning do one of the following:
- Annotate the data class with the '@ConsistentCopyVisibility' annotation.
- Use the '-Xconsistent-data-class-copy-visibility' compiler flag.
- Annotate the data class with the '@ExposedCopyVisibility' annotation 
  (Discouraged, but can be used to keep binary compatibility).

To learn more, see the documentation of the '@ConsistentCopyVisibility' and '@ExposedCopyVisibility' annotations.

This will become an error in Kotlin 2.1.
data class ScopedCacheIdentity internal constructor(
                               ^^^^^^^^
.....E.......
Time: 1.128
There was 1 failure:
1) productionNetworkImportAdmissionSupportsImageAndDownloadSourceCallbacks(uk.co.traynor.privategallery.core.browser.v2.Phase3DownloadOwnershipTest)
java.lang.IllegalStateException: Primary capability unavailable
	at uk.co.traynor.privategallery.core.security.PrimaryOperation.requireScope$lambda$13(PrimarySessionAuthority.kt:387)
	at uk.co.traynor.privategallery.core.security.PrimarySessionAuthority.authorized$main(PrimarySessionAuthority.kt:131)
	at uk.co.traynor.privategallery.core.security.PrimaryOperation.commit(PrimarySessionAuthority.kt:354)
	at uk.co.traynor.privategallery.core.security.PrimaryOperation.requireScope(PrimarySessionAuthority.kt:386)
	at uk.co.traynor.privategallery.core.security.ScopedIoGuard.requireScope(ScopedIoGuard.kt:15)
	at uk.co.traynor.privategallery.core.browser.v2.BrowserDownloadSourcesKt.browserV2ImageSource$lambda$20(BrowserDownloadSources.kt:60)
	at uk.co.traynor.privategallery.core.browser.v2.Phase3DownloadOwnershipTest.productionNetworkImportAdmissionSupportsImageAndDownloadSourceCallbacks$lambda$29(Phase3DownloadOwnershipTest.kt:93)
	at uk.co.traynor.privategallery.core.browser.v2.Phase3DownloadOwnershipTest.isolated(Phase3DownloadOwnershipTest.kt:123)
	at uk.co.traynor.privategallery.core.browser.v2.Phase3DownloadOwnershipTest.productionNetworkImportAdmissionSupportsImageAndDownloadSourceCallbacks(Phase3DownloadOwnershipTest.kt:89)

FAILURES!!!
Tests run: 12,  Failures: 1

