app/src/main/java/uk/co/traynor/privategallery/core/security/PrimarySessionAuthority.kt:15:25: warning: non-public primary constructor is exposed via the generated 'copy()' method of the 'data' class.

The generated 'copy()' will change its visibility in future releases.

To suppress the warning do one of the following:
- Annotate the data class with the '@ConsistentCopyVisibility' annotation.
- Use the '-Xconsistent-data-class-copy-visibility' compiler flag.
- Annotate the data class with the '@ExposedCopyVisibility' annotation 
  (Discouraged, but can be used to keep binary compatibility).

To learn more, see the documentation of the '@ConsistentCopyVisibility' and '@ExposedCopyVisibility' annotations.

This will become an error in Kotlin 2.1.
data class SessionEpoch internal constructor(val value: UUID)
                        ^^^^^^^^
app/src/main/java/uk/co/traynor/privategallery/core/security/PrimarySessionAuthority.kt:16:24: warning: non-public primary constructor is exposed via the generated 'copy()' method of the 'data' class.

The generated 'copy()' will change its visibility in future releases.

To suppress the warning do one of the following:
- Annotate the data class with the '@ConsistentCopyVisibility' annotation.
- Use the '-Xconsistent-data-class-copy-visibility' compiler flag.
- Annotate the data class with the '@ExposedCopyVisibility' annotation 
  (Discouraged, but can be used to keep binary compatibility).

To learn more, see the documentation of the '@ConsistentCopyVisibility' and '@ExposedCopyVisibility' annotations.

This will become an error in Kotlin 2.1.
data class OperationId internal constructor(val value: UUID)
                       ^^^^^^^^
app/src/main/java/uk/co/traynor/privategallery/core/security/PrimarySessionAuthority.kt:17:29: warning: non-public primary constructor is exposed via the generated 'copy()' method of the 'data' class.

The generated 'copy()' will change its visibility in future releases.

To suppress the warning do one of the following:
- Annotate the data class with the '@ConsistentCopyVisibility' annotation.
- Use the '-Xconsistent-data-class-copy-visibility' compiler flag.
- Annotate the data class with the '@ExposedCopyVisibility' annotation 
  (Discouraged, but can be used to keep binary compatibility).

To learn more, see the documentation of the '@ConsistentCopyVisibility' and '@ExposedCopyVisibility' annotations.

This will become an error in Kotlin 2.1.
data class ScopedItemHandle internal constructor(
                            ^^^^^^^^
app/src/main/java/uk/co/traynor/privategallery/core/security/PrimarySessionAuthority.kt:23:35: warning: non-public primary constructor is exposed via the generated 'copy()' method of the 'data' class.

The generated 'copy()' will change its visibility in future releases.

To suppress the warning do one of the following:
- Annotate the data class with the '@ConsistentCopyVisibility' annotation.
- Use the '-Xconsistent-data-class-copy-visibility' compiler flag.
- Annotate the data class with the '@ExposedCopyVisibility' annotation 
  (Discouraged, but can be used to keep binary compatibility).

To learn more, see the documentation of the '@ConsistentCopyVisibility' and '@ExposedCopyVisibility' annotations.

This will become an error in Kotlin 2.1.
data class ScopedCollectionHandle internal constructor(
                                  ^^^^^^^^
app/src/main/java/uk/co/traynor/privategallery/core/security/PrimarySessionAuthority.kt:29:32: warning: non-public primary constructor is exposed via the generated 'copy()' method of the 'data' class.

The generated 'copy()' will change its visibility in future releases.

To suppress the warning do one of the following:
- Annotate the data class with the '@ConsistentCopyVisibility' annotation.
- Use the '-Xconsistent-data-class-copy-visibility' compiler flag.
- Annotate the data class with the '@ExposedCopyVisibility' annotation 
  (Discouraged, but can be used to keep binary compatibility).

To learn more, see the documentation of the '@ConsistentCopyVisibility' and '@ExposedCopyVisibility' annotations.

This will become an error in Kotlin 2.1.
data class ScopedCacheIdentity internal constructor(
                               ^^^^^^^^
.E.E.E.E
Time: 1.116
There were 4 failures:
1) blockedMetadataNativeReturnPreventsManifestFactoryUntilOriginalTerminalReturn(uk.co.traynor.privategallery.core.browser.v2.Phase3ProbePhaseRetirementTest)
java.lang.AssertionError: manifest must not exist before metadata native return expected:<1> but was:<2>
	at org.junit.Assert.fail(Assert.java:89)
	at org.junit.Assert.failNotEquals(Assert.java:835)
	at org.junit.Assert.assertEquals(Assert.java:120)
	at uk.co.traynor.privategallery.core.browser.v2.Phase3ProbePhaseRetirementTest.blockedMetadataNativeReturnPreventsManifestFactoryUntilOriginalTerminalReturn$lambda$11(Phase3ProbePhaseRetirementTest.kt:37)
	at uk.co.traynor.privategallery.core.browser.v2.Phase3ProbePhaseRetirementTest.isolated(Phase3ProbePhaseRetirementTest.kt:73)
	at uk.co.traynor.privategallery.core.browser.v2.Phase3ProbePhaseRetirementTest.blockedMetadataNativeReturnPreventsManifestFactoryUntilOriginalTerminalReturn(Phase3ProbePhaseRetirementTest.kt:27)
2) failedMetadataDisconnectDeniesBeforeAnyManifestNativeFactory(uk.co.traynor.privategallery.core.browser.v2.Phase3ProbePhaseRetirementTest)
java.lang.AssertionError: expected:<1> but was:<2>
	at org.junit.Assert.fail(Assert.java:89)
	at org.junit.Assert.failNotEquals(Assert.java:835)
	at org.junit.Assert.assertEquals(Assert.java:120)
	at org.junit.Assert.assertEquals(Assert.java:146)
	at uk.co.traynor.privategallery.core.browser.v2.Phase3ProbePhaseRetirementTest.failedMetadataDisconnectDeniesBeforeAnyManifestNativeFactory$lambda$15(Phase3ProbePhaseRetirementTest.kt:48)
	at uk.co.traynor.privategallery.core.browser.v2.Phase3ProbePhaseRetirementTest.isolated(Phase3ProbePhaseRetirementTest.kt:73)
	at uk.co.traynor.privategallery.core.browser.v2.Phase3ProbePhaseRetirementTest.failedMetadataDisconnectDeniesBeforeAnyManifestNativeFactory(Phase3ProbePhaseRetirementTest.kt:45)
3) metadataDisconnectRevocationDeniesBeforeAnyManifestFactory(uk.co.traynor.privategallery.core.browser.v2.Phase3ProbePhaseRetirementTest)
java.lang.AssertionError: expected:<1> but was:<2>
	at org.junit.Assert.fail(Assert.java:89)
	at org.junit.Assert.failNotEquals(Assert.java:835)
	at org.junit.Assert.assertEquals(Assert.java:120)
	at org.junit.Assert.assertEquals(Assert.java:146)
	at uk.co.traynor.privategallery.core.browser.v2.Phase3ProbePhaseRetirementTest.metadataDisconnectRevocationDeniesBeforeAnyManifestFactory$lambda$18(Phase3ProbePhaseRetirementTest.kt:56)
	at uk.co.traynor.privategallery.core.browser.v2.Phase3ProbePhaseRetirementTest.isolated(Phase3ProbePhaseRetirementTest.kt:73)
	at uk.co.traynor.privategallery.core.browser.v2.Phase3ProbePhaseRetirementTest.metadataDisconnectRevocationDeniesBeforeAnyManifestFactory(Phase3ProbePhaseRetirementTest.kt:53)
4) onlyThreeFreeSlotsSupportAcknowledgedSequentialMetadataAndManifestPhases(uk.co.traynor.privategallery.core.browser.v2.Phase3ProbePhaseRetirementTest)
java.lang.AssertionError: expected:<STREAM> but was:<UNSUPPORTED>
	at org.junit.Assert.fail(Assert.java:89)
	at org.junit.Assert.failNotEquals(Assert.java:835)
	at org.junit.Assert.assertEquals(Assert.java:120)
	at org.junit.Assert.assertEquals(Assert.java:146)
	at uk.co.traynor.privategallery.core.browser.v2.Phase3ProbePhaseRetirementTest.onlyThreeFreeSlotsSupportAcknowledgedSequentialMetadataAndManifestPhases$lambda$6(Phase3ProbePhaseRetirementTest.kt:22)
	at uk.co.traynor.privategallery.core.browser.v2.Phase3ProbePhaseRetirementTest.isolated(Phase3ProbePhaseRetirementTest.kt:73)
	at uk.co.traynor.privategallery.core.browser.v2.Phase3ProbePhaseRetirementTest.onlyThreeFreeSlotsSupportAcknowledgedSequentialMetadataAndManifestPhases(Phase3ProbePhaseRetirementTest.kt:17)

FAILURES!!!
Tests run: 4,  Failures: 4

