To honour the JVM settings for this build a single-use Daemon process will be forked. For more on this, please refer to https://docs.gradle.org/8.10.2/userguide/gradle_daemon.html#sec:disabling_the_daemon in the Gradle documentation.
Daemon will be stopped at the end of the build 
> Task :app:checkKotlinGradlePluginConfigurationErrors SKIPPED
> Task :app:preBuild UP-TO-DATE
> Task :app:prePhase0EvidenceBuild UP-TO-DATE
> Task :app:generatePhase0EvidenceBuildConfig UP-TO-DATE
> Task :app:checkPhase0EvidenceAarMetadata UP-TO-DATE
> Task :app:generatePhase0EvidenceResValues UP-TO-DATE
> Task :app:mapPhase0EvidenceSourceSetPaths UP-TO-DATE
> Task :app:generatePhase0EvidenceResources UP-TO-DATE
> Task :app:mergePhase0EvidenceResources UP-TO-DATE
> Task :app:packagePhase0EvidenceResources UP-TO-DATE
> Task :app:parsePhase0EvidenceLocalResources UP-TO-DATE
> Task :app:createPhase0EvidenceCompatibleScreenManifests UP-TO-DATE
> Task :app:extractDeepLinksPhase0Evidence UP-TO-DATE
> Task :app:processPhase0EvidenceMainManifest UP-TO-DATE
> Task :app:processPhase0EvidenceManifest UP-TO-DATE
> Task :app:processPhase0EvidenceManifestForPackage UP-TO-DATE
> Task :app:processPhase0EvidenceResources UP-TO-DATE
> Task :app:compilePhase0EvidenceKotlin UP-TO-DATE
> Task :app:javaPreCompilePhase0Evidence UP-TO-DATE
> Task :app:compilePhase0EvidenceJavaWithJavac UP-TO-DATE
> Task :app:bundlePhase0EvidenceClassesToRuntimeJar UP-TO-DATE
> Task :app:bundlePhase0EvidenceClassesToCompileJar UP-TO-DATE
> Task :app:compilePhase0EvidenceUnitTestKotlin UP-TO-DATE
> Task :app:prePhase0EvidenceUnitTestBuild UP-TO-DATE
> Task :app:javaPreCompilePhase0EvidenceUnitTest UP-TO-DATE
> Task :app:compilePhase0EvidenceUnitTestJavaWithJavac NO-SOURCE
> Task :app:processPhase0EvidenceJavaRes UP-TO-DATE
> Task :app:processPhase0EvidenceUnitTestJavaRes UP-TO-DATE
> Task :app:testPhase0EvidenceUnitTest UP-TO-DATE
> Task :app:extractProguardFiles UP-TO-DATE
> Task :app:generatePhase0EvidenceLintReportModel UP-TO-DATE
> Task :app:generatePhase0EvidenceUnitTestLintModel UP-TO-DATE
> Task :app:lintAnalyzePhase0Evidence UP-TO-DATE
> Task :app:lintAnalyzePhase0EvidenceUnitTest UP-TO-DATE
> Task :app:lintReportPhase0Evidence UP-TO-DATE
> Task :app:lintPhase0Evidence
> Task :app:mergePhase0EvidenceNativeDebugMetadata NO-SOURCE
> Task :app:mergePhase0EvidenceShaders UP-TO-DATE
> Task :app:compilePhase0EvidenceShaders NO-SOURCE
> Task :app:generatePhase0EvidenceAssets UP-TO-DATE
> Task :app:mergePhase0EvidenceAssets UP-TO-DATE
> Task :app:compressPhase0EvidenceAssets UP-TO-DATE
> Task :app:checkPhase0EvidenceDuplicateClasses UP-TO-DATE
> Task :app:desugarPhase0EvidenceFileDependencies UP-TO-DATE
> Task :app:mergeExtDexPhase0Evidence UP-TO-DATE
> Task :app:mergeLibDexPhase0Evidence UP-TO-DATE
> Task :app:dexBuilderPhase0Evidence UP-TO-DATE
> Task :app:mergePhase0EvidenceGlobalSynthetics UP-TO-DATE
> Task :app:mergePhase0EvidenceJavaResource UP-TO-DATE
> Task :app:mergeProjectDexPhase0Evidence UP-TO-DATE
> Task :app:mergePhase0EvidenceJniLibFolders UP-TO-DATE
> Task :app:mergePhase0EvidenceNativeLibs UP-TO-DATE
> Task :app:stripPhase0EvidenceDebugSymbols UP-TO-DATE
> Task :app:validateSigningPhase0Evidence UP-TO-DATE
> Task :app:writePhase0EvidenceAppMetadata UP-TO-DATE
> Task :app:writePhase0EvidenceSigningConfigVersions UP-TO-DATE
> Task :app:packagePhase0Evidence UP-TO-DATE
> Task :app:createPhase0EvidenceApkListingFileRedirect UP-TO-DATE
> Task :app:assemblePhase0Evidence UP-TO-DATE
w: Detected multiple Kotlin daemon sessions at 

BUILD SUCCESSFUL in 9s
50 actionable tasks: 1 executed, 49 up-to-date
