To honour the JVM settings for this build a single-use Daemon process will be forked. For more on this, please refer to https://docs.gradle.org/8.10.2/userguide/gradle_daemon.html#sec:disabling_the_daemon in the Gradle documentation.
Daemon will be stopped at the end of the build 
> Task :app:checkKotlinGradlePluginConfigurationErrors SKIPPED
> Task :app:preBuild UP-TO-DATE
> Task :app:preDebugBuild UP-TO-DATE
> Task :app:generateDebugBuildConfig
> Task :app:checkDebugAarMetadata
> Task :app:checkDebugAarMetadata FAILED

FAILURE: Build failed with an exception.

* What went wrong:
Execution failed for task ':app:checkDebugAarMetadata'.
> Could not resolve all files for configuration ':app:debugRuntimeClasspath'.
   > Could not resolve org.jetbrains.kotlin:kotlin-stdlib:2.0.21.
     Required by:
         project :app
      > Could not resolve org.jetbrains.kotlin:kotlin-stdlib:2.0.21.
         > Could not get resource 'https://dl.google.com/dl/android/maven2/org/jetbrains/kotlin/kotlin-stdlib/2.0.21/kotlin-stdlib-2.0.21.pom'.
            > Could not GET 'https://dl.google.com/dl/android/maven2/org/jetbrains/kotlin/kotlin-stdlib/2.0.21/kotlin-stdlib-2.0.21.pom'.
               > Got SSL handshake exception during request. It might be caused by SSL misconfiguration
                  > (certificate_unknown) PKIX path building failed: sun.security.provider.certpath.SunCertPathBuilderException: unable to find valid certification path to requested target
      > Could not resolve org.jetbrains.kotlin:kotlin-stdlib:2.0.21.
         > Could not get resource 'https://repo.maven.apache.org/maven2/org/jetbrains/kotlin/kotlin-stdlib/2.0.21/kotlin-stdlib-2.0.21.pom'.
            > Could not GET 'https://repo.maven.apache.org/maven2/org/jetbrains/kotlin/kotlin-stdlib/2.0.21/kotlin-stdlib-2.0.21.pom'.
               > Got SSL handshake exception during request. It might be caused by SSL misconfiguration
                  > (certificate_unknown) PKIX path building failed: sun.security.provider.certpath.SunCertPathBuilderException: unable to find valid certification path to requested target
   > Could not find androidx.compose.ui:ui-tooling:.
     Required by:
         project :app
   > Could not find androidx.compose.ui:ui-test-manifest:.
     Required by:
         project :app
   > Could not resolve androidx.core:core-ktx:1.15.0.
     Required by:
         project :app
      > Could not resolve androidx.core:core-ktx:1.15.0.
         > Could not get resource 'https://dl.google.com/dl/android/maven2/androidx/core/core-ktx/1.15.0/core-ktx-1.15.0.pom'.
            > Could not GET 'https://dl.google.com/dl/android/maven2/androidx/core/core-ktx/1.15.0/core-ktx-1.15.0.pom'.
               > Got SSL handshake exception during request. It might be caused by SSL misconfiguration
                  > (certificate_unknown) PKIX path building failed: sun.security.provider.certpath.SunCertPathBuilderException: unable to find valid certification path to requested target
      > Could not resolve androidx.core:core-ktx:1.15.0.
         > Could not get resource 'https://repo.maven.apache.org/maven2/androidx/core/core-ktx/1.15.0/core-ktx-1.15.0.pom'.
            > Could not GET 'https://repo.maven.apache.org/maven2/androidx/core/core-ktx/1.15.0/core-ktx-1.15.0.pom'.
               > Got SSL handshake exception during request. It might be caused by SSL misconfiguration
                  > (certificate_unknown) PKIX path building failed: sun.security.provider.certpath.SunCertPathBuilderException: unable to find valid certification path to requested target
   > Could not resolve androidx.activity:activity-compose:1.10.0.
     Required by:
         project :app
      > Could not resolve androidx.activity:activity-compose:1.10.0.
         > Could not get resource 'https://dl.google.com/dl/android/maven2/androidx/activity/activity-compose/1.10.0/activity-compose-1.10.0.pom'.
            > Could not GET 'https://dl.google.com/dl/android/maven2/androidx/activity/activity-compose/1.10.0/activity-compose-1.10.0.pom'.
               > Got SSL handshake exception during request. It might be caused by SSL misconfiguration
                  > (certificate_unknown) PKIX path building failed: sun.security.provider.certpath.SunCertPathBuilderException: unable to find valid certification path to requested target
      > Could not resolve androidx.activity:activity-compose:1.10.0.
         > Could not get resource 'https://repo.maven.apache.org/maven2/androidx/activity/activity-compose/1.10.0/activity-compose-1.10.0.pom'.
            > Could not GET 'https://repo.maven.apache.org/maven2/androidx/activity/activity-compose/1.10.0/activity-compose-1.10.0.pom'.
               > Got SSL handshake exception during request. It might be caused by SSL misconfiguration
                  > (certificate_unknown) PKIX path building failed: sun.security.provider.certpath.SunCertPathBuilderException: unable to find valid certification path to requested target
   > Could not resolve androidx.compose:compose-bom:2024.12.01.
                  > (certificate_unknown) PKIX path building failed: sun.security.provider.certpath.SunCertPathBuilderException: unable to find valid certification path to requested target
                  > (certificate_unknown) PKIX path building failed: sun.security.provider.certpath.SunCertPathBuilderException: unable to find valid certification path to requested target
                  > (certificate_unknown) PKIX path building failed: sun.security.provider.certpath.SunCertPathBuilderException: unable to find valid certification path to requested target
                  > (certificate_unknown) PKIX path building failed: sun.security.provider.certpath.SunCertPathBuilderException: unable to find valid certification path to requested target
                  > (certificate_unknown) PKIX path building failed: sun.security.provider.certpath.SunCertPathBuilderException: unable to find valid certification path to requested target
                  > (certificate_unknown) PKIX path building failed: sun.security.provider.certpath.SunCertPathBuilderException: unable to find valid certification path to requested target
                  > (certificate_unknown) PKIX path building failed: sun.security.provider.certpath.SunCertPathBuilderException: unable to find valid certification path to requested target
                  > (certificate_unknown) PKIX path building failed: sun.security.provider.certpath.SunCertPathBuilderException: unable to find valid certification path to requested target
                  > (certificate_unknown) PKIX path building failed: sun.security.provider.certpath.SunCertPathBuilderException: unable to find valid certification path to requested target
                  > (certificate_unknown) PKIX path building failed: sun.security.provider.certpath.SunCertPathBuilderException: unable to find valid certification path to requested target
                  > (certificate_unknown) PKIX path building failed: sun.security.provider.certpath.SunCertPathBuilderException: unable to find valid certification path to requested target
                  > (certificate_unknown) PKIX path building failed: sun.security.provider.certpath.SunCertPathBuilderException: unable to find valid certification path to requested target
                  > (certificate_unknown) PKIX path building failed: sun.security.provider.certpath.SunCertPathBuilderException: unable to find valid certification path to requested target
                  > (certificate_unknown) PKIX path building failed: sun.security.provider.certpath.SunCertPathBuilderException: unable to find valid certification path to requested target
                  > (certificate_unknown) PKIX path building failed: sun.security.provider.certpath.SunCertPathBuilderException: unable to find valid certification path to requested target
                  > (certificate_unknown) PKIX path building failed: sun.security.provider.certpath.SunCertPathBuilderException: unable to find valid certification path to requested target
                  > (certificate_unknown) PKIX path building failed: sun.security.provider.certpath.SunCertPathBuilderException: unable to find valid certification path to requested target
                  > (certificate_unknown) PKIX path building failed: sun.security.provider.certpath.SunCertPathBuilderException: unable to find valid certification path to requested target
                  > (certificate_unknown) PKIX path building failed: sun.security.provider.certpath.SunCertPathBuilderException: unable to find valid certification path to requested target
                  > (certificate_unknown) PKIX path building failed: sun.security.provider.certpath.SunCertPathBuilderException: unable to find valid certification path to requested target
                  > (certificate_unknown) PKIX path building failed: sun.security.provider.certpath.SunCertPathBuilderException: unable to find valid certification path to requested target
                  > (certificate_unknown) PKIX path building failed: sun.security.provider.certpath.SunCertPathBuilderException: unable to find valid certification path to requested target
                  > (certificate_unknown) PKIX path building failed: sun.security.provider.certpath.SunCertPathBuilderException: unable to find valid certification path to requested target
                  > (certificate_unknown) PKIX path building failed: sun.security.provider.certpath.SunCertPathBuilderException: unable to find valid certification path to requested target
