To honour the JVM settings for this build a single-use Daemon process will be forked. For more on this, please refer to https://docs.gradle.org/8.10.2/userguide/gradle_daemon.html#sec:disabling_the_daemon in the Gradle documentation.
Daemon will be stopped at the end of the build 
> Task :app:checkKotlinGradlePluginConfigurationErrors SKIPPED
> Task :app:preBuild UP-TO-DATE
> Task :app:prePhase0EvidenceBuild UP-TO-DATE
> Task :app:generatePhase0EvidenceBuildConfig UP-TO-DATE
> Task :app:checkPhase0EvidenceAarMetadata UP-TO-DATE
> Task :app:generatePhase0EvidenceResValues UP-TO-DATE
> Task :app:mapPhase0EvidenceSourceSetPaths UP-TO-DATE
> Task :app:generatePhase0EvidenceResources UP-TO-DATE
> Task :app:mergePhase0EvidenceResources UP-TO-DATE
> Task :app:packagePhase0EvidenceResources UP-TO-DATE
> Task :app:parsePhase0EvidenceLocalResources UP-TO-DATE
> Task :app:createPhase0EvidenceCompatibleScreenManifests UP-TO-DATE
> Task :app:extractDeepLinksPhase0Evidence UP-TO-DATE
> Task :app:processPhase0EvidenceMainManifest UP-TO-DATE
> Task :app:processPhase0EvidenceManifest UP-TO-DATE
> Task :app:processPhase0EvidenceManifestForPackage UP-TO-DATE
> Task :app:processPhase0EvidenceResources UP-TO-DATE
> Task :app:javaPreCompilePhase0Evidence UP-TO-DATE
> Task :app:prePhase0EvidenceAndroidTestBuild SKIPPED
> Task :app:generatePhase0EvidenceAndroidTestResValues UP-TO-DATE
> Task :app:extractProguardFiles UP-TO-DATE
> Task :app:prePhase0EvidenceUnitTestBuild UP-TO-DATE
> Task :app:mergePhase0EvidenceNativeDebugMetadata NO-SOURCE
> Task :app:mergePhase0EvidenceShaders UP-TO-DATE
> Task :app:compilePhase0EvidenceShaders NO-SOURCE
> Task :app:generatePhase0EvidenceAssets UP-TO-DATE
> Task :app:mergePhase0EvidenceAssets UP-TO-DATE
> Task :app:compressPhase0EvidenceAssets UP-TO-DATE
> Task :app:checkPhase0EvidenceDuplicateClasses UP-TO-DATE
> Task :app:desugarPhase0EvidenceFileDependencies UP-TO-DATE
> Task :app:mergeExtDexPhase0Evidence UP-TO-DATE
> Task :app:mergeLibDexPhase0Evidence UP-TO-DATE
> Task :app:mergePhase0EvidenceJniLibFolders UP-TO-DATE
> Task :app:mergePhase0EvidenceNativeLibs UP-TO-DATE
> Task :app:stripPhase0EvidenceDebugSymbols UP-TO-DATE
> Task :app:validateSigningPhase0Evidence UP-TO-DATE
> Task :app:writePhase0EvidenceAppMetadata UP-TO-DATE
> Task :app:writePhase0EvidenceSigningConfigVersions UP-TO-DATE
> Task :app:processPhase0EvidenceAndroidTestManifest UP-TO-DATE
> Task :app:generatePhase0EvidenceAndroidTestBuildConfig UP-TO-DATE
> Task :app:checkPhase0EvidenceAndroidTestAarMetadata UP-TO-DATE
> Task :app:mapPhase0EvidenceAndroidTestSourceSetPaths UP-TO-DATE
> Task :app:generatePhase0EvidenceAndroidTestResources UP-TO-DATE
> Task :app:mergePhase0EvidenceAndroidTestResources UP-TO-DATE
> Task :app:processPhase0EvidenceAndroidTestResources UP-TO-DATE
> Task :app:javaPreCompilePhase0EvidenceAndroidTest UP-TO-DATE
> Task :app:mergePhase0EvidenceAndroidTestShaders UP-TO-DATE
> Task :app:compilePhase0EvidenceAndroidTestShaders NO-SOURCE
> Task :app:generatePhase0EvidenceAndroidTestAssets UP-TO-DATE
> Task :app:mergePhase0EvidenceAndroidTestAssets UP-TO-DATE
> Task :app:compressPhase0EvidenceAndroidTestAssets UP-TO-DATE
> Task :app:checkPhase0EvidenceAndroidTestDuplicateClasses UP-TO-DATE
> Task :app:desugarPhase0EvidenceAndroidTestFileDependencies UP-TO-DATE
> Task :app:mergeExtDexPhase0EvidenceAndroidTest UP-TO-DATE
> Task :app:mergeLibDexPhase0EvidenceAndroidTest UP-TO-DATE
> Task :app:mergePhase0EvidenceAndroidTestJniLibFolders UP-TO-DATE
> Task :app:mergePhase0EvidenceAndroidTestNativeLibs NO-SOURCE
> Task :app:stripPhase0EvidenceAndroidTestDebugSymbols NO-SOURCE
> Task :app:validateSigningPhase0EvidenceAndroidTest UP-TO-DATE
> Task :app:writePhase0EvidenceAndroidTestSigningConfigVersions UP-TO-DATE
> Task :app:compilePhase0EvidenceKotlin
w: file:///workspace/scratch/7f3a71577b99/runtime-bounded-staging-cipher/app/src/main/java/uk/co/traynor/privategallery/MainActivity.kt:1230:18 This declaration overrides a deprecated member but is not marked as deprecated itself. Please add the '@Deprecated' annotation or suppress the diagnostic.
w: file:///workspace/scratch/7f3a71577b99/runtime-bounded-staging-cipher/app/src/main/java/uk/co/traynor/privategallery/MainActivity.kt:1245:15 'fun onBackPressed(): Unit' is deprecated. This method has been deprecated in favor of using the
      {@link OnBackPressedDispatcher} via {@link #getOnBackPressedDispatcher()}.
      The OnBackPressedDispatcher controls how back button events are dispatched
      to one or more {@link OnBackPressedCallback} objects.
w: file:///workspace/scratch/7f3a71577b99/runtime-bounded-staging-cipher/app/src/main/java/uk/co/traynor/privategallery/MainActivity.kt:3072:83 'val Icons.Filled.ArrowBack: ImageVector' is deprecated. Use the AutoMirrored version at Icons.AutoMirrored.Filled.ArrowBack.
w: file:///workspace/scratch/7f3a71577b99/runtime-bounded-staging-cipher/app/src/main/java/uk/co/traynor/privategallery/MainActivity.kt:3077:80 'val Icons.Filled.ArrowBack: ImageVector' is deprecated. Use the AutoMirrored version at Icons.AutoMirrored.Filled.ArrowBack.
w: file:///workspace/scratch/7f3a71577b99/runtime-bounded-staging-cipher/app/src/main/java/uk/co/traynor/privategallery/core/browser/v2/SecureWebViewFactory.kt:43:13 'var databaseEnabled: Boolean' is deprecated. Deprecated in Java.
w: file:///workspace/scratch/7f3a71577b99/runtime-bounded-staging-cipher/app/src/main/java/uk/co/traynor/privategallery/core/browser/v2/SecureWebViewFactory.kt:46:13 'var allowFileAccessFromFileURLs: Boolean' is deprecated. Deprecated in Java.
w: file:///workspace/scratch/7f3a71577b99/runtime-bounded-staging-cipher/app/src/main/java/uk/co/traynor/privategallery/core/browser/v2/SecureWebViewFactory.kt:47:13 'var allowUniversalAccessFromFileURLs: Boolean' is deprecated. Deprecated in Java.
w: file:///workspace/scratch/7f3a71577b99/runtime-bounded-staging-cipher/app/src/main/java/uk/co/traynor/privategallery/core/domain/SecondaryBiometricSlot.kt:189:17 'fun setUserAuthenticationValidityDurationSeconds(p0: Int): KeyGenParameterSpec.Builder' is deprecated. Deprecated in Java.
w: file:///workspace/scratch/7f3a71577b99/runtime-bounded-staging-cipher/app/src/main/java/uk/co/traynor/privategallery/core/domain/SecondaryBiometricSlot.kt:211:17 'val isInsideSecureHardware: Boolean' is deprecated. Deprecated in Java.
w: file:///workspace/scratch/7f3a71577b99/runtime-bounded-staging-cipher/app/src/main/java/uk/co/traynor/privategallery/core/security/PrimarySessionAuthority.kt:15:25 Non-public primary constructor is exposed via the generated 'copy()' method of the 'data' class.

The generated 'copy()' will change its visibility in future releases.

To suppress the warning do one of the following:
- Annotate the data class with the '@ConsistentCopyVisibility' annotation.
- Use the '-Xconsistent-data-class-copy-visibility' compiler flag.
- Annotate the data class with the '@ExposedCopyVisibility' annotation 
  (Discouraged, but can be used to keep binary compatibility).

To learn more, see the documentation of the '@ConsistentCopyVisibility' and '@ExposedCopyVisibility' annotations.

This will become an error in Kotlin 2.1.
w: file:///workspace/scratch/7f3a71577b99/runtime-bounded-staging-cipher/app/src/main/java/uk/co/traynor/privategallery/core/security/PrimarySessionAuthority.kt:16:24 Non-public primary constructor is exposed via the generated 'copy()' method of the 'data' class.

The generated 'copy()' will change its visibility in future releases.

To suppress the warning do one of the following:
- Annotate the data class with the '@ConsistentCopyVisibility' annotation.
- Use the '-Xconsistent-data-class-copy-visibility' compiler flag.
- Annotate the data class with the '@ExposedCopyVisibility' annotation 
  (Discouraged, but can be used to keep binary compatibility).

To learn more, see the documentation of the '@ConsistentCopyVisibility' and '@ExposedCopyVisibility' annotations.

This will become an error in Kotlin 2.1.
w: file:///workspace/scratch/7f3a71577b99/runtime-bounded-staging-cipher/app/src/main/java/uk/co/traynor/privategallery/core/security/PrimarySessionAuthority.kt:17:29 Non-public primary constructor is exposed via the generated 'copy()' method of the 'data' class.

The generated 'copy()' will change its visibility in future releases.

To suppress the warning do one of the following:
- Annotate the data class with the '@ConsistentCopyVisibility' annotation.
- Use the '-Xconsistent-data-class-copy-visibility' compiler flag.
- Annotate the data class with the '@ExposedCopyVisibility' annotation 
  (Discouraged, but can be used to keep binary compatibility).

To learn more, see the documentation of the '@ConsistentCopyVisibility' and '@ExposedCopyVisibility' annotations.

This will become an error in Kotlin 2.1.
w: file:///workspace/scratch/7f3a71577b99/runtime-bounded-staging-cipher/app/src/main/java/uk/co/traynor/privategallery/core/security/PrimarySessionAuthority.kt:23:35 Non-public primary constructor is exposed via the generated 'copy()' method of the 'data' class.

The generated 'copy()' will change its visibility in future releases.

To suppress the warning do one of the following:
- Annotate the data class with the '@ConsistentCopyVisibility' annotation.
- Use the '-Xconsistent-data-class-copy-visibility' compiler flag.
- Annotate the data class with the '@ExposedCopyVisibility' annotation 
  (Discouraged, but can be used to keep binary compatibility).

To learn more, see the documentation of the '@ConsistentCopyVisibility' and '@ExposedCopyVisibility' annotations.

This will become an error in Kotlin 2.1.
w: file:///workspace/scratch/7f3a71577b99/runtime-bounded-staging-cipher/app/src/main/java/uk/co/traynor/privategallery/core/security/PrimarySessionAuthority.kt:29:32 Non-public primary constructor is exposed via the generated 'copy()' method of the 'data' class.

The generated 'copy()' will change its visibility in future releases.

To suppress the warning do one of the following:
- Annotate the data class with the '@ConsistentCopyVisibility' annotation.
- Use the '-Xconsistent-data-class-copy-visibility' compiler flag.
- Annotate the data class with the '@ExposedCopyVisibility' annotation 
  (Discouraged, but can be used to keep binary compatibility).

To learn more, see the documentation of the '@ConsistentCopyVisibility' and '@ExposedCopyVisibility' annotations.

This will become an error in Kotlin 2.1.
w: file:///workspace/scratch/7f3a71577b99/runtime-bounded-staging-cipher/app/src/main/java/uk/co/traynor/privategallery/ui/BrowserVideoFullscreen.kt:67:100 'static field FLAG_FULLSCREEN: Int' is deprecated. Deprecated in Java.
w: file:///workspace/scratch/7f3a71577b99/runtime-bounded-staging-cipher/app/src/main/java/uk/co/traynor/privategallery/ui/BrowserVideoFullscreen.kt:68:66 'static field FLAG_FULLSCREEN: Int' is deprecated. Deprecated in Java.
w: file:///workspace/scratch/7f3a71577b99/runtime-bounded-staging-cipher/app/src/main/java/uk/co/traynor/privategallery/ui/BrowserVideoFullscreen.kt:74:92 'static field FLAG_FULLSCREEN: Int' is deprecated. Deprecated in Java.
w: file:///workspace/scratch/7f3a71577b99/runtime-bounded-staging-cipher/app/src/main/java/uk/co/traynor/privategallery/ui/FullscreenMediaViewer.kt:270:53 This declaration needs opt-in. Its usage should be marked with '@kotlinx.coroutines.ExperimentalCoroutinesApi' or '@OptIn(kotlinx.coroutines.ExperimentalCoroutinesApi::class)'
w: file:///workspace/scratch/7f3a71577b99/runtime-bounded-staging-cipher/app/src/main/java/uk/co/traynor/privategallery/ui/PhotoEditor.kt:63:21 'val LocalLifecycleOwner: ProvidableCompositionLocal<LifecycleOwner>' is deprecated. Moved to lifecycle-runtime-compose library in androidx.lifecycle.compose package.
w: file:///workspace/scratch/7f3a71577b99/runtime-bounded-staging-cipher/app/src/main/java/uk/co/traynor/privategallery/ui/PhotoEditor.kt:136:53 This declaration needs opt-in. Its usage should be marked with '@kotlinx.coroutines.ExperimentalCoroutinesApi' or '@OptIn(kotlinx.coroutines.ExperimentalCoroutinesApi::class)'
w: file:///workspace/scratch/7f3a71577b99/runtime-bounded-staging-cipher/app/src/main/java/uk/co/traynor/privategallery/ui/PhotoEditor.kt:328:227 'val Icons.Filled.RotateRight: ImageVector' is deprecated. Use the AutoMirrored version at Icons.AutoMirrored.Filled.RotateRight.
w: file:///workspace/scratch/7f3a71577b99/runtime-bounded-staging-cipher/app/src/main/java/uk/co/traynor/privategallery/ui/PhotoEditor.kt:352:34 Condition is always 'true'.
w: file:///workspace/scratch/7f3a71577b99/runtime-bounded-staging-cipher/app/src/main/java/uk/co/traynor/privategallery/ui/PrivateBrowser.kt:833:13 'var databaseEnabled: Boolean' is deprecated. Deprecated in Java.
w: file:///workspace/scratch/7f3a71577b99/runtime-bounded-staging-cipher/app/src/main/java/uk/co/traynor/privategallery/ui/PrivateBrowser.kt:836:13 'var allowFileAccessFromFileURLs: Boolean' is deprecated. Deprecated in Java.
w: file:///workspace/scratch/7f3a71577b99/runtime-bounded-staging-cipher/app/src/main/java/uk/co/traynor/privategallery/ui/PrivateBrowser.kt:837:13 'var allowUniversalAccessFromFileURLs: Boolean' is deprecated. Deprecated in Java.
w: file:///workspace/scratch/7f3a71577b99/runtime-bounded-staging-cipher/app/src/main/java/uk/co/traynor/privategallery/ui/PrivateBrowser.kt:972:25 'var allowFileAccessFromFileURLs: Boolean' is deprecated. Deprecated in Java.
w: file:///workspace/scratch/7f3a71577b99/runtime-bounded-staging-cipher/app/src/main/java/uk/co/traynor/privategallery/ui/PrivateBrowser.kt:973:25 'var allowUniversalAccessFromFileURLs: Boolean' is deprecated. Deprecated in Java.
w: file:///workspace/scratch/7f3a71577b99/runtime-bounded-staging-cipher/app/src/main/java/uk/co/traynor/privategallery/ui/PrivateVideoPlayer.kt:202:85 'val Icons.Filled.ArrowBack: ImageVector' is deprecated. Use the AutoMirrored version at Icons.AutoMirrored.Filled.ArrowBack.
w: file:///workspace/scratch/7f3a71577b99/runtime-bounded-staging-cipher/app/src/main/java/uk/co/traynor/privategallery/ui/PrivateVideoPlayer.kt:205:125 'val Icons.Filled.VolumeOff: ImageVector' is deprecated. Use the AutoMirrored version at Icons.AutoMirrored.Filled.VolumeOff.
w: file:///workspace/scratch/7f3a71577b99/runtime-bounded-staging-cipher/app/src/main/java/uk/co/traynor/privategallery/ui/PrivateVideoPlayer.kt:205:154 'val Icons.Filled.VolumeUp: ImageVector' is deprecated. Use the AutoMirrored version at Icons.AutoMirrored.Filled.VolumeUp.

> Task :app:compilePhase0EvidenceJavaWithJavac
> Task :app:bundlePhase0EvidenceClassesToCompileJar UP-TO-DATE
> Task :app:generatePhase0EvidenceAndroidTestLintModel
> Task :app:generatePhase0EvidenceLintReportModel
> Task :app:generatePhase0EvidenceUnitTestLintModel UP-TO-DATE
> Task :app:lintAnalyzePhase0EvidenceAndroidTest
> Task :app:lintAnalyzePhase0EvidenceUnitTest UP-TO-DATE
> Task :app:dexBuilderPhase0Evidence UP-TO-DATE
> Task :app:mergePhase0EvidenceGlobalSynthetics UP-TO-DATE
> Task :app:processPhase0EvidenceJavaRes UP-TO-DATE
> Task :app:mergePhase0EvidenceJavaResource UP-TO-DATE
> Task :app:mergeProjectDexPhase0Evidence UP-TO-DATE
> Task :app:packagePhase0Evidence UP-TO-DATE
> Task :app:createPhase0EvidenceApkListingFileRedirect UP-TO-DATE
> Task :app:assemblePhase0Evidence UP-TO-DATE
> Task :app:compilePhase0EvidenceAndroidTestKotlin UP-TO-DATE
> Task :app:compilePhase0EvidenceAndroidTestJavaWithJavac UP-TO-DATE
> Task :app:dexBuilderPhase0EvidenceAndroidTest UP-TO-DATE
> Task :app:mergePhase0EvidenceAndroidTestGlobalSynthetics UP-TO-DATE
> Task :app:processPhase0EvidenceAndroidTestJavaRes UP-TO-DATE
> Task :app:mergePhase0EvidenceAndroidTestJavaResource UP-TO-DATE
> Task :app:mergeProjectDexPhase0EvidenceAndroidTest UP-TO-DATE
> Task :app:packagePhase0EvidenceAndroidTest UP-TO-DATE
> Task :app:createPhase0EvidenceAndroidTestApkListingFileRedirect UP-TO-DATE
> Task :app:assemblePhase0EvidenceAndroidTest UP-TO-DATE
> Task :app:lintAnalyzePhase0Evidence

> Task :app:lintReportPhase0Evidence
Wrote HTML report to file:///tmp/privategallery-phase3-staging-cipher/app-build/reports/lint-results-phase0Evidence.html

> Task :app:lintPhase0Evidence

BUILD SUCCESSFUL in 2m 28s
75 actionable tasks: 8 executed, 67 up-to-date
