To honour the JVM settings for this build a single-use Daemon process will be forked. For more on this, please refer to https://docs.gradle.org/8.10.2/userguide/gradle_daemon.html#sec:disabling_the_daemon in the Gradle documentation.
Daemon will be stopped at the end of the build 
> Task :app:checkKotlinGradlePluginConfigurationErrors SKIPPED
> Task :app:preBuild UP-TO-DATE
> Task :app:preDebugBuild UP-TO-DATE
> Task :app:generateDebugBuildConfig
> Task :app:generateDebugResValues
> Task :app:checkDebugAarMetadata
> Task :app:mapDebugSourceSetPaths
> Task :app:generateDebugResources
> Task :app:packageDebugResources
> Task :app:mergeDebugResources
> Task :app:createDebugCompatibleScreenManifests
> Task :app:extractDeepLinksDebug
> Task :app:parseDebugLocalResources
> Task :app:processDebugMainManifest
> Task :app:processDebugManifest
> Task :app:processDebugManifestForPackage
> Task :app:javaPreCompileDebug
> Task :app:processDebugResources
> Task :app:compileDebugKotlin
w: file:///workspace/scratch/7f3a71577b99/runtime-staging-key-root/app/src/main/java/uk/co/traynor/privategallery/MainActivity.kt:1230:18 This declaration overrides a deprecated member but is not marked as deprecated itself. Please add the '@Deprecated' annotation or suppress the diagnostic.
w: file:///workspace/scratch/7f3a71577b99/runtime-staging-key-root/app/src/main/java/uk/co/traynor/privategallery/MainActivity.kt:1245:15 'fun onBackPressed(): Unit' is deprecated. This method has been deprecated in favor of using the
      {@link OnBackPressedDispatcher} via {@link #getOnBackPressedDispatcher()}.
      The OnBackPressedDispatcher controls how back button events are dispatched
      to one or more {@link OnBackPressedCallback} objects.
w: file:///workspace/scratch/7f3a71577b99/runtime-staging-key-root/app/src/main/java/uk/co/traynor/privategallery/MainActivity.kt:3072:83 'val Icons.Filled.ArrowBack: ImageVector' is deprecated. Use the AutoMirrored version at Icons.AutoMirrored.Filled.ArrowBack.
w: file:///workspace/scratch/7f3a71577b99/runtime-staging-key-root/app/src/main/java/uk/co/traynor/privategallery/MainActivity.kt:3077:80 'val Icons.Filled.ArrowBack: ImageVector' is deprecated. Use the AutoMirrored version at Icons.AutoMirrored.Filled.ArrowBack.
w: file:///workspace/scratch/7f3a71577b99/runtime-staging-key-root/app/src/main/java/uk/co/traynor/privategallery/core/browser/v2/SecureWebViewFactory.kt:43:13 'var databaseEnabled: Boolean' is deprecated. Deprecated in Java.
w: file:///workspace/scratch/7f3a71577b99/runtime-staging-key-root/app/src/main/java/uk/co/traynor/privategallery/core/browser/v2/SecureWebViewFactory.kt:46:13 'var allowFileAccessFromFileURLs: Boolean' is deprecated. Deprecated in Java.
w: file:///workspace/scratch/7f3a71577b99/runtime-staging-key-root/app/src/main/java/uk/co/traynor/privategallery/core/browser/v2/SecureWebViewFactory.kt:47:13 'var allowUniversalAccessFromFileURLs: Boolean' is deprecated. Deprecated in Java.
w: file:///workspace/scratch/7f3a71577b99/runtime-staging-key-root/app/src/main/java/uk/co/traynor/privategallery/core/domain/SecondaryBiometricSlot.kt:189:17 'fun setUserAuthenticationValidityDurationSeconds(p0: Int): KeyGenParameterSpec.Builder' is deprecated. Deprecated in Java.
w: file:///workspace/scratch/7f3a71577b99/runtime-staging-key-root/app/src/main/java/uk/co/traynor/privategallery/core/domain/SecondaryBiometricSlot.kt:211:17 'val isInsideSecureHardware: Boolean' is deprecated. Deprecated in Java.
w: file:///workspace/scratch/7f3a71577b99/runtime-staging-key-root/app/src/main/java/uk/co/traynor/privategallery/core/security/PrimarySessionAuthority.kt:15:25 Non-public primary constructor is exposed via the generated 'copy()' method of the 'data' class.

The generated 'copy()' will change its visibility in future releases.

To suppress the warning do one of the following:
- Annotate the data class with the '@ConsistentCopyVisibility' annotation.
- Use the '-Xconsistent-data-class-copy-visibility' compiler flag.
- Annotate the data class with the '@ExposedCopyVisibility' annotation 
  (Discouraged, but can be used to keep binary compatibility).

To learn more, see the documentation of the '@ConsistentCopyVisibility' and '@ExposedCopyVisibility' annotations.

This will become an error in Kotlin 2.1.
w: file:///workspace/scratch/7f3a71577b99/runtime-staging-key-root/app/src/main/java/uk/co/traynor/privategallery/core/security/PrimarySessionAuthority.kt:16:24 Non-public primary constructor is exposed via the generated 'copy()' method of the 'data' class.

The generated 'copy()' will change its visibility in future releases.

To suppress the warning do one of the following:
- Annotate the data class with the '@ConsistentCopyVisibility' annotation.
- Use the '-Xconsistent-data-class-copy-visibility' compiler flag.
- Annotate the data class with the '@ExposedCopyVisibility' annotation 
  (Discouraged, but can be used to keep binary compatibility).

To learn more, see the documentation of the '@ConsistentCopyVisibility' and '@ExposedCopyVisibility' annotations.

This will become an error in Kotlin 2.1.
w: file:///workspace/scratch/7f3a71577b99/runtime-staging-key-root/app/src/main/java/uk/co/traynor/privategallery/core/security/PrimarySessionAuthority.kt:17:29 Non-public primary constructor is exposed via the generated 'copy()' method of the 'data' class.

The generated 'copy()' will change its visibility in future releases.

To suppress the warning do one of the following:
- Annotate the data class with the '@ConsistentCopyVisibility' annotation.
- Use the '-Xconsistent-data-class-copy-visibility' compiler flag.
- Annotate the data class with the '@ExposedCopyVisibility' annotation 
  (Discouraged, but can be used to keep binary compatibility).

To learn more, see the documentation of the '@ConsistentCopyVisibility' and '@ExposedCopyVisibility' annotations.

This will become an error in Kotlin 2.1.
w: file:///workspace/scratch/7f3a71577b99/runtime-staging-key-root/app/src/main/java/uk/co/traynor/privategallery/core/security/PrimarySessionAuthority.kt:23:35 Non-public primary constructor is exposed via the generated 'copy()' method of the 'data' class.

The generated 'copy()' will change its visibility in future releases.

To suppress the warning do one of the following:
- Annotate the data class with the '@ConsistentCopyVisibility' annotation.
- Use the '-Xconsistent-data-class-copy-visibility' compiler flag.
- Annotate the data class with the '@ExposedCopyVisibility' annotation 
  (Discouraged, but can be used to keep binary compatibility).

To learn more, see the documentation of the '@ConsistentCopyVisibility' and '@ExposedCopyVisibility' annotations.

This will become an error in Kotlin 2.1.
w: file:///workspace/scratch/7f3a71577b99/runtime-staging-key-root/app/src/main/java/uk/co/traynor/privategallery/core/security/PrimarySessionAuthority.kt:29:32 Non-public primary constructor is exposed via the generated 'copy()' method of the 'data' class.

The generated 'copy()' will change its visibility in future releases.

To suppress the warning do one of the following:
- Annotate the data class with the '@ConsistentCopyVisibility' annotation.
- Use the '-Xconsistent-data-class-copy-visibility' compiler flag.
- Annotate the data class with the '@ExposedCopyVisibility' annotation 
  (Discouraged, but can be used to keep binary compatibility).

To learn more, see the documentation of the '@ConsistentCopyVisibility' and '@ExposedCopyVisibility' annotations.

This will become an error in Kotlin 2.1.
w: file:///workspace/scratch/7f3a71577b99/runtime-staging-key-root/app/src/main/java/uk/co/traynor/privategallery/ui/BrowserVideoFullscreen.kt:67:100 'static field FLAG_FULLSCREEN: Int' is deprecated. Deprecated in Java.
w: file:///workspace/scratch/7f3a71577b99/runtime-staging-key-root/app/src/main/java/uk/co/traynor/privategallery/ui/BrowserVideoFullscreen.kt:68:66 'static field FLAG_FULLSCREEN: Int' is deprecated. Deprecated in Java.
w: file:///workspace/scratch/7f3a71577b99/runtime-staging-key-root/app/src/main/java/uk/co/traynor/privategallery/ui/BrowserVideoFullscreen.kt:74:92 'static field FLAG_FULLSCREEN: Int' is deprecated. Deprecated in Java.
w: file:///workspace/scratch/7f3a71577b99/runtime-staging-key-root/app/src/main/java/uk/co/traynor/privategallery/ui/FullscreenMediaViewer.kt:270:53 This declaration needs opt-in. Its usage should be marked with '@kotlinx.coroutines.ExperimentalCoroutinesApi' or '@OptIn(kotlinx.coroutines.ExperimentalCoroutinesApi::class)'
w: file:///workspace/scratch/7f3a71577b99/runtime-staging-key-root/app/src/main/java/uk/co/traynor/privategallery/ui/PhotoEditor.kt:63:21 'val LocalLifecycleOwner: ProvidableCompositionLocal<LifecycleOwner>' is deprecated. Moved to lifecycle-runtime-compose library in androidx.lifecycle.compose package.
w: file:///workspace/scratch/7f3a71577b99/runtime-staging-key-root/app/src/main/java/uk/co/traynor/privategallery/ui/PhotoEditor.kt:136:53 This declaration needs opt-in. Its usage should be marked with '@kotlinx.coroutines.ExperimentalCoroutinesApi' or '@OptIn(kotlinx.coroutines.ExperimentalCoroutinesApi::class)'
w: file:///workspace/scratch/7f3a71577b99/runtime-staging-key-root/app/src/main/java/uk/co/traynor/privategallery/ui/PhotoEditor.kt:328:227 'val Icons.Filled.RotateRight: ImageVector' is deprecated. Use the AutoMirrored version at Icons.AutoMirrored.Filled.RotateRight.
w: file:///workspace/scratch/7f3a71577b99/runtime-staging-key-root/app/src/main/java/uk/co/traynor/privategallery/ui/PhotoEditor.kt:352:34 Condition is always 'true'.
w: file:///workspace/scratch/7f3a71577b99/runtime-staging-key-root/app/src/main/java/uk/co/traynor/privategallery/ui/PrivateBrowser.kt:833:13 'var databaseEnabled: Boolean' is deprecated. Deprecated in Java.
w: file:///workspace/scratch/7f3a71577b99/runtime-staging-key-root/app/src/main/java/uk/co/traynor/privategallery/ui/PrivateBrowser.kt:836:13 'var allowFileAccessFromFileURLs: Boolean' is deprecated. Deprecated in Java.
w: file:///workspace/scratch/7f3a71577b99/runtime-staging-key-root/app/src/main/java/uk/co/traynor/privategallery/ui/PrivateBrowser.kt:837:13 'var allowUniversalAccessFromFileURLs: Boolean' is deprecated. Deprecated in Java.
w: file:///workspace/scratch/7f3a71577b99/runtime-staging-key-root/app/src/main/java/uk/co/traynor/privategallery/ui/PrivateBrowser.kt:972:25 'var allowFileAccessFromFileURLs: Boolean' is deprecated. Deprecated in Java.
w: file:///workspace/scratch/7f3a71577b99/runtime-staging-key-root/app/src/main/java/uk/co/traynor/privategallery/ui/PrivateBrowser.kt:973:25 'var allowUniversalAccessFromFileURLs: Boolean' is deprecated. Deprecated in Java.
w: file:///workspace/scratch/7f3a71577b99/runtime-staging-key-root/app/src/main/java/uk/co/traynor/privategallery/ui/PrivateVideoPlayer.kt:202:85 'val Icons.Filled.ArrowBack: ImageVector' is deprecated. Use the AutoMirrored version at Icons.AutoMirrored.Filled.ArrowBack.
w: file:///workspace/scratch/7f3a71577b99/runtime-staging-key-root/app/src/main/java/uk/co/traynor/privategallery/ui/PrivateVideoPlayer.kt:205:125 'val Icons.Filled.VolumeOff: ImageVector' is deprecated. Use the AutoMirrored version at Icons.AutoMirrored.Filled.VolumeOff.
w: file:///workspace/scratch/7f3a71577b99/runtime-staging-key-root/app/src/main/java/uk/co/traynor/privategallery/ui/PrivateVideoPlayer.kt:205:154 'val Icons.Filled.VolumeUp: ImageVector' is deprecated. Use the AutoMirrored version at Icons.AutoMirrored.Filled.VolumeUp.

> Task :app:compileDebugJavaWithJavac
/workspace/scratch/7f3a71577b99/runtime-staging-key-root/app/src/main/java/uk/co/traynor/privategallery/core/security/staging/StagingSalsa20Engine.java:45: warning: [dep-ann] deprecated item is not annotated with @Deprecated
        sigma = Strings.toByteArray("expand 32-byte k"),
        ^
/workspace/scratch/7f3a71577b99/runtime-staging-key-root/app/src/main/java/uk/co/traynor/privategallery/core/security/staging/StagingSalsa20Engine.java:46: warning: [dep-ann] deprecated item is not annotated with @Deprecated
        tau   = Strings.toByteArray("expand 16-byte k");
        ^
2 warnings

> Task :app:bundleDebugClassesToCompileJar

> Task :app:compileDebugUnitTestKotlin FAILED
e: file:///workspace/scratch/7f3a71577b99/runtime-staging-key-root/app/src/test/java/uk/co/traynor/privategallery/core/security/staging/Phase3OwnedStagingKeyTest.kt:14:51 Unresolved reference 'OwnedEphemeralStagingKey'.
e: file:///workspace/scratch/7f3a71577b99/runtime-staging-key-root/app/src/test/java/uk/co/traynor/privategallery/core/security/staging/Phase3OwnedStagingKeyTest.kt:21:25 Cannot infer type for this parameter. Please specify it explicitly.
e: file:///workspace/scratch/7f3a71577b99/runtime-staging-key-root/app/src/test/java/uk/co/traynor/privategallery/core/security/staging/Phase3OwnedStagingKeyTest.kt:21:87 Cannot infer type for this parameter. Please specify it explicitly.
e: file:///workspace/scratch/7f3a71577b99/runtime-staging-key-root/app/src/test/java/uk/co/traynor/privategallery/core/security/staging/Phase3OwnedStagingKeyTest.kt:22:21 Unresolved reference 'stagingKey'.
e: file:///workspace/scratch/7f3a71577b99/runtime-staging-key-root/app/src/test/java/uk/co/traynor/privategallery/core/security/staging/Phase3OwnedStagingKeyTest.kt:30:56 Unresolved reference 'unlock'.
e: file:///workspace/scratch/7f3a71577b99/runtime-staging-key-root/app/src/test/java/uk/co/traynor/privategallery/core/security/staging/Phase3OwnedStagingKeyTest.kt:33:30 Unresolved reference 'OwnedEphemeralStagingKey'.
e: file:///workspace/scratch/7f3a71577b99/runtime-staging-key-root/app/src/test/java/uk/co/traynor/privategallery/core/security/staging/Phase3OwnedStagingKeyTest.kt:33:60 Cannot infer type for this parameter. Please specify it explicitly.
e: file:///workspace/scratch/7f3a71577b99/runtime-staging-key-root/app/src/test/java/uk/co/traynor/privategallery/core/security/staging/Phase3OwnedStagingKeyTest.kt:33:60 'val <T : Any> KClass<T>.javaClass: Class<KClass<T>>' is deprecated. Use 'java' property to get Java class corresponding to this Kotlin class or cast this instance to Any if you really want to get the runtime Java class of this implementation of KClass.
e: file:///workspace/scratch/7f3a71577b99/runtime-staging-key-root/app/src/test/java/uk/co/traynor/privategallery/core/security/staging/Phase3OwnedStagingKeyTest.kt:33:60 Not enough information to infer type argument for 'T'.
e: file:///workspace/scratch/7f3a71577b99/runtime-staging-key-root/app/src/test/java/uk/co/traynor/privategallery/core/security/staging/Phase3OwnedStagingKeyTest.kt:38:114 Unresolved reference 'seal'.
e: file:///workspace/scratch/7f3a71577b99/runtime-staging-key-root/app/src/test/java/uk/co/traynor/privategallery/core/security/staging/Phase3OwnedStagingKeyTest.kt:39:29 Unresolved reference 'OwnedEphemeralStagingKey'.
e: file:///workspace/scratch/7f3a71577b99/runtime-staging-key-root/app/src/test/java/uk/co/traynor/privategallery/core/security/staging/Phase3OwnedStagingKeyTest.kt:41:17 Cannot infer type for this parameter. Please specify it explicitly.
e: file:///workspace/scratch/7f3a71577b99/runtime-staging-key-root/app/src/test/java/uk/co/traynor/privategallery/core/security/staging/Phase3OwnedStagingKeyTest.kt:41:17 'val <T : Any> KClass<T>.javaClass: Class<KClass<T>>' is deprecated. Use 'java' property to get Java class corresponding to this Kotlin class or cast this instance to Any if you really want to get the runtime Java class of this implementation of KClass.
e: file:///workspace/scratch/7f3a71577b99/runtime-staging-key-root/app/src/test/java/uk/co/traynor/privategallery/core/security/staging/Phase3OwnedStagingKeyTest.kt:41:17 Not enough information to infer type argument for 'T'.
e: file:///workspace/scratch/7f3a71577b99/runtime-staging-key-root/app/src/test/java/uk/co/traynor/privategallery/core/security/staging/Phase3OwnedStagingKeyTest.kt:44:56 Unresolved reference 'unlock'.
e: file:///workspace/scratch/7f3a71577b99/runtime-staging-key-root/app/src/test/java/uk/co/traynor/privategallery/core/security/staging/Phase3OwnedStagingKeyTest.kt:45:116 Cannot infer type for this parameter. Please specify it explicitly.
e: file:///workspace/scratch/7f3a71577b99/runtime-staging-key-root/app/src/test/java/uk/co/traynor/privategallery/core/security/staging/Phase3OwnedStagingKeyTest.kt:45:177 Cannot infer type for this parameter. Please specify it explicitly.
e: file:///workspace/scratch/7f3a71577b99/runtime-staging-key-root/app/src/test/java/uk/co/traynor/privategallery/core/security/staging/Phase3OwnedStagingKeyTest.kt:45:187 Unresolved reference 'stagingKey'.
e: file:///workspace/scratch/7f3a71577b99/runtime-staging-key-root/app/src/test/java/uk/co/traynor/privategallery/core/security/staging/Phase3OwnedStagingKeyTest.kt:49:67 Cannot infer type for this parameter. Please specify it explicitly.
e: file:///workspace/scratch/7f3a71577b99/runtime-staging-key-root/app/src/test/java/uk/co/traynor/privategallery/core/security/staging/Phase3OwnedStagingKeyTest.kt:49:128 Cannot infer type for this parameter. Please specify it explicitly.
e: file:///workspace/scratch/7f3a71577b99/runtime-staging-key-root/app/src/test/java/uk/co/traynor/privategallery/core/security/staging/Phase3OwnedStagingKeyTest.kt:49:138 Unresolved reference 'stagingKey'.
e: file:///workspace/scratch/7f3a71577b99/runtime-staging-key-root/app/src/test/java/uk/co/traynor/privategallery/core/security/staging/Phase3OwnedStagingKeyTest.kt:50:53 Unresolved reference 'seal'.
e: file:///workspace/scratch/7f3a71577b99/runtime-staging-key-root/app/src/test/java/uk/co/traynor/privategallery/core/security/staging/Phase3OwnedStagingKeyTest.kt:53:63 Cannot infer type for this parameter. Please specify it explicitly.
e: file:///workspace/scratch/7f3a71577b99/runtime-staging-key-root/app/src/test/java/uk/co/traynor/privategallery/core/security/staging/Phase3OwnedStagingKeyTest.kt:53:134 Cannot infer type for this parameter. Please specify it explicitly.
e: file:///workspace/scratch/7f3a71577b99/runtime-staging-key-root/app/src/test/java/uk/co/traynor/privategallery/core/security/staging/Phase3OwnedStagingKeyTest.kt:53:135 Unresolved reference 'stagingKey'.
e: file:///workspace/scratch/7f3a71577b99/runtime-staging-key-root/app/src/test/java/uk/co/traynor/privategallery/core/security/staging/Phase3OwnedStagingKeyTest.kt:57:67 Cannot infer type for this parameter. Please specify it explicitly.
e: file:///workspace/scratch/7f3a71577b99/runtime-staging-key-root/app/src/test/java/uk/co/traynor/privategallery/core/security/staging/Phase3OwnedStagingKeyTest.kt:57:128 Cannot infer type for this parameter. Please specify it explicitly.
e: file:///workspace/scratch/7f3a71577b99/runtime-staging-key-root/app/src/test/java/uk/co/traynor/privategallery/core/security/staging/Phase3OwnedStagingKeyTest.kt:57:129 Unresolved reference 'stagingKey'.
e: file:///workspace/scratch/7f3a71577b99/runtime-staging-key-root/app/src/test/java/uk/co/traynor/privategallery/core/security/staging/Phase3OwnedStagingKeyTest.kt:61:25 Cannot infer type for this parameter. Please specify it explicitly.
e: file:///workspace/scratch/7f3a71577b99/runtime-staging-key-root/app/src/test/java/uk/co/traynor/privategallery/core/security/staging/Phase3OwnedStagingKeyTest.kt:61:86 Cannot infer type for this parameter. Please specify it explicitly.
e: file:///workspace/scratch/7f3a71577b99/runtime-staging-key-root/app/src/test/java/uk/co/traynor/privategallery/core/security/staging/Phase3OwnedStagingKeyTest.kt:62:21 Unresolved reference 'stagingKey'.
e: file:///workspace/scratch/7f3a71577b99/runtime-staging-key-root/app/src/test/java/uk/co/traynor/privategallery/core/security/staging/Phase3OwnedStagingKeyTest.kt:62:115 Unresolved reference 'stagingKey'.
e: file:///workspace/scratch/7f3a71577b99/runtime-staging-key-root/app/src/test/java/uk/co/traynor/privategallery/core/security/staging/Phase3OwnedStagingKeyTest.kt:64:94 Unresolved reference 'seal'.
e: file:///workspace/scratch/7f3a71577b99/runtime-staging-key-root/app/src/test/java/uk/co/traynor/privategallery/core/security/staging/Phase3OwnedStagingKeyTest.kt:68:25 Cannot infer type for this parameter. Please specify it explicitly.
e: file:///workspace/scratch/7f3a71577b99/runtime-staging-key-root/app/src/test/java/uk/co/traynor/privategallery/core/security/staging/Phase3OwnedStagingKeyTest.kt:68:86 Cannot infer type for this parameter. Please specify it explicitly.
e: file:///workspace/scratch/7f3a71577b99/runtime-staging-key-root/app/src/test/java/uk/co/traynor/privategallery/core/security/staging/Phase3OwnedStagingKeyTest.kt:69:21 Unresolved reference 'stagingKey'.
e: file:///workspace/scratch/7f3a71577b99/runtime-staging-key-root/app/src/test/java/uk/co/traynor/privategallery/core/security/staging/Phase3OwnedStagingKeyTest.kt:71:94 Unresolved reference 'seal'.
e: file:///workspace/scratch/7f3a71577b99/runtime-staging-key-root/app/src/test/java/uk/co/traynor/privategallery/core/security/staging/Phase3OwnedStagingKeyTest.kt:81:66 Unresolved reference 'open'.
e: file:///workspace/scratch/7f3a71577b99/runtime-staging-key-root/app/src/test/java/uk/co/traynor/privategallery/core/security/staging/Phase3OwnedStagingKeyTest.kt:82:61 Unresolved reference 'open'.
e: file:///workspace/scratch/7f3a71577b99/runtime-staging-key-root/app/src/test/java/uk/co/traynor/privategallery/core/security/staging/Phase3OwnedStagingKeyTest.kt:87:139 Unresolved reference 'open'.
e: file:///workspace/scratch/7f3a71577b99/runtime-staging-key-root/app/src/test/java/uk/co/traynor/privategallery/core/security/staging/Phase3OwnedStagingKeyTest.kt:88:66 Unresolved reference 'open'.
e: file:///workspace/scratch/7f3a71577b99/runtime-staging-key-root/app/src/test/java/uk/co/traynor/privategallery/core/security/staging/Phase3OwnedStagingKeyTest.kt:92:73 Unresolved reference 'open'.
e: file:///workspace/scratch/7f3a71577b99/runtime-staging-key-root/app/src/test/java/uk/co/traynor/privategallery/core/security/staging/Phase3OwnedStagingKeyTest.kt:92:214 Unresolved reference 'seal'.
e: file:///workspace/scratch/7f3a71577b99/runtime-staging-key-root/app/src/test/java/uk/co/traynor/privategallery/core/security/staging/Phase3OwnedStagingKeyTest.kt:97:76 Unresolved reference 'open'.
e: file:///workspace/scratch/7f3a71577b99/runtime-staging-key-root/app/src/test/java/uk/co/traynor/privategallery/core/security/staging/Phase3OwnedStagingKeyTest.kt:98:71 Unresolved reference 'open'.
e: file:///workspace/scratch/7f3a71577b99/runtime-staging-key-root/app/src/test/java/uk/co/traynor/privategallery/core/security/staging/Phase3OwnedStagingKeyTest.kt:98:154 Unresolved reference 'seal'.
e: file:///workspace/scratch/7f3a71577b99/runtime-staging-key-root/app/src/test/java/uk/co/traynor/privategallery/core/security/staging/Phase3OwnedStagingKeyTest.kt:103:122 Unresolved reference 'seal'.
e: file:///workspace/scratch/7f3a71577b99/runtime-staging-key-root/app/src/test/java/uk/co/traynor/privategallery/core/security/staging/Phase3OwnedStagingKeyTest.kt:104:70 Unresolved reference 'seal'.
e: file:///workspace/scratch/7f3a71577b99/runtime-staging-key-root/app/src/test/java/uk/co/traynor/privategallery/core/security/staging/Phase3OwnedStagingKeyTest.kt:105:99 Unresolved reference 'seal'.
e: file:///workspace/scratch/7f3a71577b99/runtime-staging-key-root/app/src/test/java/uk/co/traynor/privategallery/core/security/staging/Phase3OwnedStagingKeyTest.kt:109:67 Unresolved reference 'seal'.
e: file:///workspace/scratch/7f3a71577b99/runtime-staging-key-root/app/src/test/java/uk/co/traynor/privategallery/core/security/staging/Phase3OwnedStagingKeyTest.kt:113:25 Cannot infer type for this parameter. Please specify it explicitly.
e: file:///workspace/scratch/7f3a71577b99/runtime-staging-key-root/app/src/test/java/uk/co/traynor/privategallery/core/security/staging/Phase3OwnedStagingKeyTest.kt:113:115 Cannot infer type for this parameter. Please specify it explicitly.
e: file:///workspace/scratch/7f3a71577b99/runtime-staging-key-root/app/src/test/java/uk/co/traynor/privategallery/core/security/staging/Phase3OwnedStagingKeyTest.kt:114:21 Unresolved reference 'stagingKey'.
e: file:///workspace/scratch/7f3a71577b99/runtime-staging-key-root/app/src/test/java/uk/co/traynor/privategallery/core/security/staging/Phase3OwnedStagingKeyTest.kt:117:187 Unresolved reference 'seal'.
e: file:///workspace/scratch/7f3a71577b99/runtime-staging-key-root/app/src/test/java/uk/co/traynor/privategallery/core/security/staging/Phase3OwnedStagingKeyTest.kt:117:341 Unresolved reference 'seal'.
e: file:///workspace/scratch/7f3a71577b99/runtime-staging-key-root/app/src/test/java/uk/co/traynor/privategallery/core/security/staging/Phase3OwnedStagingKeyTest.kt:121:25 Cannot infer type for this parameter. Please specify it explicitly.
e: file:///workspace/scratch/7f3a71577b99/runtime-staging-key-root/app/src/test/java/uk/co/traynor/privategallery/core/security/staging/Phase3OwnedStagingKeyTest.kt:121:92 Cannot infer type for this parameter. Please specify it explicitly.
e: file:///workspace/scratch/7f3a71577b99/runtime-staging-key-root/app/src/test/java/uk/co/traynor/privategallery/core/security/staging/Phase3OwnedStagingKeyTest.kt:122:21 Unresolved reference 'stagingKey'.
e: file:///workspace/scratch/7f3a71577b99/runtime-staging-key-root/app/src/test/java/uk/co/traynor/privategallery/core/security/staging/Phase3OwnedStagingKeyTest.kt:124:117 Unresolved reference 'seal'.
e: file:///workspace/scratch/7f3a71577b99/runtime-staging-key-root/app/src/test/java/uk/co/traynor/privategallery/core/security/staging/Phase3OwnedStagingKeyTest.kt:124:228 Unresolved reference 'seal'.
e: file:///workspace/scratch/7f3a71577b99/runtime-staging-key-root/app/src/test/java/uk/co/traynor/privategallery/core/security/staging/Phase3OwnedStagingKeyTest.kt:128:30 Unresolved reference 'closeAcknowledged'.
e: file:///workspace/scratch/7f3a71577b99/runtime-staging-key-root/app/src/test/java/uk/co/traynor/privategallery/core/security/staging/Phase3OwnedStagingKeyTest.kt:128:171 Unresolved reference 'seal'.
e: file:///workspace/scratch/7f3a71577b99/runtime-staging-key-root/app/src/test/java/uk/co/traynor/privategallery/core/security/staging/Phase3OwnedStagingKeyTest.kt:132:29 Unresolved reference 'closeAcknowledged'.
e: file:///workspace/scratch/7f3a71577b99/runtime-staging-key-root/app/src/test/java/uk/co/traynor/privategallery/core/security/staging/Phase3OwnedStagingKeyTest.kt:132:249 Unresolved reference 'unlock'.
e: file:///workspace/scratch/7f3a71577b99/runtime-staging-key-root/app/src/test/java/uk/co/traynor/privategallery/core/security/staging/Phase3OwnedStagingKeyTest.kt:133:137 Unresolved reference 'unlock'.
e: file:///workspace/scratch/7f3a71577b99/runtime-staging-key-root/app/src/test/java/uk/co/traynor/privategallery/core/security/staging/Phase3OwnedStagingKeyTest.kt:133:217 Unresolved reference 'seal'.
e: file:///workspace/scratch/7f3a71577b99/runtime-staging-key-root/app/src/test/java/uk/co/traynor/privategallery/core/security/staging/Phase3OwnedStagingKeyTest.kt:136:133 Unresolved reference 'seal'.
e: file:///workspace/scratch/7f3a71577b99/runtime-staging-key-root/app/src/test/java/uk/co/traynor/privategallery/core/security/staging/Phase3OwnedStagingKeyTest.kt:140:122 Unresolved reference 'open'.
e: file:///workspace/scratch/7f3a71577b99/runtime-staging-key-root/app/src/test/java/uk/co/traynor/privategallery/core/security/staging/Phase3OwnedStagingKeyTest.kt:141:139 Unresolved reference 'open'.

FAILURE: Build failed with an exception.

* What went wrong:
Execution failed for task ':app:compileDebugUnitTestKotlin'.
> A failure occurred while executing org.jetbrains.kotlin.compilerRunner.GradleCompilerRunnerWithWorkers$GradleKotlinCompilerWorkAction
   > Compilation error. See log for more details

* Try:
> Run with --info or --debug option to get more log output.
> Run with --scan to get full insights.
> Get more help at https://help.gradle.org.

* Exception is:
org.gradle.api.tasks.TaskExecutionException: Execution failed for task ':app:compileDebugUnitTestKotlin'.
	at org.gradle.api.internal.tasks.execution.ExecuteActionsTaskExecuter.lambda$executeIfValid$1(ExecuteActionsTaskExecuter.java:130)
	at org.gradle.internal.Try$Failure.ifSuccessfulOrElse(Try.java:293)
	at org.gradle.api.internal.tasks.execution.ExecuteActionsTaskExecuter.executeIfValid(ExecuteActionsTaskExecuter.java:128)
	at org.gradle.api.internal.tasks.execution.ExecuteActionsTaskExecuter.execute(ExecuteActionsTaskExecuter.java:116)
	at org.gradle.api.internal.tasks.execution.FinalizePropertiesTaskExecuter.execute(FinalizePropertiesTaskExecuter.java:46)
	at org.gradle.api.internal.tasks.execution.ResolveTaskExecutionModeExecuter.execute(ResolveTaskExecutionModeExecuter.java:51)
	at org.gradle.api.internal.tasks.execution.SkipTaskWithNoActionsExecuter.execute(SkipTaskWithNoActionsExecuter.java:57)
	at org.gradle.api.internal.tasks.execution.SkipOnlyIfTaskExecuter.execute(SkipOnlyIfTaskExecuter.java:74)
	at org.gradle.api.internal.tasks.execution.CatchExceptionTaskExecuter.execute(CatchExceptionTaskExecuter.java:36)
	at org.gradle.api.internal.tasks.execution.EventFiringTaskExecuter$1.executeTask(EventFiringTaskExecuter.java:77)
	at org.gradle.api.internal.tasks.execution.EventFiringTaskExecuter$1.call(EventFiringTaskExecuter.java:55)
	at org.gradle.api.internal.tasks.execution.EventFiringTaskExecuter$1.call(EventFiringTaskExecuter.java:52)
	at org.gradle.internal.operations.DefaultBuildOperationRunner$CallableBuildOperationWorker.execute(DefaultBuildOperationRunner.java:209)
	at org.gradle.internal.operations.DefaultBuildOperationRunner$CallableBuildOperationWorker.execute(DefaultBuildOperationRunner.java:204)
	at org.gradle.internal.operations.DefaultBuildOperationRunner$2.execute(DefaultBuildOperationRunner.java:66)
	at org.gradle.internal.operations.DefaultBuildOperationRunner$2.execute(DefaultBuildOperationRunner.java:59)
	at org.gradle.internal.operations.DefaultBuildOperationRunner.execute(DefaultBuildOperationRunner.java:166)
	at org.gradle.internal.operations.DefaultBuildOperationRunner.execute(DefaultBuildOperationRunner.java:59)
	at org.gradle.internal.operations.DefaultBuildOperationRunner.call(DefaultBuildOperationRunner.java:53)
	at org.gradle.api.internal.tasks.execution.EventFiringTaskExecuter.execute(EventFiringTaskExecuter.java:52)
	at org.gradle.execution.plan.LocalTaskNodeExecutor.execute(LocalTaskNodeExecutor.java:42)
	at org.gradle.execution.taskgraph.DefaultTaskExecutionGraph$InvokeNodeExecutorsAction.execute(DefaultTaskExecutionGraph.java:331)
	at org.gradle.execution.taskgraph.DefaultTaskExecutionGraph$InvokeNodeExecutorsAction.execute(DefaultTaskExecutionGraph.java:318)
	at org.gradle.execution.taskgraph.DefaultTaskExecutionGraph$BuildOperationAwareExecutionAction.lambda$execute$0(DefaultTaskExecutionGraph.java:314)
	at org.gradle.internal.operations.CurrentBuildOperationRef.with(CurrentBuildOperationRef.java:85)
	at org.gradle.execution.taskgraph.DefaultTaskExecutionGraph$BuildOperationAwareExecutionAction.execute(DefaultTaskExecutionGraph.java:314)
	at org.gradle.execution.taskgraph.DefaultTaskExecutionGraph$BuildOperationAwareExecutionAction.execute(DefaultTaskExecutionGraph.java:303)
	at org.gradle.execution.plan.DefaultPlanExecutor$ExecutorWorker.execute(DefaultPlanExecutor.java:459)
	at org.gradle.execution.plan.DefaultPlanExecutor$ExecutorWorker.run(DefaultPlanExecutor.java:376)
	at org.gradle.execution.plan.DefaultPlanExecutor.process(DefaultPlanExecutor.java:111)
	at org.gradle.execution.taskgraph.DefaultTaskExecutionGraph.executeWithServices(DefaultTaskExecutionGraph.java:138)
	at org.gradle.execution.taskgraph.DefaultTaskExecutionGraph.execute(DefaultTaskExecutionGraph.java:123)
	at org.gradle.execution.SelectedTaskExecutionAction.execute(SelectedTaskExecutionAction.java:35)
	at org.gradle.execution.DryRunBuildExecutionAction.execute(DryRunBuildExecutionAction.java:51)
	at org.gradle.execution.BuildOperationFiringBuildWorkerExecutor$ExecuteTasks.call(BuildOperationFiringBuildWorkerExecutor.java:54)
	at org.gradle.execution.BuildOperationFiringBuildWorkerExecutor$ExecuteTasks.call(BuildOperationFiringBuildWorkerExecutor.java:43)
	at org.gradle.internal.operations.DefaultBuildOperationRunner$CallableBuildOperationWorker.execute(DefaultBuildOperationRunner.java:209)
	at org.gradle.internal.operations.DefaultBuildOperationRunner$CallableBuildOperationWorker.execute(DefaultBuildOperationRunner.java:204)
	at org.gradle.internal.operations.DefaultBuildOperationRunner$2.execute(DefaultBuildOperationRunner.java:66)
	at org.gradle.internal.operations.DefaultBuildOperationRunner$2.execute(DefaultBuildOperationRunner.java:59)
	at org.gradle.internal.operations.DefaultBuildOperationRunner.execute(DefaultBuildOperationRunner.java:166)
	at org.gradle.internal.operations.DefaultBuildOperationRunner.execute(DefaultBuildOperationRunner.java:59)
	at org.gradle.internal.operations.DefaultBuildOperationRunner.call(DefaultBuildOperationRunner.java:53)
	at org.gradle.execution.BuildOperationFiringBuildWorkerExecutor.execute(BuildOperationFiringBuildWorkerExecutor.java:40)
	at org.gradle.internal.build.DefaultBuildLifecycleController.lambda$executeTasks$10(DefaultBuildLifecycleController.java:313)
	at org.gradle.internal.model.StateTransitionController.doTransition(StateTransitionController.java:266)
	at org.gradle.internal.model.StateTransitionController.lambda$tryTransition$8(StateTransitionController.java:177)
	at org.gradle.internal.work.DefaultSynchronizer.withLock(DefaultSynchronizer.java:44)
	at org.gradle.internal.model.StateTransitionController.tryTransition(StateTransitionController.java:177)
	at org.gradle.internal.build.DefaultBuildLifecycleController.executeTasks(DefaultBuildLifecycleController.java:304)
	at org.gradle.internal.build.DefaultBuildWorkGraphController$DefaultBuildWorkGraph.runWork(DefaultBuildWorkGraphController.java:220)
	at org.gradle.internal.work.DefaultWorkerLeaseService.withLocks(DefaultWorkerLeaseService.java:263)
	at org.gradle.internal.work.DefaultWorkerLeaseService.runAsWorkerThread(DefaultWorkerLeaseService.java:127)
	at org.gradle.composite.internal.DefaultBuildController.doRun(DefaultBuildController.java:181)
	at org.gradle.composite.internal.DefaultBuildController.access$000(DefaultBuildController.java:50)
	at org.gradle.composite.internal.DefaultBuildController$BuildOpRunnable.lambda$run$0(DefaultBuildController.java:198)
	at org.gradle.internal.operations.CurrentBuildOperationRef.with(CurrentBuildOperationRef.java:85)
	at org.gradle.composite.internal.DefaultBuildController$BuildOpRunnable.run(DefaultBuildController.java:198)
	at org.gradle.internal.concurrent.ExecutorPolicy$CatchAndRecordFailures.onExecute(ExecutorPolicy.java:64)
	at org.gradle.internal.concurrent.AbstractManagedExecutor$1.run(AbstractManagedExecutor.java:48)
Caused by: org.gradle.workers.internal.DefaultWorkerExecutor$WorkExecutionException: A failure occurred while executing org.jetbrains.kotlin.compilerRunner.GradleCompilerRunnerWithWorkers$GradleKotlinCompilerWorkAction
	at org.gradle.workers.internal.DefaultWorkerExecutor$WorkItemExecution.waitForCompletion(DefaultWorkerExecutor.java:287)
	at org.gradle.internal.work.DefaultAsyncWorkTracker.lambda$waitForItemsAndGatherFailures$2(DefaultAsyncWorkTracker.java:130)
	at org.gradle.internal.Factories$1.create(Factories.java:31)
	at org.gradle.internal.work.DefaultWorkerLeaseService.withoutLocks(DefaultWorkerLeaseService.java:335)
	at org.gradle.internal.work.DefaultWorkerLeaseService.withoutLocks(DefaultWorkerLeaseService.java:318)
	at org.gradle.internal.work.DefaultWorkerLeaseService.withoutLock(DefaultWorkerLeaseService.java:323)
	at org.gradle.internal.work.DefaultAsyncWorkTracker.waitForItemsAndGatherFailures(DefaultAsyncWorkTracker.java:126)
	at org.gradle.internal.work.DefaultAsyncWorkTracker.waitForItemsAndGatherFailures(DefaultAsyncWorkTracker.java:92)
	at org.gradle.internal.work.DefaultAsyncWorkTracker.waitForAll(DefaultAsyncWorkTracker.java:78)
	at org.gradle.internal.work.DefaultAsyncWorkTracker.waitForCompletion(DefaultAsyncWorkTracker.java:66)
	at org.gradle.api.internal.tasks.execution.TaskExecution$3.run(TaskExecution.java:252)
	at org.gradle.internal.operations.DefaultBuildOperationRunner$1.execute(DefaultBuildOperationRunner.java:29)
	at org.gradle.internal.operations.DefaultBuildOperationRunner$1.execute(DefaultBuildOperationRunner.java:26)
	at org.gradle.internal.operations.DefaultBuildOperationRunner$2.execute(DefaultBuildOperationRunner.java:66)
	at org.gradle.internal.operations.DefaultBuildOperationRunner$2.execute(DefaultBuildOperationRunner.java:59)
	at org.gradle.internal.operations.DefaultBuildOperationRunner.execute(DefaultBuildOperationRunner.java:166)
	at org.gradle.internal.operations.DefaultBuildOperationRunner.execute(DefaultBuildOperationRunner.java:59)
	at org.gradle.internal.operations.DefaultBuildOperationRunner.run(DefaultBuildOperationRunner.java:47)
	at org.gradle.api.internal.tasks.execution.TaskExecution.executeAction(TaskExecution.java:229)
	at org.gradle.api.internal.tasks.execution.TaskExecution.executeActions(TaskExecution.java:212)
	at org.gradle.api.internal.tasks.execution.TaskExecution.executeWithPreviousOutputFiles(TaskExecution.java:195)
	at org.gradle.api.internal.tasks.execution.TaskExecution.execute(TaskExecution.java:162)
	at org.gradle.internal.execution.steps.ExecuteStep.executeInternal(ExecuteStep.java:105)
	at org.gradle.internal.execution.steps.ExecuteStep.access$000(ExecuteStep.java:44)
	at org.gradle.internal.execution.steps.ExecuteStep$1.call(ExecuteStep.java:59)
	at org.gradle.internal.execution.steps.ExecuteStep$1.call(ExecuteStep.java:56)
	at org.gradle.internal.operations.DefaultBuildOperationRunner$CallableBuildOperationWorker.execute(DefaultBuildOperationRunner.java:209)
	at org.gradle.internal.operations.DefaultBuildOperationRunner$CallableBuildOperationWorker.execute(DefaultBuildOperationRunner.java:204)
	at org.gradle.internal.operations.DefaultBuildOperationRunner$2.execute(DefaultBuildOperationRunner.java:66)
	at org.gradle.internal.operations.DefaultBuildOperationRunner$2.execute(DefaultBuildOperationRunner.java:59)
	at org.gradle.internal.operations.DefaultBuildOperationRunner.execute(DefaultBuildOperationRunner.java:166)
	at org.gradle.internal.operations.DefaultBuildOperationRunner.execute(DefaultBuildOperationRunner.java:59)
	at org.gradle.internal.operations.DefaultBuildOperationRunner.call(DefaultBuildOperationRunner.java:53)
	at org.gradle.internal.execution.steps.ExecuteStep.execute(ExecuteStep.java:56)
	at org.gradle.internal.execution.steps.ExecuteStep.execute(ExecuteStep.java:44)
	at org.gradle.internal.execution.steps.CancelExecutionStep.execute(CancelExecutionStep.java:42)
	at org.gradle.internal.execution.steps.TimeoutStep.executeWithoutTimeout(TimeoutStep.java:75)
	at org.gradle.internal.execution.steps.TimeoutStep.execute(TimeoutStep.java:55)
	at org.gradle.internal.execution.steps.PreCreateOutputParentsStep.execute(PreCreateOutputParentsStep.java:50)
	at org.gradle.internal.execution.steps.PreCreateOutputParentsStep.execute(PreCreateOutputParentsStep.java:28)
	at org.gradle.internal.execution.steps.RemovePreviousOutputsStep.execute(RemovePreviousOutputsStep.java:67)
	at org.gradle.internal.execution.steps.RemovePreviousOutputsStep.execute(RemovePreviousOutputsStep.java:37)
	at org.gradle.internal.execution.steps.BroadcastChangingOutputsStep.execute(BroadcastChangingOutputsStep.java:61)
	at org.gradle.internal.execution.steps.BroadcastChangingOutputsStep.execute(BroadcastChangingOutputsStep.java:26)
	at org.gradle.internal.execution.steps.CaptureOutputsAfterExecutionStep.execute(CaptureOutputsAfterExecutionStep.java:69)
	at org.gradle.internal.execution.steps.CaptureOutputsAfterExecutionStep.execute(CaptureOutputsAfterExecutionStep.java:46)
	at org.gradle.internal.execution.steps.ResolveInputChangesStep.execute(ResolveInputChangesStep.java:40)
	at org.gradle.internal.execution.steps.ResolveInputChangesStep.execute(ResolveInputChangesStep.java:29)
	at org.gradle.internal.execution.steps.BuildCacheStep.executeWithoutCache(BuildCacheStep.java:189)
	at org.gradle.internal.execution.steps.BuildCacheStep.lambda$execute$1(BuildCacheStep.java:75)
	at org.gradle.internal.Either$Right.fold(Either.java:175)
	at org.gradle.internal.execution.caching.CachingState.fold(CachingState.java:62)
	at org.gradle.internal.execution.steps.BuildCacheStep.execute(BuildCacheStep.java:73)
	at org.gradle.internal.execution.steps.BuildCacheStep.execute(BuildCacheStep.java:48)
	at org.gradle.internal.execution.steps.StoreExecutionStateStep.execute(StoreExecutionStateStep.java:46)
	at org.gradle.internal.execution.steps.StoreExecutionStateStep.execute(StoreExecutionStateStep.java:35)
	at org.gradle.internal.execution.steps.SkipUpToDateStep.executeBecause(SkipUpToDateStep.java:75)
	at org.gradle.internal.execution.steps.SkipUpToDateStep.lambda$execute$2(SkipUpToDateStep.java:53)
	at org.gradle.internal.execution.steps.SkipUpToDateStep.execute(SkipUpToDateStep.java:53)
	at org.gradle.internal.execution.steps.SkipUpToDateStep.execute(SkipUpToDateStep.java:35)
	at org.gradle.internal.execution.steps.legacy.MarkSnapshottingInputsFinishedStep.execute(MarkSnapshottingInputsFinishedStep.java:37)
	at org.gradle.internal.execution.steps.legacy.MarkSnapshottingInputsFinishedStep.execute(MarkSnapshottingInputsFinishedStep.java:27)
	at org.gradle.internal.execution.steps.ResolveIncrementalCachingStateStep.executeDelegate(ResolveIncrementalCachingStateStep.java:49)
	at org.gradle.internal.execution.steps.ResolveIncrementalCachingStateStep.executeDelegate(ResolveIncrementalCachingStateStep.java:27)
	at org.gradle.internal.execution.steps.AbstractResolveCachingStateStep.execute(AbstractResolveCachingStateStep.java:71)
	at org.gradle.internal.execution.steps.AbstractResolveCachingStateStep.execute(AbstractResolveCachingStateStep.java:39)
	at org.gradle.internal.execution.steps.ResolveChangesStep.execute(ResolveChangesStep.java:65)
	at org.gradle.internal.execution.steps.ResolveChangesStep.execute(ResolveChangesStep.java:36)
	at org.gradle.internal.execution.steps.ValidateStep.execute(ValidateStep.java:107)
	at org.gradle.internal.execution.steps.ValidateStep.execute(ValidateStep.java:56)
	at org.gradle.internal.execution.steps.AbstractCaptureStateBeforeExecutionStep.execute(AbstractCaptureStateBeforeExecutionStep.java:64)
	at org.gradle.internal.execution.steps.AbstractCaptureStateBeforeExecutionStep.execute(AbstractCaptureStateBeforeExecutionStep.java:43)
	at org.gradle.internal.execution.steps.AbstractSkipEmptyWorkStep.executeWithNonEmptySources(AbstractSkipEmptyWorkStep.java:125)
	at org.gradle.internal.execution.steps.AbstractSkipEmptyWorkStep.execute(AbstractSkipEmptyWorkStep.java:61)
	at org.gradle.internal.execution.steps.AbstractSkipEmptyWorkStep.execute(AbstractSkipEmptyWorkStep.java:36)
	at org.gradle.internal.execution.steps.legacy.MarkSnapshottingInputsStartedStep.execute(MarkSnapshottingInputsStartedStep.java:38)
	at org.gradle.internal.execution.steps.LoadPreviousExecutionStateStep.execute(LoadPreviousExecutionStateStep.java:36)
	at org.gradle.internal.execution.steps.LoadPreviousExecutionStateStep.execute(LoadPreviousExecutionStateStep.java:23)
	at org.gradle.internal.execution.steps.HandleStaleOutputsStep.execute(HandleStaleOutputsStep.java:75)
	at org.gradle.internal.execution.steps.HandleStaleOutputsStep.execute(HandleStaleOutputsStep.java:41)
	at org.gradle.internal.execution.steps.AssignMutableWorkspaceStep.lambda$execute$0(AssignMutableWorkspaceStep.java:35)
	at org.gradle.api.internal.tasks.execution.TaskExecution$4.withWorkspace(TaskExecution.java:289)
	at org.gradle.internal.execution.steps.AssignMutableWorkspaceStep.execute(AssignMutableWorkspaceStep.java:31)
	at org.gradle.internal.execution.steps.AssignMutableWorkspaceStep.execute(AssignMutableWorkspaceStep.java:22)
	at org.gradle.internal.execution.steps.ChoosePipelineStep.execute(ChoosePipelineStep.java:40)
	at org.gradle.internal.execution.steps.ChoosePipelineStep.execute(ChoosePipelineStep.java:23)
	at org.gradle.internal.execution.steps.ExecuteWorkBuildOperationFiringStep.lambda$execute$2(ExecuteWorkBuildOperationFiringStep.java:67)
	at org.gradle.internal.execution.steps.ExecuteWorkBuildOperationFiringStep.execute(ExecuteWorkBuildOperationFiringStep.java:67)
	at org.gradle.internal.execution.steps.ExecuteWorkBuildOperationFiringStep.execute(ExecuteWorkBuildOperationFiringStep.java:39)
	at org.gradle.internal.execution.steps.IdentityCacheStep.execute(IdentityCacheStep.java:46)
	at org.gradle.internal.execution.steps.IdentityCacheStep.execute(IdentityCacheStep.java:34)
	at org.gradle.internal.execution.steps.IdentifyStep.execute(IdentifyStep.java:48)
	at org.gradle.internal.execution.steps.IdentifyStep.execute(IdentifyStep.java:35)
	at org.gradle.internal.execution.impl.DefaultExecutionEngine$1.execute(DefaultExecutionEngine.java:61)
	at org.gradle.api.internal.tasks.execution.ExecuteActionsTaskExecuter.executeIfValid(ExecuteActionsTaskExecuter.java:127)
	at org.gradle.api.internal.tasks.execution.ExecuteActionsTaskExecuter.execute(ExecuteActionsTaskExecuter.java:116)
	at org.gradle.api.internal.tasks.execution.FinalizePropertiesTaskExecuter.execute(FinalizePropertiesTaskExecuter.java:46)
	at org.gradle.api.internal.tasks.execution.ResolveTaskExecutionModeExecuter.execute(ResolveTaskExecutionModeExecuter.java:51)
	at org.gradle.api.internal.tasks.execution.SkipTaskWithNoActionsExecuter.execute(SkipTaskWithNoActionsExecuter.java:57)
	at org.gradle.api.internal.tasks.execution.SkipOnlyIfTaskExecuter.execute(SkipOnlyIfTaskExecuter.java:74)
	at org.gradle.api.internal.tasks.execution.CatchExceptionTaskExecuter.execute(CatchExceptionTaskExecuter.java:36)
	at org.gradle.api.internal.tasks.execution.EventFiringTaskExecuter$1.executeTask(EventFiringTaskExecuter.java:77)
	at org.gradle.api.internal.tasks.execution.EventFiringTaskExecuter$1.call(EventFiringTaskExecuter.java:55)
	at org.gradle.api.internal.tasks.execution.EventFiringTaskExecuter$1.call(EventFiringTaskExecuter.java:52)
	at org.gradle.internal.operations.DefaultBuildOperationRunner$CallableBuildOperationWorker.execute(DefaultBuildOperationRunner.java:209)
	at org.gradle.internal.operations.DefaultBuildOperationRunner$CallableBuildOperationWorker.execute(DefaultBuildOperationRunner.java:204)
	at org.gradle.internal.operations.DefaultBuildOperationRunner$2.execute(DefaultBuildOperationRunner.java:66)
	at org.gradle.internal.operations.DefaultBuildOperationRunner$2.execute(DefaultBuildOperationRunner.java:59)
	at org.gradle.internal.operations.DefaultBuildOperationRunner.execute(DefaultBuildOperationRunner.java:166)
	at org.gradle.internal.operations.DefaultBuildOperationRunner.execute(DefaultBuildOperationRunner.java:59)
	at org.gradle.internal.operations.DefaultBuildOperationRunner.call(DefaultBuildOperationRunner.java:53)
	at org.gradle.api.internal.tasks.execution.EventFiringTaskExecuter.execute(EventFiringTaskExecuter.java:52)
	at org.gradle.execution.plan.LocalTaskNodeExecutor.execute(LocalTaskNodeExecutor.java:42)
	at org.gradle.execution.taskgraph.DefaultTaskExecutionGraph$InvokeNodeExecutorsAction.execute(DefaultTaskExecutionGraph.java:331)
	at org.gradle.execution.taskgraph.DefaultTaskExecutionGraph$InvokeNodeExecutorsAction.execute(DefaultTaskExecutionGraph.java:318)
	at org.gradle.execution.taskgraph.DefaultTaskExecutionGraph$BuildOperationAwareExecutionAction.lambda$execute$0(DefaultTaskExecutionGraph.java:314)
	at org.gradle.internal.operations.CurrentBuildOperationRef.with(CurrentBuildOperationRef.java:85)
	at org.gradle.execution.taskgraph.DefaultTaskExecutionGraph$BuildOperationAwareExecutionAction.execute(DefaultTaskExecutionGraph.java:314)
	at org.gradle.execution.taskgraph.DefaultTaskExecutionGraph$BuildOperationAwareExecutionAction.execute(DefaultTaskExecutionGraph.java:303)
	at org.gradle.execution.plan.DefaultPlanExecutor$ExecutorWorker.execute(DefaultPlanExecutor.java:459)
	at org.gradle.execution.plan.DefaultPlanExecutor$ExecutorWorker.run(DefaultPlanExecutor.java:376)
	at org.gradle.execution.plan.DefaultPlanExecutor.process(DefaultPlanExecutor.java:111)
	at org.gradle.execution.taskgraph.DefaultTaskExecutionGraph.executeWithServices(DefaultTaskExecutionGraph.java:138)
	at org.gradle.execution.taskgraph.DefaultTaskExecutionGraph.execute(DefaultTaskExecutionGraph.java:123)
	at org.gradle.execution.SelectedTaskExecutionAction.execute(SelectedTaskExecutionAction.java:35)
	at org.gradle.execution.DryRunBuildExecutionAction.execute(DryRunBuildExecutionAction.java:51)
	at org.gradle.execution.BuildOperationFiringBuildWorkerExecutor$ExecuteTasks.call(BuildOperationFiringBuildWorkerExecutor.java:54)
	at org.gradle.execution.BuildOperationFiringBuildWorkerExecutor$ExecuteTasks.call(BuildOperationFiringBuildWorkerExecutor.java:43)
	at org.gradle.internal.operations.DefaultBuildOperationRunner$CallableBuildOperationWorker.execute(DefaultBuildOperationRunner.java:209)
	at org.gradle.internal.operations.DefaultBuildOperationRunner$CallableBuildOperationWorker.execute(DefaultBuildOperationRunner.java:204)
	at org.gradle.internal.operations.DefaultBuildOperationRunner$2.execute(DefaultBuildOperationRunner.java:66)
	at org.gradle.internal.operations.DefaultBuildOperationRunner$2.execute(DefaultBuildOperationRunner.java:59)
	at org.gradle.internal.operations.DefaultBuildOperationRunner.execute(DefaultBuildOperationRunner.java:166)
	at org.gradle.internal.operations.DefaultBuildOperationRunner.execute(DefaultBuildOperationRunner.java:59)
	at org.gradle.internal.operations.DefaultBuildOperationRunner.call(DefaultBuildOperationRunner.java:53)
	at org.gradle.execution.BuildOperationFiringBuildWorkerExecutor.execute(BuildOperationFiringBuildWorkerExecutor.java:40)
	at org.gradle.internal.build.DefaultBuildLifecycleController.lambda$executeTasks$10(DefaultBuildLifecycleController.java:313)
	at org.gradle.internal.model.StateTransitionController.doTransition(StateTransitionController.java:266)
	at org.gradle.internal.model.StateTransitionController.lambda$tryTransition$8(StateTransitionController.java:177)
	at org.gradle.internal.work.DefaultSynchronizer.withLock(DefaultSynchronizer.java:44)
	at org.gradle.internal.model.StateTransitionController.tryTransition(StateTransitionController.java:177)
	at org.gradle.internal.build.DefaultBuildLifecycleController.executeTasks(DefaultBuildLifecycleController.java:304)
	at org.gradle.internal.build.DefaultBuildWorkGraphController$DefaultBuildWorkGraph.runWork(DefaultBuildWorkGraphController.java:220)
	at org.gradle.internal.work.DefaultWorkerLeaseService.withLocks(DefaultWorkerLeaseService.java:263)
	at org.gradle.internal.work.DefaultWorkerLeaseService.runAsWorkerThread(DefaultWorkerLeaseService.java:127)
	at org.gradle.composite.internal.DefaultBuildController.doRun(DefaultBuildController.java:181)
	at org.gradle.composite.internal.DefaultBuildController.access$000(DefaultBuildController.java:50)
	at org.gradle.composite.internal.DefaultBuildController$BuildOpRunnable.lambda$run$0(DefaultBuildController.java:198)
	at org.gradle.internal.operations.CurrentBuildOperationRef.with(CurrentBuildOperationRef.java:85)
	at org.gradle.composite.internal.DefaultBuildController$BuildOpRunnable.run(DefaultBuildController.java:198)
	at org.gradle.internal.concurrent.ExecutorPolicy$CatchAndRecordFailures.onExecute(ExecutorPolicy.java:64)
	at org.gradle.internal.concurrent.AbstractManagedExecutor$1.run(AbstractManagedExecutor.java:48)
Caused by: org.jetbrains.kotlin.gradle.tasks.CompilationErrorException: Compilation error. See log for more details
	at org.jetbrains.kotlin.gradle.tasks.TasksUtilsKt.throwExceptionIfCompilationFailed(tasksUtils.kt:21)
	at org.jetbrains.kotlin.compilerRunner.GradleKotlinCompilerWork.run(GradleKotlinCompilerWork.kt:119)
	at org.jetbrains.kotlin.compilerRunner.GradleCompilerRunnerWithWorkers$GradleKotlinCompilerWorkAction.execute(GradleCompilerRunnerWithWorkers.kt:76)
	at org.gradle.workers.internal.DefaultWorkerServer.execute(DefaultWorkerServer.java:63)
	at org.gradle.workers.internal.NoIsolationWorkerFactory$1$1.create(NoIsolationWorkerFactory.java:66)
	at org.gradle.workers.internal.NoIsolationWorkerFactory$1$1.create(NoIsolationWorkerFactory.java:62)
	at org.gradle.internal.classloader.ClassLoaderUtils.executeInClassloader(ClassLoaderUtils.java:100)
	at org.gradle.workers.internal.NoIsolationWorkerFactory$1.lambda$execute$0(NoIsolationWorkerFactory.java:62)
	at org.gradle.workers.internal.AbstractWorker$1.call(AbstractWorker.java:44)
	at org.gradle.workers.internal.AbstractWorker$1.call(AbstractWorker.java:41)
	at org.gradle.internal.operations.DefaultBuildOperationRunner$CallableBuildOperationWorker.execute(DefaultBuildOperationRunner.java:209)
	at org.gradle.internal.operations.DefaultBuildOperationRunner$CallableBuildOperationWorker.execute(DefaultBuildOperationRunner.java:204)
	at org.gradle.internal.operations.DefaultBuildOperationRunner$2.execute(DefaultBuildOperationRunner.java:66)
	at org.gradle.internal.operations.DefaultBuildOperationRunner$2.execute(DefaultBuildOperationRunner.java:59)
	at org.gradle.internal.operations.DefaultBuildOperationRunner.execute(DefaultBuildOperationRunner.java:166)
	at org.gradle.internal.operations.DefaultBuildOperationRunner.execute(DefaultBuildOperationRunner.java:59)
	at org.gradle.internal.operations.DefaultBuildOperationRunner.call(DefaultBuildOperationRunner.java:53)
	at org.gradle.workers.internal.AbstractWorker.executeWrappedInBuildOperation(AbstractWorker.java:41)
	at org.gradle.workers.internal.NoIsolationWorkerFactory$1.execute(NoIsolationWorkerFactory.java:59)
	at org.gradle.workers.internal.DefaultWorkerExecutor.lambda$submitWork$0(DefaultWorkerExecutor.java:174)
	at org.gradle.internal.work.DefaultConditionalExecutionQueue$ExecutionRunner.runExecution(DefaultConditionalExecutionQueue.java:194)
	at org.gradle.internal.work.DefaultConditionalExecutionQueue$ExecutionRunner.access$700(DefaultConditionalExecutionQueue.java:127)
	at org.gradle.internal.work.DefaultConditionalExecutionQueue$ExecutionRunner$1.run(DefaultConditionalExecutionQueue.java:169)
	at org.gradle.internal.Factories$1.create(Factories.java:31)
	at org.gradle.internal.work.DefaultWorkerLeaseService.withLocks(DefaultWorkerLeaseService.java:263)
	at org.gradle.internal.work.DefaultWorkerLeaseService.runAsWorkerThread(DefaultWorkerLeaseService.java:127)
	at org.gradle.internal.work.DefaultWorkerLeaseService.runAsWorkerThread(DefaultWorkerLeaseService.java:132)
	at org.gradle.internal.work.DefaultConditionalExecutionQueue$ExecutionRunner.runBatch(DefaultConditionalExecutionQueue.java:164)
	at org.gradle.internal.work.DefaultConditionalExecutionQueue$ExecutionRunner.run(DefaultConditionalExecutionQueue.java:133)
	... 2 more


BUILD FAILED in 1m 9s
19 actionable tasks: 19 executed
