To honour the JVM settings for this build a single-use Daemon process will be forked. For more on this, please refer to https://docs.gradle.org/8.10.2/userguide/gradle_daemon.html#sec:disabling_the_daemon in the Gradle documentation.
Daemon will be stopped at the end of the build 
> Task :app:checkKotlinGradlePluginConfigurationErrors SKIPPED
> Task :app:preBuild UP-TO-DATE
> Task :app:preDebugBuild UP-TO-DATE
> Task :app:generateDebugBuildConfig UP-TO-DATE
> Task :app:checkDebugAarMetadata UP-TO-DATE
> Task :app:generateDebugResValues UP-TO-DATE
> Task :app:mapDebugSourceSetPaths UP-TO-DATE
> Task :app:generateDebugResources UP-TO-DATE
> Task :app:mergeDebugResources UP-TO-DATE
> Task :app:packageDebugResources UP-TO-DATE
> Task :app:parseDebugLocalResources UP-TO-DATE
> Task :app:createDebugCompatibleScreenManifests UP-TO-DATE
> Task :app:extractDeepLinksDebug UP-TO-DATE
> Task :app:processDebugMainManifest UP-TO-DATE
> Task :app:processDebugManifest UP-TO-DATE
> Task :app:processDebugManifestForPackage UP-TO-DATE
> Task :app:processDebugResources UP-TO-DATE
> Task :app:javaPreCompileDebug UP-TO-DATE
> Task :app:preDebugUnitTestBuild UP-TO-DATE
> Task :app:javaPreCompileDebugUnitTest UP-TO-DATE
> Task :app:compileDebugKotlin
w: file:///workspace/scratch/7f3a71577b99/runtime-video-segment/app/src/main/java/uk/co/traynor/privategallery/MainActivity.kt:1230:18 This declaration overrides a deprecated member but is not marked as deprecated itself. Please add the '@Deprecated' annotation or suppress the diagnostic.
w: file:///workspace/scratch/7f3a71577b99/runtime-video-segment/app/src/main/java/uk/co/traynor/privategallery/MainActivity.kt:1245:15 'fun onBackPressed(): Unit' is deprecated. This method has been deprecated in favor of using the
      {@link OnBackPressedDispatcher} via {@link #getOnBackPressedDispatcher()}.
      The OnBackPressedDispatcher controls how back button events are dispatched
      to one or more {@link OnBackPressedCallback} objects.
w: file:///workspace/scratch/7f3a71577b99/runtime-video-segment/app/src/main/java/uk/co/traynor/privategallery/MainActivity.kt:3072:83 'val Icons.Filled.ArrowBack: ImageVector' is deprecated. Use the AutoMirrored version at Icons.AutoMirrored.Filled.ArrowBack.
w: file:///workspace/scratch/7f3a71577b99/runtime-video-segment/app/src/main/java/uk/co/traynor/privategallery/MainActivity.kt:3077:80 'val Icons.Filled.ArrowBack: ImageVector' is deprecated. Use the AutoMirrored version at Icons.AutoMirrored.Filled.ArrowBack.
w: file:///workspace/scratch/7f3a71577b99/runtime-video-segment/app/src/main/java/uk/co/traynor/privategallery/core/browser/v2/SecureWebViewFactory.kt:43:13 'var databaseEnabled: Boolean' is deprecated. Deprecated in Java.
w: file:///workspace/scratch/7f3a71577b99/runtime-video-segment/app/src/main/java/uk/co/traynor/privategallery/core/browser/v2/SecureWebViewFactory.kt:46:13 'var allowFileAccessFromFileURLs: Boolean' is deprecated. Deprecated in Java.
w: file:///workspace/scratch/7f3a71577b99/runtime-video-segment/app/src/main/java/uk/co/traynor/privategallery/core/browser/v2/SecureWebViewFactory.kt:47:13 'var allowUniversalAccessFromFileURLs: Boolean' is deprecated. Deprecated in Java.
w: file:///workspace/scratch/7f3a71577b99/runtime-video-segment/app/src/main/java/uk/co/traynor/privategallery/core/domain/SecondaryBiometricSlot.kt:189:17 'fun setUserAuthenticationValidityDurationSeconds(p0: Int): KeyGenParameterSpec.Builder' is deprecated. Deprecated in Java.
w: file:///workspace/scratch/7f3a71577b99/runtime-video-segment/app/src/main/java/uk/co/traynor/privategallery/core/domain/SecondaryBiometricSlot.kt:211:17 'val isInsideSecureHardware: Boolean' is deprecated. Deprecated in Java.
w: file:///workspace/scratch/7f3a71577b99/runtime-video-segment/app/src/main/java/uk/co/traynor/privategallery/core/security/PrimarySessionAuthority.kt:15:25 Non-public primary constructor is exposed via the generated 'copy()' method of the 'data' class.

The generated 'copy()' will change its visibility in future releases.

To suppress the warning do one of the following:
- Annotate the data class with the '@ConsistentCopyVisibility' annotation.
- Use the '-Xconsistent-data-class-copy-visibility' compiler flag.
- Annotate the data class with the '@ExposedCopyVisibility' annotation 
  (Discouraged, but can be used to keep binary compatibility).

To learn more, see the documentation of the '@ConsistentCopyVisibility' and '@ExposedCopyVisibility' annotations.

This will become an error in Kotlin 2.1.
w: file:///workspace/scratch/7f3a71577b99/runtime-video-segment/app/src/main/java/uk/co/traynor/privategallery/core/security/PrimarySessionAuthority.kt:16:24 Non-public primary constructor is exposed via the generated 'copy()' method of the 'data' class.

The generated 'copy()' will change its visibility in future releases.

To suppress the warning do one of the following:
- Annotate the data class with the '@ConsistentCopyVisibility' annotation.
- Use the '-Xconsistent-data-class-copy-visibility' compiler flag.
- Annotate the data class with the '@ExposedCopyVisibility' annotation 
  (Discouraged, but can be used to keep binary compatibility).

To learn more, see the documentation of the '@ConsistentCopyVisibility' and '@ExposedCopyVisibility' annotations.

This will become an error in Kotlin 2.1.
w: file:///workspace/scratch/7f3a71577b99/runtime-video-segment/app/src/main/java/uk/co/traynor/privategallery/core/security/PrimarySessionAuthority.kt:17:29 Non-public primary constructor is exposed via the generated 'copy()' method of the 'data' class.

The generated 'copy()' will change its visibility in future releases.

To suppress the warning do one of the following:
- Annotate the data class with the '@ConsistentCopyVisibility' annotation.
- Use the '-Xconsistent-data-class-copy-visibility' compiler flag.
- Annotate the data class with the '@ExposedCopyVisibility' annotation 
  (Discouraged, but can be used to keep binary compatibility).

To learn more, see the documentation of the '@ConsistentCopyVisibility' and '@ExposedCopyVisibility' annotations.

This will become an error in Kotlin 2.1.
w: file:///workspace/scratch/7f3a71577b99/runtime-video-segment/app/src/main/java/uk/co/traynor/privategallery/core/security/PrimarySessionAuthority.kt:23:35 Non-public primary constructor is exposed via the generated 'copy()' method of the 'data' class.

The generated 'copy()' will change its visibility in future releases.

To suppress the warning do one of the following:
- Annotate the data class with the '@ConsistentCopyVisibility' annotation.
- Use the '-Xconsistent-data-class-copy-visibility' compiler flag.
- Annotate the data class with the '@ExposedCopyVisibility' annotation 
  (Discouraged, but can be used to keep binary compatibility).

To learn more, see the documentation of the '@ConsistentCopyVisibility' and '@ExposedCopyVisibility' annotations.

This will become an error in Kotlin 2.1.
w: file:///workspace/scratch/7f3a71577b99/runtime-video-segment/app/src/main/java/uk/co/traynor/privategallery/core/security/PrimarySessionAuthority.kt:29:32 Non-public primary constructor is exposed via the generated 'copy()' method of the 'data' class.

The generated 'copy()' will change its visibility in future releases.

To suppress the warning do one of the following:
- Annotate the data class with the '@ConsistentCopyVisibility' annotation.
- Use the '-Xconsistent-data-class-copy-visibility' compiler flag.
- Annotate the data class with the '@ExposedCopyVisibility' annotation 
  (Discouraged, but can be used to keep binary compatibility).

To learn more, see the documentation of the '@ConsistentCopyVisibility' and '@ExposedCopyVisibility' annotations.

This will become an error in Kotlin 2.1.
w: file:///workspace/scratch/7f3a71577b99/runtime-video-segment/app/src/main/java/uk/co/traynor/privategallery/ui/BrowserVideoFullscreen.kt:67:100 'static field FLAG_FULLSCREEN: Int' is deprecated. Deprecated in Java.
w: file:///workspace/scratch/7f3a71577b99/runtime-video-segment/app/src/main/java/uk/co/traynor/privategallery/ui/BrowserVideoFullscreen.kt:68:66 'static field FLAG_FULLSCREEN: Int' is deprecated. Deprecated in Java.
w: file:///workspace/scratch/7f3a71577b99/runtime-video-segment/app/src/main/java/uk/co/traynor/privategallery/ui/BrowserVideoFullscreen.kt:74:92 'static field FLAG_FULLSCREEN: Int' is deprecated. Deprecated in Java.
w: file:///workspace/scratch/7f3a71577b99/runtime-video-segment/app/src/main/java/uk/co/traynor/privategallery/ui/FullscreenMediaViewer.kt:270:53 This declaration needs opt-in. Its usage should be marked with '@kotlinx.coroutines.ExperimentalCoroutinesApi' or '@OptIn(kotlinx.coroutines.ExperimentalCoroutinesApi::class)'
w: file:///workspace/scratch/7f3a71577b99/runtime-video-segment/app/src/main/java/uk/co/traynor/privategallery/ui/PhotoEditor.kt:63:21 'val LocalLifecycleOwner: ProvidableCompositionLocal<LifecycleOwner>' is deprecated. Moved to lifecycle-runtime-compose library in androidx.lifecycle.compose package.
w: file:///workspace/scratch/7f3a71577b99/runtime-video-segment/app/src/main/java/uk/co/traynor/privategallery/ui/PhotoEditor.kt:134:53 This declaration needs opt-in. Its usage should be marked with '@kotlinx.coroutines.ExperimentalCoroutinesApi' or '@OptIn(kotlinx.coroutines.ExperimentalCoroutinesApi::class)'
w: file:///workspace/scratch/7f3a71577b99/runtime-video-segment/app/src/main/java/uk/co/traynor/privategallery/ui/PhotoEditor.kt:303:227 'val Icons.Filled.RotateRight: ImageVector' is deprecated. Use the AutoMirrored version at Icons.AutoMirrored.Filled.RotateRight.
w: file:///workspace/scratch/7f3a71577b99/runtime-video-segment/app/src/main/java/uk/co/traynor/privategallery/ui/PhotoEditor.kt:327:34 Condition is always 'true'.
w: file:///workspace/scratch/7f3a71577b99/runtime-video-segment/app/src/main/java/uk/co/traynor/privategallery/ui/PrivateBrowser.kt:833:13 'var databaseEnabled: Boolean' is deprecated. Deprecated in Java.
w: file:///workspace/scratch/7f3a71577b99/runtime-video-segment/app/src/main/java/uk/co/traynor/privategallery/ui/PrivateBrowser.kt:836:13 'var allowFileAccessFromFileURLs: Boolean' is deprecated. Deprecated in Java.
w: file:///workspace/scratch/7f3a71577b99/runtime-video-segment/app/src/main/java/uk/co/traynor/privategallery/ui/PrivateBrowser.kt:837:13 'var allowUniversalAccessFromFileURLs: Boolean' is deprecated. Deprecated in Java.
w: file:///workspace/scratch/7f3a71577b99/runtime-video-segment/app/src/main/java/uk/co/traynor/privategallery/ui/PrivateBrowser.kt:972:25 'var allowFileAccessFromFileURLs: Boolean' is deprecated. Deprecated in Java.
w: file:///workspace/scratch/7f3a71577b99/runtime-video-segment/app/src/main/java/uk/co/traynor/privategallery/ui/PrivateBrowser.kt:973:25 'var allowUniversalAccessFromFileURLs: Boolean' is deprecated. Deprecated in Java.
w: file:///workspace/scratch/7f3a71577b99/runtime-video-segment/app/src/main/java/uk/co/traynor/privategallery/ui/PrivateVideoPlayer.kt:202:85 'val Icons.Filled.ArrowBack: ImageVector' is deprecated. Use the AutoMirrored version at Icons.AutoMirrored.Filled.ArrowBack.
w: file:///workspace/scratch/7f3a71577b99/runtime-video-segment/app/src/main/java/uk/co/traynor/privategallery/ui/PrivateVideoPlayer.kt:205:125 'val Icons.Filled.VolumeOff: ImageVector' is deprecated. Use the AutoMirrored version at Icons.AutoMirrored.Filled.VolumeOff.
w: file:///workspace/scratch/7f3a71577b99/runtime-video-segment/app/src/main/java/uk/co/traynor/privategallery/ui/PrivateVideoPlayer.kt:205:154 'val Icons.Filled.VolumeUp: ImageVector' is deprecated. Use the AutoMirrored version at Icons.AutoMirrored.Filled.VolumeUp.

> Task :app:compileDebugJavaWithJavac UP-TO-DATE
> Task :app:bundleDebugClassesToRuntimeJar
> Task :app:bundleDebugClassesToCompileJar
> Task :app:processDebugJavaRes

> Task :app:compileDebugUnitTestKotlin FAILED
e: file:///workspace/scratch/7f3a71577b99/runtime-video-segment/app/src/test/java/uk/co/traynor/privategallery/core/browser/v2/Phase3VideoSegmentOwnershipTest.kt:26:59 No value passed for parameter 'headers'.
e: file:///workspace/scratch/7f3a71577b99/runtime-video-segment/app/src/test/java/uk/co/traynor/privategallery/core/browser/v2/Phase3VideoSegmentOwnershipTest.kt:37:152 Argument type mismatch: actual type is 'uk.co.traynor.privategallery.core.browser.v2.Phase3VideoSegmentOwnershipTest.Fake', but 'java.net.HttpURLConnection' was expected.
e: file:///workspace/scratch/7f3a71577b99/runtime-video-segment/app/src/test/java/uk/co/traynor/privategallery/core/browser/v2/Phase3VideoSegmentOwnershipTest.kt:37:156 No value passed for parameter 'headers'.
e: file:///workspace/scratch/7f3a71577b99/runtime-video-segment/app/src/test/java/uk/co/traynor/privategallery/core/browser/v2/Phase3VideoSegmentOwnershipTest.kt:45:125 Argument type mismatch: actual type is 'uk.co.traynor.privategallery.core.browser.v2.Phase3VideoSegmentOwnershipTest.Fake', but 'java.net.HttpURLConnection' was expected.
e: file:///workspace/scratch/7f3a71577b99/runtime-video-segment/app/src/test/java/uk/co/traynor/privategallery/core/browser/v2/Phase3VideoSegmentOwnershipTest.kt:45:181 No value passed for parameter 'headers'.
e: file:///workspace/scratch/7f3a71577b99/runtime-video-segment/app/src/test/java/uk/co/traynor/privategallery/core/browser/v2/Phase3VideoSegmentOwnershipTest.kt:45:237 No value passed for parameter 'headers'.
e: file:///workspace/scratch/7f3a71577b99/runtime-video-segment/app/src/test/java/uk/co/traynor/privategallery/core/browser/v2/Phase3VideoSegmentOwnershipTest.kt:51:138 Argument type mismatch: actual type is 'uk.co.traynor.privategallery.core.browser.v2.Phase3VideoSegmentOwnershipTest.Fake', but 'java.net.HttpURLConnection' was expected.
e: file:///workspace/scratch/7f3a71577b99/runtime-video-segment/app/src/test/java/uk/co/traynor/privategallery/core/browser/v2/Phase3VideoSegmentOwnershipTest.kt:51:164 No value passed for parameter 'headers'.
e: file:///workspace/scratch/7f3a71577b99/runtime-video-segment/app/src/test/java/uk/co/traynor/privategallery/core/browser/v2/Phase3VideoSegmentOwnershipTest.kt:56:154 Argument type mismatch: actual type is 'uk.co.traynor.privategallery.core.browser.v2.Phase3VideoSegmentOwnershipTest.Fake', but 'java.net.HttpURLConnection' was expected.
e: file:///workspace/scratch/7f3a71577b99/runtime-video-segment/app/src/test/java/uk/co/traynor/privategallery/core/browser/v2/Phase3VideoSegmentOwnershipTest.kt:56:180 No value passed for parameter 'headers'.
e: file:///workspace/scratch/7f3a71577b99/runtime-video-segment/app/src/test/java/uk/co/traynor/privategallery/core/browser/v2/Phase3VideoSegmentOwnershipTest.kt:60:61 No value passed for parameter 'headers'.
e: file:///workspace/scratch/7f3a71577b99/runtime-video-segment/app/src/test/java/uk/co/traynor/privategallery/core/browser/v2/Phase3VideoSegmentOwnershipTest.kt:60:113 No value passed for parameter 'headers'.
e: file:///workspace/scratch/7f3a71577b99/runtime-video-segment/app/src/test/java/uk/co/traynor/privategallery/core/browser/v2/Phase3VideoSegmentOwnershipTest.kt:61:124 Argument type mismatch: actual type is 'uk.co.traynor.privategallery.core.browser.v2.Phase3VideoSegmentOwnershipTest.Fake', but 'java.net.HttpURLConnection' was expected.
e: file:///workspace/scratch/7f3a71577b99/runtime-video-segment/app/src/test/java/uk/co/traynor/privategallery/core/browser/v2/Phase3VideoSegmentOwnershipTest.kt:62:125 Unresolved reference 'getRequestProperty'.
e: file:///workspace/scratch/7f3a71577b99/runtime-video-segment/app/src/test/java/uk/co/traynor/privategallery/core/browser/v2/Phase3VideoSegmentOwnershipTest.kt:62:195 Unresolved reference 'getRequestProperty'.
e: file:///workspace/scratch/7f3a71577b99/runtime-video-segment/app/src/test/java/uk/co/traynor/privategallery/core/browser/v2/Phase3VideoSegmentOwnershipTest.kt:62:257 Unresolved reference 'getRequestProperty'.
e: file:///workspace/scratch/7f3a71577b99/runtime-video-segment/app/src/test/java/uk/co/traynor/privategallery/core/browser/v2/Phase3VideoSegmentOwnershipTest.kt:62:334 Unresolved reference 'getRequestProperty'.
e: file:///workspace/scratch/7f3a71577b99/runtime-video-segment/app/src/test/java/uk/co/traynor/privategallery/core/browser/v2/Phase3VideoSegmentOwnershipTest.kt:62:407 Unresolved reference 'getRequestProperty'.
e: file:///workspace/scratch/7f3a71577b99/runtime-video-segment/app/src/test/java/uk/co/traynor/privategallery/core/browser/v2/Phase3VideoSegmentOwnershipTest.kt:62:463 Unresolved reference 'requestMethod'.
e: file:///workspace/scratch/7f3a71577b99/runtime-video-segment/app/src/test/java/uk/co/traynor/privategallery/core/browser/v2/Phase3VideoSegmentOwnershipTest.kt:62:497 Unresolved reference 'instanceFollowRedirects'.
e: file:///workspace/scratch/7f3a71577b99/runtime-video-segment/app/src/test/java/uk/co/traynor/privategallery/core/browser/v2/Phase3VideoSegmentOwnershipTest.kt:66:164 No value passed for parameter 'headers'.
e: file:///workspace/scratch/7f3a71577b99/runtime-video-segment/app/src/test/java/uk/co/traynor/privategallery/core/browser/v2/Phase3VideoSegmentOwnershipTest.kt:73:173 Argument type mismatch: actual type is 'uk.co.traynor.privategallery.core.browser.v2.Phase3VideoSegmentOwnershipTest.Fake', but 'java.net.HttpURLConnection' was expected.
e: file:///workspace/scratch/7f3a71577b99/runtime-video-segment/app/src/test/java/uk/co/traynor/privategallery/core/browser/v2/Phase3VideoSegmentOwnershipTest.kt:73:177 No value passed for parameter 'headers'.
e: file:///workspace/scratch/7f3a71577b99/runtime-video-segment/app/src/test/java/uk/co/traynor/privategallery/core/browser/v2/Phase3VideoSegmentOwnershipTest.kt:81:194 Argument type mismatch: actual type is 'uk.co.traynor.privategallery.core.browser.v2.Phase3VideoSegmentOwnershipTest.Fake', but 'java.net.HttpURLConnection' was expected.
e: file:///workspace/scratch/7f3a71577b99/runtime-video-segment/app/src/test/java/uk/co/traynor/privategallery/core/browser/v2/Phase3VideoSegmentOwnershipTest.kt:81:198 No value passed for parameter 'headers'.
e: file:///workspace/scratch/7f3a71577b99/runtime-video-segment/app/src/test/java/uk/co/traynor/privategallery/core/browser/v2/Phase3VideoSegmentOwnershipTest.kt:85:111 No value passed for parameter 'headers'.
e: file:///workspace/scratch/7f3a71577b99/runtime-video-segment/app/src/test/java/uk/co/traynor/privategallery/core/browser/v2/Phase3VideoSegmentOwnershipTest.kt:94:150 No value passed for parameter 'headers'.
e: file:///workspace/scratch/7f3a71577b99/runtime-video-segment/app/src/test/java/uk/co/traynor/privategallery/core/browser/v2/Phase3VideoSegmentOwnershipTest.kt:99:74 No value passed for parameter 'headers'.
e: file:///workspace/scratch/7f3a71577b99/runtime-video-segment/app/src/test/java/uk/co/traynor/privategallery/core/browser/v2/Phase3VideoSegmentOwnershipTest.kt:105:40 No value passed for parameter 'headers'.
e: file:///workspace/scratch/7f3a71577b99/runtime-video-segment/app/src/test/java/uk/co/traynor/privategallery/core/browser/v2/Phase3VideoSegmentOwnershipTest.kt:107:53 Unresolved reference 'getRequestProperty'.
e: file:///workspace/scratch/7f3a71577b99/runtime-video-segment/app/src/test/java/uk/co/traynor/privategallery/core/browser/v2/Phase3VideoSegmentOwnershipTest.kt:112:243 No value passed for parameter 'headers'.
e: file:///workspace/scratch/7f3a71577b99/runtime-video-segment/app/src/test/java/uk/co/traynor/privategallery/core/browser/v2/Phase3VideoSegmentOwnershipTest.kt:117:75 No value passed for parameter 'headers'.
e: file:///workspace/scratch/7f3a71577b99/runtime-video-segment/app/src/test/java/uk/co/traynor/privategallery/core/browser/v2/Phase3VideoSegmentOwnershipTest.kt:121:175 No value passed for parameter 'headers'.
e: file:///workspace/scratch/7f3a71577b99/runtime-video-segment/app/src/test/java/uk/co/traynor/privategallery/core/browser/v2/Phase3VideoSegmentOwnershipTest.kt:125:111 No value passed for parameter 'headers'.
e: file:///workspace/scratch/7f3a71577b99/runtime-video-segment/app/src/test/java/uk/co/traynor/privategallery/core/browser/v2/Phase3VideoSegmentOwnershipTest.kt:125:199 Argument type mismatch: actual type is 'uk.co.traynor.privategallery.core.browser.v2.Phase3VideoSegmentOwnershipTest.Fake', but 'java.net.HttpURLConnection' was expected.
e: file:///workspace/scratch/7f3a71577b99/runtime-video-segment/app/src/test/java/uk/co/traynor/privategallery/core/browser/v2/Phase3VideoSegmentOwnershipTest.kt:126:241 Syntax error: Expecting a '>'.
e: file:///workspace/scratch/7f3a71577b99/runtime-video-segment/app/src/test/java/uk/co/traynor/privategallery/core/browser/v2/Phase3VideoSegmentOwnershipTest.kt:126:241 Syntax error: Expecting ')'.
e: file:///workspace/scratch/7f3a71577b99/runtime-video-segment/app/src/test/java/uk/co/traynor/privategallery/core/browser/v2/Phase3VideoSegmentOwnershipTest.kt:126:244 Syntax error: Expecting member declaration.
e: file:///workspace/scratch/7f3a71577b99/runtime-video-segment/app/src/test/java/uk/co/traynor/privategallery/core/browser/v2/Phase3VideoSegmentOwnershipTest.kt:126:249 Syntax error: Expecting member declaration.
e: file:///workspace/scratch/7f3a71577b99/runtime-video-segment/app/src/test/java/uk/co/traynor/privategallery/core/browser/v2/Phase3VideoSegmentOwnershipTest.kt:126:250 Syntax error: Expecting member declaration.
e: file:///workspace/scratch/7f3a71577b99/runtime-video-segment/app/src/test/java/uk/co/traynor/privategallery/core/browser/v2/Phase3VideoSegmentOwnershipTest.kt:126:251 Syntax error: Expecting member declaration.
e: file:///workspace/scratch/7f3a71577b99/runtime-video-segment/app/src/test/java/uk/co/traynor/privategallery/core/browser/v2/Phase3VideoSegmentOwnershipTest.kt:126:257 Syntax error: Expecting member declaration.
e: file:///workspace/scratch/7f3a71577b99/runtime-video-segment/app/src/test/java/uk/co/traynor/privategallery/core/browser/v2/Phase3VideoSegmentOwnershipTest.kt:126:259 Syntax error: Expecting member declaration.
e: file:///workspace/scratch/7f3a71577b99/runtime-video-segment/app/src/test/java/uk/co/traynor/privategallery/core/browser/v2/Phase3VideoSegmentOwnershipTest.kt:126:262 Syntax error: Expecting member declaration.
e: file:///workspace/scratch/7f3a71577b99/runtime-video-segment/app/src/test/java/uk/co/traynor/privategallery/core/browser/v2/Phase3VideoSegmentOwnershipTest.kt:126:268 Syntax error: Expecting member declaration.
e: file:///workspace/scratch/7f3a71577b99/runtime-video-segment/app/src/test/java/uk/co/traynor/privategallery/core/browser/v2/Phase3VideoSegmentOwnershipTest.kt:126:269 Syntax error: Expecting member declaration.
e: file:///workspace/scratch/7f3a71577b99/runtime-video-segment/app/src/test/java/uk/co/traynor/privategallery/core/browser/v2/Phase3VideoSegmentOwnershipTest.kt:126:270 Syntax error: Expecting member declaration.
e: file:///workspace/scratch/7f3a71577b99/runtime-video-segment/app/src/test/java/uk/co/traynor/privategallery/core/browser/v2/Phase3VideoSegmentOwnershipTest.kt:126:277 Syntax error: Expecting member declaration.
e: file:///workspace/scratch/7f3a71577b99/runtime-video-segment/app/src/test/java/uk/co/traynor/privategallery/core/browser/v2/Phase3VideoSegmentOwnershipTest.kt:126:278 Syntax error: Expecting member declaration.
e: file:///workspace/scratch/7f3a71577b99/runtime-video-segment/app/src/test/java/uk/co/traynor/privategallery/core/browser/v2/Phase3VideoSegmentOwnershipTest.kt:126:279 Syntax error: Expecting member declaration.
e: file:///workspace/scratch/7f3a71577b99/runtime-video-segment/app/src/test/java/uk/co/traynor/privategallery/core/browser/v2/Phase3VideoSegmentOwnershipTest.kt:126:281 Syntax error: Expecting member declaration.
e: file:///workspace/scratch/7f3a71577b99/runtime-video-segment/app/src/test/java/uk/co/traynor/privategallery/core/browser/v2/Phase3VideoSegmentOwnershipTest.kt:126:282 Syntax error: Expecting member declaration.
e: file:///workspace/scratch/7f3a71577b99/runtime-video-segment/app/src/test/java/uk/co/traynor/privategallery/core/browser/v2/Phase3VideoSegmentOwnershipTest.kt:126:283 Syntax error: Expecting member declaration.
e: file:///workspace/scratch/7f3a71577b99/runtime-video-segment/app/src/test/java/uk/co/traynor/privategallery/core/browser/v2/Phase3VideoSegmentOwnershipTest.kt:126:300 Syntax error: Expecting member declaration.
e: file:///workspace/scratch/7f3a71577b99/runtime-video-segment/app/src/test/java/uk/co/traynor/privategallery/core/browser/v2/Phase3VideoSegmentOwnershipTest.kt:126:301 Syntax error: Expecting member declaration.
e: file:///workspace/scratch/7f3a71577b99/runtime-video-segment/app/src/test/java/uk/co/traynor/privategallery/core/browser/v2/Phase3VideoSegmentOwnershipTest.kt:126:304 Syntax error: Expecting member declaration.
e: file:///workspace/scratch/7f3a71577b99/runtime-video-segment/app/src/test/java/uk/co/traynor/privategallery/core/browser/v2/Phase3VideoSegmentOwnershipTest.kt:126:305 Syntax error: Expecting member declaration.
e: file:///workspace/scratch/7f3a71577b99/runtime-video-segment/app/src/test/java/uk/co/traynor/privategallery/core/browser/v2/Phase3VideoSegmentOwnershipTest.kt:126:306 Syntax error: Expecting member declaration.
e: file:///workspace/scratch/7f3a71577b99/runtime-video-segment/app/src/test/java/uk/co/traynor/privategallery/core/browser/v2/Phase3VideoSegmentOwnershipTest.kt:126:334 Syntax error: Expecting member declaration.
e: file:///workspace/scratch/7f3a71577b99/runtime-video-segment/app/src/test/java/uk/co/traynor/privategallery/core/browser/v2/Phase3VideoSegmentOwnershipTest.kt:126:335 Syntax error: Expecting member declaration.
e: file:///workspace/scratch/7f3a71577b99/runtime-video-segment/app/src/test/java/uk/co/traynor/privategallery/core/browser/v2/Phase3VideoSegmentOwnershipTest.kt:126:336 Syntax error: Expecting member declaration.
e: file:///workspace/scratch/7f3a71577b99/runtime-video-segment/app/src/test/java/uk/co/traynor/privategallery/core/browser/v2/Phase3VideoSegmentOwnershipTest.kt:126:338 Syntax error: Expecting member declaration.
e: file:///workspace/scratch/7f3a71577b99/runtime-video-segment/app/src/test/java/uk/co/traynor/privategallery/core/browser/v2/Phase3VideoSegmentOwnershipTest.kt:126:338 Function declaration must have a name.
e: file:///workspace/scratch/7f3a71577b99/runtime-video-segment/app/src/test/java/uk/co/traynor/privategallery/core/browser/v2/Phase3VideoSegmentOwnershipTest.kt:127:9 Modifier 'override' is not applicable to 'local function'.
e: file:///workspace/scratch/7f3a71577b99/runtime-video-segment/app/src/test/java/uk/co/traynor/privategallery/core/browser/v2/Phase3VideoSegmentOwnershipTest.kt:128:9 Modifier 'override' is not applicable to 'local function'.
e: file:///workspace/scratch/7f3a71577b99/runtime-video-segment/app/src/test/java/uk/co/traynor/privategallery/core/browser/v2/Phase3VideoSegmentOwnershipTest.kt:129:9 Modifier 'override' is not applicable to 'local function'.
e: file:///workspace/scratch/7f3a71577b99/runtime-video-segment/app/src/test/java/uk/co/traynor/privategallery/core/browser/v2/Phase3VideoSegmentOwnershipTest.kt:129:35 Function invocation 'disconnect()' expected.
e: file:///workspace/scratch/7f3a71577b99/runtime-video-segment/app/src/test/java/uk/co/traynor/privategallery/core/browser/v2/Phase3VideoSegmentOwnershipTest.kt:129:35 Type checking has run into a recursive problem. Easiest workaround: specify the types of your declarations explicitly.
e: file:///workspace/scratch/7f3a71577b99/runtime-video-segment/app/src/test/java/uk/co/traynor/privategallery/core/browser/v2/Phase3VideoSegmentOwnershipTest.kt:129:46 Cannot infer type for this parameter. Please specify it explicitly.
e: file:///workspace/scratch/7f3a71577b99/runtime-video-segment/app/src/test/java/uk/co/traynor/privategallery/core/browser/v2/Phase3VideoSegmentOwnershipTest.kt:129:52 No value passed for parameter 'value'.
e: file:///workspace/scratch/7f3a71577b99/runtime-video-segment/app/src/test/java/uk/co/traynor/privategallery/core/browser/v2/Phase3VideoSegmentOwnershipTest.kt:130:9 Modifier 'override' is not applicable to 'local function'.
e: file:///workspace/scratch/7f3a71577b99/runtime-video-segment/app/src/test/java/uk/co/traynor/privategallery/core/browser/v2/Phase3VideoSegmentOwnershipTest.kt:130:40 Unresolved reference 'status'.
e: file:///workspace/scratch/7f3a71577b99/runtime-video-segment/app/src/test/java/uk/co/traynor/privategallery/core/browser/v2/Phase3VideoSegmentOwnershipTest.kt:131:9 Modifier 'override' is not applicable to 'local function'.
e: file:///workspace/scratch/7f3a71577b99/runtime-video-segment/app/src/test/java/uk/co/traynor/privategallery/core/browser/v2/Phase3VideoSegmentOwnershipTest.kt:131:71 Unresolved reference 'location'.
e: file:///workspace/scratch/7f3a71577b99/runtime-video-segment/app/src/test/java/uk/co/traynor/privategallery/core/browser/v2/Phase3VideoSegmentOwnershipTest.kt:132:9 Modifier 'override' is not applicable to 'local function'.
e: file:///workspace/scratch/7f3a71577b99/runtime-video-segment/app/src/test/java/uk/co/traynor/privategallery/core/browser/v2/Phase3VideoSegmentOwnershipTest.kt:132:40 Unresolved reference 'headers'.
e: file:///workspace/scratch/7f3a71577b99/runtime-video-segment/app/src/test/java/uk/co/traynor/privategallery/core/browser/v2/Phase3VideoSegmentOwnershipTest.kt:133:9 Modifier 'override' is not applicable to 'local function'.
e: file:///workspace/scratch/7f3a71577b99/runtime-video-segment/app/src/test/java/uk/co/traynor/privategallery/core/browser/v2/Phase3VideoSegmentOwnershipTest.kt:133:39 Unresolved reference 'input'.
e: file:///workspace/scratch/7f3a71577b99/runtime-video-segment/app/src/test/java/uk/co/traynor/privategallery/core/browser/v2/Phase3VideoSegmentOwnershipTest.kt:134:9 Modifier 'override' is not applicable to 'local function'.

FAILURE: Build failed with an exception.

* What went wrong:
Execution failed for task ':app:compileDebugUnitTestKotlin'.
> A failure occurred while executing org.jetbrains.kotlin.compilerRunner.GradleCompilerRunnerWithWorkers$GradleKotlinCompilerWorkAction
   > Compilation error. See log for more details

* Try:
> Run with --info or --debug option to get more log output.
> Run with --scan to get full insights.
> Get more help at https://help.gradle.org.

* Exception is:
org.gradle.api.tasks.TaskExecutionException: Execution failed for task ':app:compileDebugUnitTestKotlin'.
	at org.gradle.api.internal.tasks.execution.ExecuteActionsTaskExecuter.lambda$executeIfValid$1(ExecuteActionsTaskExecuter.java:130)
	at org.gradle.internal.Try$Failure.ifSuccessfulOrElse(Try.java:293)
	at org.gradle.api.internal.tasks.execution.ExecuteActionsTaskExecuter.executeIfValid(ExecuteActionsTaskExecuter.java:128)
	at org.gradle.api.internal.tasks.execution.ExecuteActionsTaskExecuter.execute(ExecuteActionsTaskExecuter.java:116)
	at org.gradle.api.internal.tasks.execution.FinalizePropertiesTaskExecuter.execute(FinalizePropertiesTaskExecuter.java:46)
	at org.gradle.api.internal.tasks.execution.ResolveTaskExecutionModeExecuter.execute(ResolveTaskExecutionModeExecuter.java:51)
	at org.gradle.api.internal.tasks.execution.SkipTaskWithNoActionsExecuter.execute(SkipTaskWithNoActionsExecuter.java:57)
	at org.gradle.api.internal.tasks.execution.SkipOnlyIfTaskExecuter.execute(SkipOnlyIfTaskExecuter.java:74)
	at org.gradle.api.internal.tasks.execution.CatchExceptionTaskExecuter.execute(CatchExceptionTaskExecuter.java:36)
	at org.gradle.api.internal.tasks.execution.EventFiringTaskExecuter$1.executeTask(EventFiringTaskExecuter.java:77)
	at org.gradle.api.internal.tasks.execution.EventFiringTaskExecuter$1.call(EventFiringTaskExecuter.java:55)
	at org.gradle.api.internal.tasks.execution.EventFiringTaskExecuter$1.call(EventFiringTaskExecuter.java:52)
	at org.gradle.internal.operations.DefaultBuildOperationRunner$CallableBuildOperationWorker.execute(DefaultBuildOperationRunner.java:209)
	at org.gradle.internal.operations.DefaultBuildOperationRunner$CallableBuildOperationWorker.execute(DefaultBuildOperationRunner.java:204)
	at org.gradle.internal.operations.DefaultBuildOperationRunner$2.execute(DefaultBuildOperationRunner.java:66)
	at org.gradle.internal.operations.DefaultBuildOperationRunner$2.execute(DefaultBuildOperationRunner.java:59)
	at org.gradle.internal.operations.DefaultBuildOperationRunner.execute(DefaultBuildOperationRunner.java:166)
	at org.gradle.internal.operations.DefaultBuildOperationRunner.execute(DefaultBuildOperationRunner.java:59)
	at org.gradle.internal.operations.DefaultBuildOperationRunner.call(DefaultBuildOperationRunner.java:53)
	at org.gradle.api.internal.tasks.execution.EventFiringTaskExecuter.execute(EventFiringTaskExecuter.java:52)
	at org.gradle.execution.plan.LocalTaskNodeExecutor.execute(LocalTaskNodeExecutor.java:42)
	at org.gradle.execution.taskgraph.DefaultTaskExecutionGraph$InvokeNodeExecutorsAction.execute(DefaultTaskExecutionGraph.java:331)
	at org.gradle.execution.taskgraph.DefaultTaskExecutionGraph$InvokeNodeExecutorsAction.execute(DefaultTaskExecutionGraph.java:318)
	at org.gradle.execution.taskgraph.DefaultTaskExecutionGraph$BuildOperationAwareExecutionAction.lambda$execute$0(DefaultTaskExecutionGraph.java:314)
	at org.gradle.internal.operations.CurrentBuildOperationRef.with(CurrentBuildOperationRef.java:85)
	at org.gradle.execution.taskgraph.DefaultTaskExecutionGraph$BuildOperationAwareExecutionAction.execute(DefaultTaskExecutionGraph.java:314)
	at org.gradle.execution.taskgraph.DefaultTaskExecutionGraph$BuildOperationAwareExecutionAction.execute(DefaultTaskExecutionGraph.java:303)
	at org.gradle.execution.plan.DefaultPlanExecutor$ExecutorWorker.execute(DefaultPlanExecutor.java:459)
	at org.gradle.execution.plan.DefaultPlanExecutor$ExecutorWorker.run(DefaultPlanExecutor.java:376)
	at org.gradle.execution.plan.DefaultPlanExecutor.process(DefaultPlanExecutor.java:111)
	at org.gradle.execution.taskgraph.DefaultTaskExecutionGraph.executeWithServices(DefaultTaskExecutionGraph.java:138)
	at org.gradle.execution.taskgraph.DefaultTaskExecutionGraph.execute(DefaultTaskExecutionGraph.java:123)
	at org.gradle.execution.SelectedTaskExecutionAction.execute(SelectedTaskExecutionAction.java:35)
	at org.gradle.execution.DryRunBuildExecutionAction.execute(DryRunBuildExecutionAction.java:51)
	at org.gradle.execution.BuildOperationFiringBuildWorkerExecutor$ExecuteTasks.call(BuildOperationFiringBuildWorkerExecutor.java:54)
	at org.gradle.execution.BuildOperationFiringBuildWorkerExecutor$ExecuteTasks.call(BuildOperationFiringBuildWorkerExecutor.java:43)
	at org.gradle.internal.operations.DefaultBuildOperationRunner$CallableBuildOperationWorker.execute(DefaultBuildOperationRunner.java:209)
	at org.gradle.internal.operations.DefaultBuildOperationRunner$CallableBuildOperationWorker.execute(DefaultBuildOperationRunner.java:204)
	at org.gradle.internal.operations.DefaultBuildOperationRunner$2.execute(DefaultBuildOperationRunner.java:66)
	at org.gradle.internal.operations.DefaultBuildOperationRunner$2.execute(DefaultBuildOperationRunner.java:59)
	at org.gradle.internal.operations.DefaultBuildOperationRunner.execute(DefaultBuildOperationRunner.java:166)
	at org.gradle.internal.operations.DefaultBuildOperationRunner.execute(DefaultBuildOperationRunner.java:59)
	at org.gradle.internal.operations.DefaultBuildOperationRunner.call(DefaultBuildOperationRunner.java:53)
	at org.gradle.execution.BuildOperationFiringBuildWorkerExecutor.execute(BuildOperationFiringBuildWorkerExecutor.java:40)
	at org.gradle.internal.build.DefaultBuildLifecycleController.lambda$executeTasks$10(DefaultBuildLifecycleController.java:313)
	at org.gradle.internal.model.StateTransitionController.doTransition(StateTransitionController.java:266)
	at org.gradle.internal.model.StateTransitionController.lambda$tryTransition$8(StateTransitionController.java:177)
	at org.gradle.internal.work.DefaultSynchronizer.withLock(DefaultSynchronizer.java:44)
	at org.gradle.internal.model.StateTransitionController.tryTransition(StateTransitionController.java:177)
	at org.gradle.internal.build.DefaultBuildLifecycleController.executeTasks(DefaultBuildLifecycleController.java:304)
	at org.gradle.internal.build.DefaultBuildWorkGraphController$DefaultBuildWorkGraph.runWork(DefaultBuildWorkGraphController.java:220)
	at org.gradle.internal.work.DefaultWorkerLeaseService.withLocks(DefaultWorkerLeaseService.java:263)
	at org.gradle.internal.work.DefaultWorkerLeaseService.runAsWorkerThread(DefaultWorkerLeaseService.java:127)
	at org.gradle.composite.internal.DefaultBuildController.doRun(DefaultBuildController.java:181)
	at org.gradle.composite.internal.DefaultBuildController.access$000(DefaultBuildController.java:50)
	at org.gradle.composite.internal.DefaultBuildController$BuildOpRunnable.lambda$run$0(DefaultBuildController.java:198)
	at org.gradle.internal.operations.CurrentBuildOperationRef.with(CurrentBuildOperationRef.java:85)
	at org.gradle.composite.internal.DefaultBuildController$BuildOpRunnable.run(DefaultBuildController.java:198)
	at org.gradle.internal.concurrent.ExecutorPolicy$CatchAndRecordFailures.onExecute(ExecutorPolicy.java:64)
	at org.gradle.internal.concurrent.AbstractManagedExecutor$1.run(AbstractManagedExecutor.java:48)
Caused by: org.gradle.workers.internal.DefaultWorkerExecutor$WorkExecutionException: A failure occurred while executing org.jetbrains.kotlin.compilerRunner.GradleCompilerRunnerWithWorkers$GradleKotlinCompilerWorkAction
	at org.gradle.workers.internal.DefaultWorkerExecutor$WorkItemExecution.waitForCompletion(DefaultWorkerExecutor.java:287)
	at org.gradle.internal.work.DefaultAsyncWorkTracker.lambda$waitForItemsAndGatherFailures$2(DefaultAsyncWorkTracker.java:130)
	at org.gradle.internal.Factories$1.create(Factories.java:31)
	at org.gradle.internal.work.DefaultWorkerLeaseService.withoutLocks(DefaultWorkerLeaseService.java:335)
	at org.gradle.internal.work.DefaultWorkerLeaseService.withoutLocks(DefaultWorkerLeaseService.java:318)
	at org.gradle.internal.work.DefaultWorkerLeaseService.withoutLock(DefaultWorkerLeaseService.java:323)
	at org.gradle.internal.work.DefaultAsyncWorkTracker.waitForItemsAndGatherFailures(DefaultAsyncWorkTracker.java:126)
	at org.gradle.internal.work.DefaultAsyncWorkTracker.waitForItemsAndGatherFailures(DefaultAsyncWorkTracker.java:92)
	at org.gradle.internal.work.DefaultAsyncWorkTracker.waitForAll(DefaultAsyncWorkTracker.java:78)
	at org.gradle.internal.work.DefaultAsyncWorkTracker.waitForCompletion(DefaultAsyncWorkTracker.java:66)
	at org.gradle.api.internal.tasks.execution.TaskExecution$3.run(TaskExecution.java:252)
	at org.gradle.internal.operations.DefaultBuildOperationRunner$1.execute(DefaultBuildOperationRunner.java:29)
	at org.gradle.internal.operations.DefaultBuildOperationRunner$1.execute(DefaultBuildOperationRunner.java:26)
	at org.gradle.internal.operations.DefaultBuildOperationRunner$2.execute(DefaultBuildOperationRunner.java:66)
	at org.gradle.internal.operations.DefaultBuildOperationRunner$2.execute(DefaultBuildOperationRunner.java:59)
	at org.gradle.internal.operations.DefaultBuildOperationRunner.execute(DefaultBuildOperationRunner.java:166)
	at org.gradle.internal.operations.DefaultBuildOperationRunner.execute(DefaultBuildOperationRunner.java:59)
	at org.gradle.internal.operations.DefaultBuildOperationRunner.run(DefaultBuildOperationRunner.java:47)
	at org.gradle.api.internal.tasks.execution.TaskExecution.executeAction(TaskExecution.java:229)
	at org.gradle.api.internal.tasks.execution.TaskExecution.executeActions(TaskExecution.java:212)
	at org.gradle.api.internal.tasks.execution.TaskExecution.executeWithPreviousOutputFiles(TaskExecution.java:195)
	at org.gradle.api.internal.tasks.execution.TaskExecution.execute(TaskExecution.java:162)
	at org.gradle.internal.execution.steps.ExecuteStep.executeInternal(ExecuteStep.java:105)
	at org.gradle.internal.execution.steps.ExecuteStep.access$000(ExecuteStep.java:44)
	at org.gradle.internal.execution.steps.ExecuteStep$1.call(ExecuteStep.java:59)
	at org.gradle.internal.execution.steps.ExecuteStep$1.call(ExecuteStep.java:56)
	at org.gradle.internal.operations.DefaultBuildOperationRunner$CallableBuildOperationWorker.execute(DefaultBuildOperationRunner.java:209)
	at org.gradle.internal.operations.DefaultBuildOperationRunner$CallableBuildOperationWorker.execute(DefaultBuildOperationRunner.java:204)
	at org.gradle.internal.operations.DefaultBuildOperationRunner$2.execute(DefaultBuildOperationRunner.java:66)
	at org.gradle.internal.operations.DefaultBuildOperationRunner$2.execute(DefaultBuildOperationRunner.java:59)
	at org.gradle.internal.operations.DefaultBuildOperationRunner.execute(DefaultBuildOperationRunner.java:166)
	at org.gradle.internal.operations.DefaultBuildOperationRunner.execute(DefaultBuildOperationRunner.java:59)
	at org.gradle.internal.operations.DefaultBuildOperationRunner.call(DefaultBuildOperationRunner.java:53)
	at org.gradle.internal.execution.steps.ExecuteStep.execute(ExecuteStep.java:56)
	at org.gradle.internal.execution.steps.ExecuteStep.execute(ExecuteStep.java:44)
	at org.gradle.internal.execution.steps.CancelExecutionStep.execute(CancelExecutionStep.java:42)
	at org.gradle.internal.execution.steps.TimeoutStep.executeWithoutTimeout(TimeoutStep.java:75)
	at org.gradle.internal.execution.steps.TimeoutStep.execute(TimeoutStep.java:55)
	at org.gradle.internal.execution.steps.PreCreateOutputParentsStep.execute(PreCreateOutputParentsStep.java:50)
	at org.gradle.internal.execution.steps.PreCreateOutputParentsStep.execute(PreCreateOutputParentsStep.java:28)
	at org.gradle.internal.execution.steps.RemovePreviousOutputsStep.execute(RemovePreviousOutputsStep.java:67)
	at org.gradle.internal.execution.steps.RemovePreviousOutputsStep.execute(RemovePreviousOutputsStep.java:37)
	at org.gradle.internal.execution.steps.BroadcastChangingOutputsStep.execute(BroadcastChangingOutputsStep.java:61)
	at org.gradle.internal.execution.steps.BroadcastChangingOutputsStep.execute(BroadcastChangingOutputsStep.java:26)
	at org.gradle.internal.execution.steps.CaptureOutputsAfterExecutionStep.execute(CaptureOutputsAfterExecutionStep.java:69)
	at org.gradle.internal.execution.steps.CaptureOutputsAfterExecutionStep.execute(CaptureOutputsAfterExecutionStep.java:46)
	at org.gradle.internal.execution.steps.ResolveInputChangesStep.execute(ResolveInputChangesStep.java:40)
	at org.gradle.internal.execution.steps.ResolveInputChangesStep.execute(ResolveInputChangesStep.java:29)
	at org.gradle.internal.execution.steps.BuildCacheStep.executeWithoutCache(BuildCacheStep.java:189)
	at org.gradle.internal.execution.steps.BuildCacheStep.lambda$execute$1(BuildCacheStep.java:75)
	at org.gradle.internal.Either$Right.fold(Either.java:175)
	at org.gradle.internal.execution.caching.CachingState.fold(CachingState.java:62)
	at org.gradle.internal.execution.steps.BuildCacheStep.execute(BuildCacheStep.java:73)
	at org.gradle.internal.execution.steps.BuildCacheStep.execute(BuildCacheStep.java:48)
	at org.gradle.internal.execution.steps.StoreExecutionStateStep.execute(StoreExecutionStateStep.java:46)
	at org.gradle.internal.execution.steps.StoreExecutionStateStep.execute(StoreExecutionStateStep.java:35)
	at org.gradle.internal.execution.steps.SkipUpToDateStep.executeBecause(SkipUpToDateStep.java:75)
	at org.gradle.internal.execution.steps.SkipUpToDateStep.lambda$execute$2(SkipUpToDateStep.java:53)
	at org.gradle.internal.execution.steps.SkipUpToDateStep.execute(SkipUpToDateStep.java:53)
	at org.gradle.internal.execution.steps.SkipUpToDateStep.execute(SkipUpToDateStep.java:35)
	at org.gradle.internal.execution.steps.legacy.MarkSnapshottingInputsFinishedStep.execute(MarkSnapshottingInputsFinishedStep.java:37)
	at org.gradle.internal.execution.steps.legacy.MarkSnapshottingInputsFinishedStep.execute(MarkSnapshottingInputsFinishedStep.java:27)
	at org.gradle.internal.execution.steps.ResolveIncrementalCachingStateStep.executeDelegate(ResolveIncrementalCachingStateStep.java:49)
	at org.gradle.internal.execution.steps.ResolveIncrementalCachingStateStep.executeDelegate(ResolveIncrementalCachingStateStep.java:27)
	at org.gradle.internal.execution.steps.AbstractResolveCachingStateStep.execute(AbstractResolveCachingStateStep.java:71)
	at org.gradle.internal.execution.steps.AbstractResolveCachingStateStep.execute(AbstractResolveCachingStateStep.java:39)
	at org.gradle.internal.execution.steps.ResolveChangesStep.execute(ResolveChangesStep.java:65)
	at org.gradle.internal.execution.steps.ResolveChangesStep.execute(ResolveChangesStep.java:36)
	at org.gradle.internal.execution.steps.ValidateStep.execute(ValidateStep.java:107)
	at org.gradle.internal.execution.steps.ValidateStep.execute(ValidateStep.java:56)
	at org.gradle.internal.execution.steps.AbstractCaptureStateBeforeExecutionStep.execute(AbstractCaptureStateBeforeExecutionStep.java:64)
	at org.gradle.internal.execution.steps.AbstractCaptureStateBeforeExecutionStep.execute(AbstractCaptureStateBeforeExecutionStep.java:43)
	at org.gradle.internal.execution.steps.AbstractSkipEmptyWorkStep.executeWithNonEmptySources(AbstractSkipEmptyWorkStep.java:125)
	at org.gradle.internal.execution.steps.AbstractSkipEmptyWorkStep.execute(AbstractSkipEmptyWorkStep.java:61)
	at org.gradle.internal.execution.steps.AbstractSkipEmptyWorkStep.execute(AbstractSkipEmptyWorkStep.java:36)
	at org.gradle.internal.execution.steps.legacy.MarkSnapshottingInputsStartedStep.execute(MarkSnapshottingInputsStartedStep.java:38)
	at org.gradle.internal.execution.steps.LoadPreviousExecutionStateStep.execute(LoadPreviousExecutionStateStep.java:36)
	at org.gradle.internal.execution.steps.LoadPreviousExecutionStateStep.execute(LoadPreviousExecutionStateStep.java:23)
	at org.gradle.internal.execution.steps.HandleStaleOutputsStep.execute(HandleStaleOutputsStep.java:75)
	at org.gradle.internal.execution.steps.HandleStaleOutputsStep.execute(HandleStaleOutputsStep.java:41)
	at org.gradle.internal.execution.steps.AssignMutableWorkspaceStep.lambda$execute$0(AssignMutableWorkspaceStep.java:35)
	at org.gradle.api.internal.tasks.execution.TaskExecution$4.withWorkspace(TaskExecution.java:289)
	at org.gradle.internal.execution.steps.AssignMutableWorkspaceStep.execute(AssignMutableWorkspaceStep.java:31)
	at org.gradle.internal.execution.steps.AssignMutableWorkspaceStep.execute(AssignMutableWorkspaceStep.java:22)
	at org.gradle.internal.execution.steps.ChoosePipelineStep.execute(ChoosePipelineStep.java:40)
	at org.gradle.internal.execution.steps.ChoosePipelineStep.execute(ChoosePipelineStep.java:23)
	at org.gradle.internal.execution.steps.ExecuteWorkBuildOperationFiringStep.lambda$execute$2(ExecuteWorkBuildOperationFiringStep.java:67)
	at org.gradle.internal.execution.steps.ExecuteWorkBuildOperationFiringStep.execute(ExecuteWorkBuildOperationFiringStep.java:67)
	at org.gradle.internal.execution.steps.ExecuteWorkBuildOperationFiringStep.execute(ExecuteWorkBuildOperationFiringStep.java:39)
	at org.gradle.internal.execution.steps.IdentityCacheStep.execute(IdentityCacheStep.java:46)
	at org.gradle.internal.execution.steps.IdentityCacheStep.execute(IdentityCacheStep.java:34)
	at org.gradle.internal.execution.steps.IdentifyStep.execute(IdentifyStep.java:48)
	at org.gradle.internal.execution.steps.IdentifyStep.execute(IdentifyStep.java:35)
	at org.gradle.internal.execution.impl.DefaultExecutionEngine$1.execute(DefaultExecutionEngine.java:61)
	at org.gradle.api.internal.tasks.execution.ExecuteActionsTaskExecuter.executeIfValid(ExecuteActionsTaskExecuter.java:127)
	at org.gradle.api.internal.tasks.execution.ExecuteActionsTaskExecuter.execute(ExecuteActionsTaskExecuter.java:116)
	at org.gradle.api.internal.tasks.execution.FinalizePropertiesTaskExecuter.execute(FinalizePropertiesTaskExecuter.java:46)
	at org.gradle.api.internal.tasks.execution.ResolveTaskExecutionModeExecuter.execute(ResolveTaskExecutionModeExecuter.java:51)
	at org.gradle.api.internal.tasks.execution.SkipTaskWithNoActionsExecuter.execute(SkipTaskWithNoActionsExecuter.java:57)
	at org.gradle.api.internal.tasks.execution.SkipOnlyIfTaskExecuter.execute(SkipOnlyIfTaskExecuter.java:74)
	at org.gradle.api.internal.tasks.execution.CatchExceptionTaskExecuter.execute(CatchExceptionTaskExecuter.java:36)
	at org.gradle.api.internal.tasks.execution.EventFiringTaskExecuter$1.executeTask(EventFiringTaskExecuter.java:77)
	at org.gradle.api.internal.tasks.execution.EventFiringTaskExecuter$1.call(EventFiringTaskExecuter.java:55)
	at org.gradle.api.internal.tasks.execution.EventFiringTaskExecuter$1.call(EventFiringTaskExecuter.java:52)
	at org.gradle.internal.operations.DefaultBuildOperationRunner$CallableBuildOperationWorker.execute(DefaultBuildOperationRunner.java:209)
	at org.gradle.internal.operations.DefaultBuildOperationRunner$CallableBuildOperationWorker.execute(DefaultBuildOperationRunner.java:204)
	at org.gradle.internal.operations.DefaultBuildOperationRunner$2.execute(DefaultBuildOperationRunner.java:66)
	at org.gradle.internal.operations.DefaultBuildOperationRunner$2.execute(DefaultBuildOperationRunner.java:59)
	at org.gradle.internal.operations.DefaultBuildOperationRunner.execute(DefaultBuildOperationRunner.java:166)
	at org.gradle.internal.operations.DefaultBuildOperationRunner.execute(DefaultBuildOperationRunner.java:59)
	at org.gradle.internal.operations.DefaultBuildOperationRunner.call(DefaultBuildOperationRunner.java:53)
	at org.gradle.api.internal.tasks.execution.EventFiringTaskExecuter.execute(EventFiringTaskExecuter.java:52)
	at org.gradle.execution.plan.LocalTaskNodeExecutor.execute(LocalTaskNodeExecutor.java:42)
	at org.gradle.execution.taskgraph.DefaultTaskExecutionGraph$InvokeNodeExecutorsAction.execute(DefaultTaskExecutionGraph.java:331)
	at org.gradle.execution.taskgraph.DefaultTaskExecutionGraph$InvokeNodeExecutorsAction.execute(DefaultTaskExecutionGraph.java:318)
	at org.gradle.execution.taskgraph.DefaultTaskExecutionGraph$BuildOperationAwareExecutionAction.lambda$execute$0(DefaultTaskExecutionGraph.java:314)
	at org.gradle.internal.operations.CurrentBuildOperationRef.with(CurrentBuildOperationRef.java:85)
	at org.gradle.execution.taskgraph.DefaultTaskExecutionGraph$BuildOperationAwareExecutionAction.execute(DefaultTaskExecutionGraph.java:314)
	at org.gradle.execution.taskgraph.DefaultTaskExecutionGraph$BuildOperationAwareExecutionAction.execute(DefaultTaskExecutionGraph.java:303)
	at org.gradle.execution.plan.DefaultPlanExecutor$ExecutorWorker.execute(DefaultPlanExecutor.java:459)
	at org.gradle.execution.plan.DefaultPlanExecutor$ExecutorWorker.run(DefaultPlanExecutor.java:376)
	at org.gradle.execution.plan.DefaultPlanExecutor.process(DefaultPlanExecutor.java:111)
	at org.gradle.execution.taskgraph.DefaultTaskExecutionGraph.executeWithServices(DefaultTaskExecutionGraph.java:138)
	at org.gradle.execution.taskgraph.DefaultTaskExecutionGraph.execute(DefaultTaskExecutionGraph.java:123)
	at org.gradle.execution.SelectedTaskExecutionAction.execute(SelectedTaskExecutionAction.java:35)
	at org.gradle.execution.DryRunBuildExecutionAction.execute(DryRunBuildExecutionAction.java:51)
	at org.gradle.execution.BuildOperationFiringBuildWorkerExecutor$ExecuteTasks.call(BuildOperationFiringBuildWorkerExecutor.java:54)
	at org.gradle.execution.BuildOperationFiringBuildWorkerExecutor$ExecuteTasks.call(BuildOperationFiringBuildWorkerExecutor.java:43)
	at org.gradle.internal.operations.DefaultBuildOperationRunner$CallableBuildOperationWorker.execute(DefaultBuildOperationRunner.java:209)
	at org.gradle.internal.operations.DefaultBuildOperationRunner$CallableBuildOperationWorker.execute(DefaultBuildOperationRunner.java:204)
	at org.gradle.internal.operations.DefaultBuildOperationRunner$2.execute(DefaultBuildOperationRunner.java:66)
	at org.gradle.internal.operations.DefaultBuildOperationRunner$2.execute(DefaultBuildOperationRunner.java:59)
	at org.gradle.internal.operations.DefaultBuildOperationRunner.execute(DefaultBuildOperationRunner.java:166)
	at org.gradle.internal.operations.DefaultBuildOperationRunner.execute(DefaultBuildOperationRunner.java:59)
	at org.gradle.internal.operations.DefaultBuildOperationRunner.call(DefaultBuildOperationRunner.java:53)
	at org.gradle.execution.BuildOperationFiringBuildWorkerExecutor.execute(BuildOperationFiringBuildWorkerExecutor.java:40)
	at org.gradle.internal.build.DefaultBuildLifecycleController.lambda$executeTasks$10(DefaultBuildLifecycleController.java:313)
	at org.gradle.internal.model.StateTransitionController.doTransition(StateTransitionController.java:266)
	at org.gradle.internal.model.StateTransitionController.lambda$tryTransition$8(StateTransitionController.java:177)
	at org.gradle.internal.work.DefaultSynchronizer.withLock(DefaultSynchronizer.java:44)
	at org.gradle.internal.model.StateTransitionController.tryTransition(StateTransitionController.java:177)
	at org.gradle.internal.build.DefaultBuildLifecycleController.executeTasks(DefaultBuildLifecycleController.java:304)
	at org.gradle.internal.build.DefaultBuildWorkGraphController$DefaultBuildWorkGraph.runWork(DefaultBuildWorkGraphController.java:220)
	at org.gradle.internal.work.DefaultWorkerLeaseService.withLocks(DefaultWorkerLeaseService.java:263)
	at org.gradle.internal.work.DefaultWorkerLeaseService.runAsWorkerThread(DefaultWorkerLeaseService.java:127)
	at org.gradle.composite.internal.DefaultBuildController.doRun(DefaultBuildController.java:181)
	at org.gradle.composite.internal.DefaultBuildController.access$000(DefaultBuildController.java:50)
	at org.gradle.composite.internal.DefaultBuildController$BuildOpRunnable.lambda$run$0(DefaultBuildController.java:198)
	at org.gradle.internal.operations.CurrentBuildOperationRef.with(CurrentBuildOperationRef.java:85)
	at org.gradle.composite.internal.DefaultBuildController$BuildOpRunnable.run(DefaultBuildController.java:198)
	at org.gradle.internal.concurrent.ExecutorPolicy$CatchAndRecordFailures.onExecute(ExecutorPolicy.java:64)
	at org.gradle.internal.concurrent.AbstractManagedExecutor$1.run(AbstractManagedExecutor.java:48)
Caused by: org.jetbrains.kotlin.gradle.tasks.CompilationErrorException: Compilation error. See log for more details
	at org.jetbrains.kotlin.gradle.tasks.TasksUtilsKt.throwExceptionIfCompilationFailed(tasksUtils.kt:21)
	at org.jetbrains.kotlin.compilerRunner.GradleKotlinCompilerWork.run(GradleKotlinCompilerWork.kt:119)
	at org.jetbrains.kotlin.compilerRunner.GradleCompilerRunnerWithWorkers$GradleKotlinCompilerWorkAction.execute(GradleCompilerRunnerWithWorkers.kt:76)
	at org.gradle.workers.internal.DefaultWorkerServer.execute(DefaultWorkerServer.java:63)
	at org.gradle.workers.internal.NoIsolationWorkerFactory$1$1.create(NoIsolationWorkerFactory.java:66)
	at org.gradle.workers.internal.NoIsolationWorkerFactory$1$1.create(NoIsolationWorkerFactory.java:62)
	at org.gradle.internal.classloader.ClassLoaderUtils.executeInClassloader(ClassLoaderUtils.java:100)
	at org.gradle.workers.internal.NoIsolationWorkerFactory$1.lambda$execute$0(NoIsolationWorkerFactory.java:62)
	at org.gradle.workers.internal.AbstractWorker$1.call(AbstractWorker.java:44)
	at org.gradle.workers.internal.AbstractWorker$1.call(AbstractWorker.java:41)
	at org.gradle.internal.operations.DefaultBuildOperationRunner$CallableBuildOperationWorker.execute(DefaultBuildOperationRunner.java:209)
	at org.gradle.internal.operations.DefaultBuildOperationRunner$CallableBuildOperationWorker.execute(DefaultBuildOperationRunner.java:204)
	at org.gradle.internal.operations.DefaultBuildOperationRunner$2.execute(DefaultBuildOperationRunner.java:66)
	at org.gradle.internal.operations.DefaultBuildOperationRunner$2.execute(DefaultBuildOperationRunner.java:59)
	at org.gradle.internal.operations.DefaultBuildOperationRunner.execute(DefaultBuildOperationRunner.java:166)
	at org.gradle.internal.operations.DefaultBuildOperationRunner.execute(DefaultBuildOperationRunner.java:59)
	at org.gradle.internal.operations.DefaultBuildOperationRunner.call(DefaultBuildOperationRunner.java:53)
	at org.gradle.workers.internal.AbstractWorker.executeWrappedInBuildOperation(AbstractWorker.java:41)
	at org.gradle.workers.internal.NoIsolationWorkerFactory$1.execute(NoIsolationWorkerFactory.java:59)
	at org.gradle.workers.internal.DefaultWorkerExecutor.lambda$submitWork$0(DefaultWorkerExecutor.java:174)
	at org.gradle.internal.work.DefaultConditionalExecutionQueue$ExecutionRunner.runExecution(DefaultConditionalExecutionQueue.java:194)
	at org.gradle.internal.work.DefaultConditionalExecutionQueue$ExecutionRunner.access$700(DefaultConditionalExecutionQueue.java:127)
	at org.gradle.internal.work.DefaultConditionalExecutionQueue$ExecutionRunner$1.run(DefaultConditionalExecutionQueue.java:169)
	at org.gradle.internal.Factories$1.create(Factories.java:31)
	at org.gradle.internal.work.DefaultWorkerLeaseService.withLocks(DefaultWorkerLeaseService.java:263)
	at org.gradle.internal.work.DefaultWorkerLeaseService.runAsWorkerThread(DefaultWorkerLeaseService.java:127)
	at org.gradle.internal.work.DefaultWorkerLeaseService.runAsWorkerThread(DefaultWorkerLeaseService.java:132)
	at org.gradle.internal.work.DefaultConditionalExecutionQueue$ExecutionRunner.runBatch(DefaultConditionalExecutionQueue.java:164)
	at org.gradle.internal.work.DefaultConditionalExecutionQueue$ExecutionRunner.run(DefaultConditionalExecutionQueue.java:133)
	... 2 more


BUILD FAILED in 1m 12s
22 actionable tasks: 5 executed, 17 up-to-date
