To honour the JVM settings for this build a single-use Daemon process will be forked. For more on this, please refer to https://docs.gradle.org/8.10.2/userguide/gradle_daemon.html#sec:disabling_the_daemon in the Gradle documentation.
Daemon will be stopped at the end of the build 
> Task :app:checkKotlinGradlePluginConfigurationErrors SKIPPED
> Task :app:preBuild UP-TO-DATE
> Task :app:preDebugBuild UP-TO-DATE
> Task :app:generateDebugBuildConfig UP-TO-DATE
> Task :app:checkDebugAarMetadata UP-TO-DATE
> Task :app:generateDebugResValues UP-TO-DATE
> Task :app:mapDebugSourceSetPaths UP-TO-DATE
> Task :app:generateDebugResources UP-TO-DATE
> Task :app:mergeDebugResources UP-TO-DATE
> Task :app:packageDebugResources UP-TO-DATE
> Task :app:parseDebugLocalResources UP-TO-DATE
> Task :app:createDebugCompatibleScreenManifests UP-TO-DATE
> Task :app:extractDeepLinksDebug UP-TO-DATE
> Task :app:processDebugMainManifest UP-TO-DATE
> Task :app:processDebugManifest UP-TO-DATE
> Task :app:processDebugManifestForPackage UP-TO-DATE
> Task :app:processDebugResources UP-TO-DATE
> Task :app:compileDebugKotlin UP-TO-DATE
> Task :app:javaPreCompileDebug UP-TO-DATE
> Task :app:compileDebugJavaWithJavac UP-TO-DATE
> Task :app:bundleDebugClassesToCompileJar UP-TO-DATE
> Task :app:preDebugAndroidTestBuild SKIPPED
> Task :app:generateDebugAndroidTestResValues UP-TO-DATE
> Task :app:generateDebugAndroidTestLintModel
> Task :app:extractProguardFiles UP-TO-DATE
> Task :app:generateDebugLintReportModel UP-TO-DATE
> Task :app:preDebugUnitTestBuild UP-TO-DATE
> Task :app:generateDebugUnitTestLintModel UP-TO-DATE
> Task :app:lintAnalyzeDebug UP-TO-DATE
> Task :app:lintAnalyzeDebugUnitTest UP-TO-DATE
> Task :app:prePhase0EvidenceBuild UP-TO-DATE
> Task :app:generatePhase0EvidenceBuildConfig UP-TO-DATE
> Task :app:checkPhase0EvidenceAarMetadata UP-TO-DATE
> Task :app:generatePhase0EvidenceResValues UP-TO-DATE
> Task :app:mapPhase0EvidenceSourceSetPaths UP-TO-DATE
> Task :app:generatePhase0EvidenceResources UP-TO-DATE
> Task :app:mergePhase0EvidenceResources UP-TO-DATE
> Task :app:packagePhase0EvidenceResources UP-TO-DATE
> Task :app:parsePhase0EvidenceLocalResources UP-TO-DATE
> Task :app:createPhase0EvidenceCompatibleScreenManifests UP-TO-DATE
> Task :app:extractDeepLinksPhase0Evidence UP-TO-DATE
> Task :app:processPhase0EvidenceMainManifest UP-TO-DATE
> Task :app:processPhase0EvidenceManifest UP-TO-DATE
> Task :app:processPhase0EvidenceManifestForPackage UP-TO-DATE
> Task :app:processPhase0EvidenceResources UP-TO-DATE
> Task :app:compilePhase0EvidenceKotlin UP-TO-DATE
> Task :app:javaPreCompilePhase0Evidence UP-TO-DATE
> Task :app:compilePhase0EvidenceJavaWithJavac UP-TO-DATE
> Task :app:generatePhase0EvidenceLintReportModel UP-TO-DATE
> Task :app:bundlePhase0EvidenceClassesToCompileJar UP-TO-DATE
> Task :app:prePhase0EvidenceUnitTestBuild UP-TO-DATE
> Task :app:generatePhase0EvidenceUnitTestLintModel UP-TO-DATE
> Task :app:lintAnalyzePhase0Evidence UP-TO-DATE
> Task :app:lintAnalyzePhase0EvidenceUnitTest UP-TO-DATE
> Task :app:lintReportPhase0Evidence UP-TO-DATE
> Task :app:lintPhase0Evidence
> Task :app:processDebugAndroidTestManifest UP-TO-DATE
> Task :app:generateDebugAndroidTestBuildConfig UP-TO-DATE
> Task :app:checkDebugAndroidTestAarMetadata UP-TO-DATE
> Task :app:mapDebugAndroidTestSourceSetPaths UP-TO-DATE
> Task :app:generateDebugAndroidTestResources UP-TO-DATE
> Task :app:mergeDebugAndroidTestResources UP-TO-DATE
> Task :app:processDebugAndroidTestResources UP-TO-DATE
> Task :app:lintAnalyzeDebugAndroidTest
> Task :app:compileDebugAndroidTestKotlin
w: file:///workspace/scratch/7f3a71577b99/runtime-photo-encoder/app/src/androidTest/java/uk/co/traynor/privategallery/core/domain/SecondaryBiometricKeystoreTest.kt:52:30 'val isInsideSecureHardware: Boolean' is deprecated. Deprecated in Java.
w: file:///workspace/scratch/7f3a71577b99/runtime-photo-encoder/app/src/androidTest/java/uk/co/traynor/privategallery/core/editor/Phase3PhotoGenerationOwnershipAndroidTest.kt:154:42 Java type mismatch: inferred type is 'kotlin.Any?', but 'kotlin.Any' was expected.
w: file:///workspace/scratch/7f3a71577b99/runtime-photo-encoder/app/src/androidTest/java/uk/co/traynor/privategallery/core/editor/Phase3PhotoGenerationOwnershipAndroidTest.kt:154:87 Java type mismatch: inferred type is 'kotlin.Any?', but 'kotlin.Any' was expected.
w: file:///workspace/scratch/7f3a71577b99/runtime-photo-encoder/app/src/androidTest/java/uk/co/traynor/privategallery/core/security/Phase3MainNativeReleaseAndroidTest.kt:179:44 Java type mismatch: inferred type is 'kotlin.Any?', but 'kotlin.Any' was expected.
w: file:///workspace/scratch/7f3a71577b99/runtime-photo-encoder/app/src/androidTest/java/uk/co/traynor/privategallery/core/security/Phase3NativeOutputBufferTest.kt:90:47 Java type mismatch: inferred type is 'kotlin.Any?', but 'kotlin.Any' was expected.
w: file:///workspace/scratch/7f3a71577b99/runtime-photo-encoder/app/src/androidTest/java/uk/co/traynor/privategallery/core/security/Phase3NativeOutputBufferTest.kt:158:107 Java type mismatch: inferred type is 'kotlin.Any?', but 'kotlin.Any' was expected.
w: file:///workspace/scratch/7f3a71577b99/runtime-photo-encoder/app/src/androidTest/java/uk/co/traynor/privategallery/core/security/Phase3NativeOutputBufferTest.kt:182:74 Java type mismatch: inferred type is 'kotlin.Any?', but 'kotlin.Any' was expected.
w: file:///workspace/scratch/7f3a71577b99/runtime-photo-encoder/app/src/androidTest/java/uk/co/traynor/privategallery/core/security/Phase3ProbeBufferBindingTest.kt:134:92 Java type mismatch: inferred type is 'kotlin.Any?', but 'kotlin.Any' was expected.
w: file:///workspace/scratch/7f3a71577b99/runtime-photo-encoder/app/src/androidTest/java/uk/co/traynor/privategallery/ui/PhotoEditorUiTest.kt:125:63 'val externalMediaDirs: (Array<File!>..Array<out File!>?)' is deprecated. Deprecated in Java.
w: file:///workspace/scratch/7f3a71577b99/runtime-photo-encoder/app/src/androidTest/java/uk/co/traynor/privategallery/ui/ProfessionalUiTest.kt:176:59 'val externalMediaDirs: (Array<File!>..Array<out File!>?)' is deprecated. Deprecated in Java.

> Task :app:javaPreCompileDebugAndroidTest UP-TO-DATE
> Task :app:compileDebugAndroidTestJavaWithJavac UP-TO-DATE
> Task :app:mergeDebugAndroidTestShaders UP-TO-DATE
> Task :app:compileDebugAndroidTestShaders NO-SOURCE
> Task :app:generateDebugAndroidTestAssets UP-TO-DATE
> Task :app:mergeDebugAndroidTestAssets UP-TO-DATE
> Task :app:compressDebugAndroidTestAssets UP-TO-DATE
> Task :app:desugarDebugAndroidTestFileDependencies UP-TO-DATE
> Task :app:dexBuilderDebugAndroidTest
> Task :app:mergeDebugAndroidTestGlobalSynthetics UP-TO-DATE
> Task :app:processDebugAndroidTestJavaRes UP-TO-DATE
> Task :app:mergeDebugAndroidTestJavaResource UP-TO-DATE
> Task :app:checkDebugAndroidTestDuplicateClasses UP-TO-DATE
> Task :app:mergeExtDexDebugAndroidTest UP-TO-DATE
> Task :app:mergeLibDexDebugAndroidTest UP-TO-DATE
> Task :app:mergeProjectDexDebugAndroidTest
> Task :app:mergeDebugAndroidTestJniLibFolders UP-TO-DATE
> Task :app:mergeDebugJniLibFolders UP-TO-DATE
> Task :app:mergeDebugNativeLibs UP-TO-DATE
> Task :app:mergeDebugAndroidTestNativeLibs NO-SOURCE
> Task :app:stripDebugAndroidTestDebugSymbols NO-SOURCE
> Task :app:validateSigningDebugAndroidTest UP-TO-DATE
> Task :app:writeDebugAndroidTestSigningConfigVersions UP-TO-DATE
> Task :app:packageDebugAndroidTest
> Task :app:createDebugAndroidTestApkListingFileRedirect UP-TO-DATE
> Task :app:assembleDebugAndroidTest
> Task :app:lintReportDebug UP-TO-DATE
> Task :app:lintDebug

BUILD SUCCESSFUL in 58s
81 actionable tasks: 8 executed, 73 up-to-date
