To honour the JVM settings for this build a single-use Daemon process will be forked. For more on this, please refer to https://docs.gradle.org/8.10.2/userguide/gradle_daemon.html#sec:disabling_the_daemon in the Gradle documentation.
Daemon will be stopped at the end of the build 
> Task :app:checkKotlinGradlePluginConfigurationErrors SKIPPED
> Task :app:preBuild UP-TO-DATE
> Task :app:preDebugBuild UP-TO-DATE
> Task :app:generateDebugBuildConfig UP-TO-DATE
> Task :app:checkDebugAarMetadata UP-TO-DATE
> Task :app:generateDebugResValues UP-TO-DATE
> Task :app:mapDebugSourceSetPaths UP-TO-DATE
> Task :app:generateDebugResources UP-TO-DATE
> Task :app:mergeDebugResources UP-TO-DATE
> Task :app:packageDebugResources UP-TO-DATE
> Task :app:parseDebugLocalResources UP-TO-DATE
> Task :app:createDebugCompatibleScreenManifests UP-TO-DATE
> Task :app:extractDeepLinksDebug UP-TO-DATE
> Task :app:processDebugMainManifest UP-TO-DATE
> Task :app:processDebugManifest UP-TO-DATE
> Task :app:processDebugManifestForPackage UP-TO-DATE
> Task :app:processDebugResources UP-TO-DATE
> Task :app:compileDebugKotlin UP-TO-DATE
> Task :app:javaPreCompileDebug UP-TO-DATE
> Task :app:compileDebugJavaWithJavac UP-TO-DATE
> Task :app:bundleDebugClassesToRuntimeJar UP-TO-DATE
> Task :app:bundleDebugClassesToCompileJar UP-TO-DATE
> Task :app:preDebugUnitTestBuild UP-TO-DATE
> Task :app:javaPreCompileDebugUnitTest UP-TO-DATE
> Task :app:processDebugJavaRes UP-TO-DATE
> Task :app:preDebugAndroidTestBuild SKIPPED
> Task :app:processDebugAndroidTestManifest
> Task :app:generateDebugAndroidTestBuildConfig
> Task :app:checkDebugAndroidTestAarMetadata
> Task :app:generateDebugAndroidTestResValues
> Task :app:mapDebugAndroidTestSourceSetPaths
> Task :app:generateDebugAndroidTestResources
> Task :app:mergeDebugAndroidTestResources
> Task :app:processDebugAndroidTestResources
> Task :app:compileDebugUnitTestKotlin
> Task :app:compileDebugAndroidTestKotlin
w: file:///workspace/scratch/7f3a71577b99/runtime-photo-producer/app/src/androidTest/java/uk/co/traynor/privategallery/core/domain/SecondaryBiometricKeystoreTest.kt:52:30 'val isInsideSecureHardware: Boolean' is deprecated. Deprecated in Java.
w: file:///workspace/scratch/7f3a71577b99/runtime-photo-producer/app/src/androidTest/java/uk/co/traynor/privategallery/core/editor/Phase3PhotoGenerationOwnershipAndroidTest.kt:154:42 Java type mismatch: inferred type is 'kotlin.Any?', but 'kotlin.Any' was expected.
w: file:///workspace/scratch/7f3a71577b99/runtime-photo-producer/app/src/androidTest/java/uk/co/traynor/privategallery/core/editor/Phase3PhotoGenerationOwnershipAndroidTest.kt:154:87 Java type mismatch: inferred type is 'kotlin.Any?', but 'kotlin.Any' was expected.
w: file:///workspace/scratch/7f3a71577b99/runtime-photo-producer/app/src/androidTest/java/uk/co/traynor/privategallery/core/security/Phase3MainNativeReleaseAndroidTest.kt:179:44 Java type mismatch: inferred type is 'kotlin.Any?', but 'kotlin.Any' was expected.
w: file:///workspace/scratch/7f3a71577b99/runtime-photo-producer/app/src/androidTest/java/uk/co/traynor/privategallery/core/security/Phase3NativeOutputBufferTest.kt:90:47 Java type mismatch: inferred type is 'kotlin.Any?', but 'kotlin.Any' was expected.
w: file:///workspace/scratch/7f3a71577b99/runtime-photo-producer/app/src/androidTest/java/uk/co/traynor/privategallery/core/security/Phase3NativeOutputBufferTest.kt:158:107 Java type mismatch: inferred type is 'kotlin.Any?', but 'kotlin.Any' was expected.
w: file:///workspace/scratch/7f3a71577b99/runtime-photo-producer/app/src/androidTest/java/uk/co/traynor/privategallery/core/security/Phase3NativeOutputBufferTest.kt:182:74 Java type mismatch: inferred type is 'kotlin.Any?', but 'kotlin.Any' was expected.
w: file:///workspace/scratch/7f3a71577b99/runtime-photo-producer/app/src/androidTest/java/uk/co/traynor/privategallery/core/security/Phase3ProbeBufferBindingTest.kt:134:92 Java type mismatch: inferred type is 'kotlin.Any?', but 'kotlin.Any' was expected.
w: file:///workspace/scratch/7f3a71577b99/runtime-photo-producer/app/src/androidTest/java/uk/co/traynor/privategallery/ui/PhotoEditorUiTest.kt:125:63 'val externalMediaDirs: (Array<File!>..Array<out File!>?)' is deprecated. Deprecated in Java.
w: file:///workspace/scratch/7f3a71577b99/runtime-photo-producer/app/src/androidTest/java/uk/co/traynor/privategallery/ui/ProfessionalUiTest.kt:176:59 'val externalMediaDirs: (Array<File!>..Array<out File!>?)' is deprecated. Deprecated in Java.

> Task :app:javaPreCompileDebugAndroidTest
> Task :app:compileDebugAndroidTestJavaWithJavac
> Task :app:mergeDebugAndroidTestShaders
> Task :app:compileDebugAndroidTestShaders NO-SOURCE
> Task :app:generateDebugAndroidTestAssets UP-TO-DATE
> Task :app:mergeDebugAndroidTestAssets
> Task :app:compressDebugAndroidTestAssets
> Task :app:desugarDebugAndroidTestFileDependencies

> Task :app:compileDebugUnitTestKotlin
w: file:///workspace/scratch/7f3a71577b99/runtime-photo-producer/app/src/test/java/uk/co/traynor/privategallery/core/browser/v2/VideoHeaderBytePolicyTest.kt:79:41 'val id: Long' is deprecated. Deprecated in Java.
w: file:///workspace/scratch/7f3a71577b99/runtime-photo-producer/app/src/test/java/uk/co/traynor/privategallery/core/editor/Phase3PhotoGenerationAllocationProfileTest.kt:29:43 'val id: Long' is deprecated. Deprecated in Java.
w: file:///workspace/scratch/7f3a71577b99/runtime-photo-producer/app/src/test/java/uk/co/traynor/privategallery/core/editor/Phase3PhotoGenerationOwnershipTest.kt:151:42 Java type mismatch: inferred type is 'kotlin.Any?', but 'kotlin.Any' was expected.
w: file:///workspace/scratch/7f3a71577b99/runtime-photo-producer/app/src/test/java/uk/co/traynor/privategallery/core/editor/Phase3PhotoGenerationOwnershipTest.kt:151:87 Java type mismatch: inferred type is 'kotlin.Any?', but 'kotlin.Any' was expected.
w: file:///workspace/scratch/7f3a71577b99/runtime-photo-producer/app/src/test/java/uk/co/traynor/privategallery/core/security/OriginalTerminalRetirementTest.kt:24:30 Java type mismatch: inferred type is 'kotlin.Any?', but 'kotlin.Any' was expected.
w: file:///workspace/scratch/7f3a71577b99/runtime-photo-producer/app/src/test/java/uk/co/traynor/privategallery/core/security/OwnedByteBufferTest.kt:132:92 Java type mismatch: inferred type is 'kotlin.Any?', but 'kotlin.Any' was expected.
w: file:///workspace/scratch/7f3a71577b99/runtime-photo-producer/app/src/test/java/uk/co/traynor/privategallery/core/security/OwnedMainThreadValueTest.kt:178:44 Java type mismatch: inferred type is 'kotlin.Any?', but 'kotlin.Any' was expected.
w: file:///workspace/scratch/7f3a71577b99/runtime-photo-producer/app/src/test/java/uk/co/traynor/privategallery/core/security/OwnedNativeOutputBufferTest.kt:70:88 Java type mismatch: inferred type is 'kotlin.Any?', but 'kotlin.Any' was expected.
w: file:///workspace/scratch/7f3a71577b99/runtime-photo-producer/app/src/test/java/uk/co/traynor/privategallery/core/security/OwnedNativeOutputBufferTest.kt:72:51 Java type mismatch: inferred type is 'kotlin.Any?', but 'kotlin.Any' was expected.
w: file:///workspace/scratch/7f3a71577b99/runtime-photo-producer/app/src/test/java/uk/co/traynor/privategallery/core/security/OwnedNativeUseTest.kt:214:49 Java type mismatch: inferred type is 'kotlin.Any?', but 'kotlin.Any' was expected.
w: file:///workspace/scratch/7f3a71577b99/runtime-photo-producer/app/src/test/java/uk/co/traynor/privategallery/core/security/ReleaseCapacityTest.kt:444:52 Java type mismatch: inferred type is 'kotlin.Any?', but 'kotlin.Any' was expected.
w: file:///workspace/scratch/7f3a71577b99/runtime-photo-producer/app/src/test/java/uk/co/traynor/privategallery/core/vpn/EncryptedVpnProfileStoreTest.kt:10:20 'fun createTempDir(prefix: String = ..., suffix: String? = ..., directory: File? = ...): File' is deprecated. Avoid creating temporary directories in the default temp location with this function due to too wide permissions on the newly created directory. Use kotlin.io.path.createTempDirectory instead.
w: file:///workspace/scratch/7f3a71577b99/runtime-photo-producer/app/src/test/java/uk/co/traynor/privategallery/core/vpn/VpnProfileRepositoryTest.kt:10:20 'fun createTempDir(prefix: String = ..., suffix: String? = ..., directory: File? = ...): File' is deprecated. Avoid creating temporary directories in the default temp location with this function due to too wide permissions on the newly created directory. Use kotlin.io.path.createTempDirectory instead.
w: file:///workspace/scratch/7f3a71577b99/runtime-photo-producer/app/src/test/java/uk/co/traynor/privategallery/core/vpn/VpnProfileRepositoryTest.kt:21:20 'fun createTempDir(prefix: String = ..., suffix: String? = ..., directory: File? = ...): File' is deprecated. Avoid creating temporary directories in the default temp location with this function due to too wide permissions on the newly created directory. Use kotlin.io.path.createTempDirectory instead.
w: file:///workspace/scratch/7f3a71577b99/runtime-photo-producer/app/src/test/java/uk/co/traynor/privategallery/core/vpn/VpnProfileRepositoryTest.kt:35:20 'fun createTempDir(prefix: String = ..., suffix: String? = ..., directory: File? = ...): File' is deprecated. Avoid creating temporary directories in the default temp location with this function due to too wide permissions on the newly created directory. Use kotlin.io.path.createTempDirectory instead.
w: file:///workspace/scratch/7f3a71577b99/runtime-photo-producer/app/src/test/java/uk/co/traynor/privategallery/core/vpn/VpnProfileRepositoryTest.kt:52:20 'fun createTempDir(prefix: String = ..., suffix: String? = ..., directory: File? = ...): File' is deprecated. Avoid creating temporary directories in the default temp location with this function due to too wide permissions on the newly created directory. Use kotlin.io.path.createTempDirectory instead.

> Task :app:dexBuilderDebugAndroidTest
> Task :app:compileDebugUnitTestJavaWithJavac NO-SOURCE
> Task :app:processDebugUnitTestJavaRes UP-TO-DATE
> Task :app:testDebugUnitTest
> Task :app:mergeDebugAndroidTestGlobalSynthetics
> Task :app:processDebugAndroidTestJavaRes
> Task :app:checkDebugAndroidTestDuplicateClasses
> Task :app:mergeDebugAndroidTestJavaResource
> Task :app:mergeExtDexDebugAndroidTest
> Task :app:mergeLibDexDebugAndroidTest
> Task :app:mergeDebugAndroidTestJniLibFolders
> Task :app:mergeDebugJniLibFolders
> Task :app:mergeProjectDexDebugAndroidTest
> Task :app:validateSigningDebugAndroidTest
> Task :app:mergeDebugNativeLibs
> Task :app:mergeDebugAndroidTestNativeLibs NO-SOURCE
> Task :app:stripDebugAndroidTestDebugSymbols NO-SOURCE
> Task :app:writeDebugAndroidTestSigningConfigVersions
> Task :app:packageDebugAndroidTest
> Task :app:createDebugAndroidTestApkListingFileRedirect
> Task :app:assembleDebugAndroidTest

BUILD SUCCESSFUL in 59s
54 actionable tasks: 32 executed, 22 up-to-date
