To honour the JVM settings for this build a single-use Daemon process will be forked. For more on this, please refer to https://docs.gradle.org/8.10.2/userguide/gradle_daemon.html#sec:disabling_the_daemon in the Gradle documentation.
Daemon will be stopped at the end of the build 
> Task :app:checkKotlinGradlePluginConfigurationErrors SKIPPED
> Task :app:preBuild UP-TO-DATE
> Task :app:prePhase0EvidenceBuild UP-TO-DATE
> Task :app:generatePhase0EvidenceBuildConfig
> Task :app:generatePhase0EvidenceResValues
> Task :app:checkPhase0EvidenceAarMetadata
> Task :app:mapPhase0EvidenceSourceSetPaths
> Task :app:generatePhase0EvidenceResources
> Task :app:packagePhase0EvidenceResources
> Task :app:mergePhase0EvidenceResources
> Task :app:parsePhase0EvidenceLocalResources
> Task :app:createPhase0EvidenceCompatibleScreenManifests
> Task :app:extractDeepLinksPhase0Evidence
> Task :app:processPhase0EvidenceMainManifest
> Task :app:processPhase0EvidenceManifest
> Task :app:processPhase0EvidenceManifestForPackage
> Task :app:javaPreCompilePhase0Evidence
> Task :app:prePhase0EvidenceUnitTestBuild UP-TO-DATE
> Task :app:javaPreCompilePhase0EvidenceUnitTest
> Task :app:extractProguardFiles UP-TO-DATE
> Task :app:mergePhase0EvidenceNativeDebugMetadata NO-SOURCE
> Task :app:mergePhase0EvidenceShaders
> Task :app:compilePhase0EvidenceShaders NO-SOURCE
> Task :app:generatePhase0EvidenceAssets UP-TO-DATE
> Task :app:mergePhase0EvidenceAssets
> Task :app:compressPhase0EvidenceAssets
> Task :app:checkPhase0EvidenceDuplicateClasses
> Task :app:desugarPhase0EvidenceFileDependencies
> Task :app:processPhase0EvidenceResources
> Task :app:mergeExtDexPhase0Evidence
> Task :app:mergeLibDexPhase0Evidence
> Task :app:mergePhase0EvidenceJniLibFolders
> Task :app:mergePhase0EvidenceNativeLibs

> Task :app:stripPhase0EvidenceDebugSymbols
Unable to strip the following libraries, packaging them as they are: libandroidx.graphics.path.so, libwg-go.so, libwg-quick.so, libwg.so.

> Task :app:validateSigningPhase0Evidence
> Task :app:writePhase0EvidenceAppMetadata
> Task :app:writePhase0EvidenceSigningConfigVersions
> Task :app:compilePhase0EvidenceKotlin
w: file:///workspace/scratch/7f3a71577b99/runtime-text-submissions/app/src/main/java/uk/co/traynor/privategallery/MainActivity.kt:1230:18 This declaration overrides a deprecated member but is not marked as deprecated itself. Please add the '@Deprecated' annotation or suppress the diagnostic.
w: file:///workspace/scratch/7f3a71577b99/runtime-text-submissions/app/src/main/java/uk/co/traynor/privategallery/MainActivity.kt:1245:15 'fun onBackPressed(): Unit' is deprecated. This method has been deprecated in favor of using the
      {@link OnBackPressedDispatcher} via {@link #getOnBackPressedDispatcher()}.
      The OnBackPressedDispatcher controls how back button events are dispatched
      to one or more {@link OnBackPressedCallback} objects.
w: file:///workspace/scratch/7f3a71577b99/runtime-text-submissions/app/src/main/java/uk/co/traynor/privategallery/MainActivity.kt:3072:83 'val Icons.Filled.ArrowBack: ImageVector' is deprecated. Use the AutoMirrored version at Icons.AutoMirrored.Filled.ArrowBack.
w: file:///workspace/scratch/7f3a71577b99/runtime-text-submissions/app/src/main/java/uk/co/traynor/privategallery/MainActivity.kt:3077:80 'val Icons.Filled.ArrowBack: ImageVector' is deprecated. Use the AutoMirrored version at Icons.AutoMirrored.Filled.ArrowBack.
w: file:///workspace/scratch/7f3a71577b99/runtime-text-submissions/app/src/main/java/uk/co/traynor/privategallery/core/browser/v2/SecureWebViewFactory.kt:43:13 'var databaseEnabled: Boolean' is deprecated. Deprecated in Java.
w: file:///workspace/scratch/7f3a71577b99/runtime-text-submissions/app/src/main/java/uk/co/traynor/privategallery/core/browser/v2/SecureWebViewFactory.kt:46:13 'var allowFileAccessFromFileURLs: Boolean' is deprecated. Deprecated in Java.
w: file:///workspace/scratch/7f3a71577b99/runtime-text-submissions/app/src/main/java/uk/co/traynor/privategallery/core/browser/v2/SecureWebViewFactory.kt:47:13 'var allowUniversalAccessFromFileURLs: Boolean' is deprecated. Deprecated in Java.
w: file:///workspace/scratch/7f3a71577b99/runtime-text-submissions/app/src/main/java/uk/co/traynor/privategallery/core/domain/SecondaryBiometricSlot.kt:189:17 'fun setUserAuthenticationValidityDurationSeconds(p0: Int): KeyGenParameterSpec.Builder' is deprecated. Deprecated in Java.
w: file:///workspace/scratch/7f3a71577b99/runtime-text-submissions/app/src/main/java/uk/co/traynor/privategallery/core/domain/SecondaryBiometricSlot.kt:211:17 'val isInsideSecureHardware: Boolean' is deprecated. Deprecated in Java.
w: file:///workspace/scratch/7f3a71577b99/runtime-text-submissions/app/src/main/java/uk/co/traynor/privategallery/core/security/PrimarySessionAuthority.kt:15:25 Non-public primary constructor is exposed via the generated 'copy()' method of the 'data' class.

The generated 'copy()' will change its visibility in future releases.

To suppress the warning do one of the following:
- Annotate the data class with the '@ConsistentCopyVisibility' annotation.
- Use the '-Xconsistent-data-class-copy-visibility' compiler flag.
- Annotate the data class with the '@ExposedCopyVisibility' annotation 
  (Discouraged, but can be used to keep binary compatibility).

To learn more, see the documentation of the '@ConsistentCopyVisibility' and '@ExposedCopyVisibility' annotations.

This will become an error in Kotlin 2.1.
w: file:///workspace/scratch/7f3a71577b99/runtime-text-submissions/app/src/main/java/uk/co/traynor/privategallery/core/security/PrimarySessionAuthority.kt:16:24 Non-public primary constructor is exposed via the generated 'copy()' method of the 'data' class.

The generated 'copy()' will change its visibility in future releases.

To suppress the warning do one of the following:
- Annotate the data class with the '@ConsistentCopyVisibility' annotation.
- Use the '-Xconsistent-data-class-copy-visibility' compiler flag.
- Annotate the data class with the '@ExposedCopyVisibility' annotation 
  (Discouraged, but can be used to keep binary compatibility).

To learn more, see the documentation of the '@ConsistentCopyVisibility' and '@ExposedCopyVisibility' annotations.

This will become an error in Kotlin 2.1.
w: file:///workspace/scratch/7f3a71577b99/runtime-text-submissions/app/src/main/java/uk/co/traynor/privategallery/core/security/PrimarySessionAuthority.kt:17:29 Non-public primary constructor is exposed via the generated 'copy()' method of the 'data' class.

The generated 'copy()' will change its visibility in future releases.

To suppress the warning do one of the following:
- Annotate the data class with the '@ConsistentCopyVisibility' annotation.
- Use the '-Xconsistent-data-class-copy-visibility' compiler flag.
- Annotate the data class with the '@ExposedCopyVisibility' annotation 
  (Discouraged, but can be used to keep binary compatibility).

To learn more, see the documentation of the '@ConsistentCopyVisibility' and '@ExposedCopyVisibility' annotations.

This will become an error in Kotlin 2.1.
w: file:///workspace/scratch/7f3a71577b99/runtime-text-submissions/app/src/main/java/uk/co/traynor/privategallery/core/security/PrimarySessionAuthority.kt:23:35 Non-public primary constructor is exposed via the generated 'copy()' method of the 'data' class.

The generated 'copy()' will change its visibility in future releases.

To suppress the warning do one of the following:
- Annotate the data class with the '@ConsistentCopyVisibility' annotation.
- Use the '-Xconsistent-data-class-copy-visibility' compiler flag.
- Annotate the data class with the '@ExposedCopyVisibility' annotation 
  (Discouraged, but can be used to keep binary compatibility).

To learn more, see the documentation of the '@ConsistentCopyVisibility' and '@ExposedCopyVisibility' annotations.

This will become an error in Kotlin 2.1.
w: file:///workspace/scratch/7f3a71577b99/runtime-text-submissions/app/src/main/java/uk/co/traynor/privategallery/core/security/PrimarySessionAuthority.kt:29:32 Non-public primary constructor is exposed via the generated 'copy()' method of the 'data' class.

The generated 'copy()' will change its visibility in future releases.

To suppress the warning do one of the following:
- Annotate the data class with the '@ConsistentCopyVisibility' annotation.
- Use the '-Xconsistent-data-class-copy-visibility' compiler flag.
- Annotate the data class with the '@ExposedCopyVisibility' annotation 
  (Discouraged, but can be used to keep binary compatibility).

To learn more, see the documentation of the '@ConsistentCopyVisibility' and '@ExposedCopyVisibility' annotations.

This will become an error in Kotlin 2.1.
w: file:///workspace/scratch/7f3a71577b99/runtime-text-submissions/app/src/main/java/uk/co/traynor/privategallery/ui/BrowserVideoFullscreen.kt:67:100 'static field FLAG_FULLSCREEN: Int' is deprecated. Deprecated in Java.
w: file:///workspace/scratch/7f3a71577b99/runtime-text-submissions/app/src/main/java/uk/co/traynor/privategallery/ui/BrowserVideoFullscreen.kt:68:66 'static field FLAG_FULLSCREEN: Int' is deprecated. Deprecated in Java.
w: file:///workspace/scratch/7f3a71577b99/runtime-text-submissions/app/src/main/java/uk/co/traynor/privategallery/ui/BrowserVideoFullscreen.kt:74:92 'static field FLAG_FULLSCREEN: Int' is deprecated. Deprecated in Java.
w: file:///workspace/scratch/7f3a71577b99/runtime-text-submissions/app/src/main/java/uk/co/traynor/privategallery/ui/FullscreenMediaViewer.kt:270:53 This declaration needs opt-in. Its usage should be marked with '@kotlinx.coroutines.ExperimentalCoroutinesApi' or '@OptIn(kotlinx.coroutines.ExperimentalCoroutinesApi::class)'
w: file:///workspace/scratch/7f3a71577b99/runtime-text-submissions/app/src/main/java/uk/co/traynor/privategallery/ui/PhotoEditor.kt:63:21 'val LocalLifecycleOwner: ProvidableCompositionLocal<LifecycleOwner>' is deprecated. Moved to lifecycle-runtime-compose library in androidx.lifecycle.compose package.
w: file:///workspace/scratch/7f3a71577b99/runtime-text-submissions/app/src/main/java/uk/co/traynor/privategallery/ui/PhotoEditor.kt:134:53 This declaration needs opt-in. Its usage should be marked with '@kotlinx.coroutines.ExperimentalCoroutinesApi' or '@OptIn(kotlinx.coroutines.ExperimentalCoroutinesApi::class)'
w: file:///workspace/scratch/7f3a71577b99/runtime-text-submissions/app/src/main/java/uk/co/traynor/privategallery/ui/PhotoEditor.kt:303:227 'val Icons.Filled.RotateRight: ImageVector' is deprecated. Use the AutoMirrored version at Icons.AutoMirrored.Filled.RotateRight.
w: file:///workspace/scratch/7f3a71577b99/runtime-text-submissions/app/src/main/java/uk/co/traynor/privategallery/ui/PhotoEditor.kt:327:34 Condition is always 'true'.
w: file:///workspace/scratch/7f3a71577b99/runtime-text-submissions/app/src/main/java/uk/co/traynor/privategallery/ui/PrivateBrowser.kt:833:13 'var databaseEnabled: Boolean' is deprecated. Deprecated in Java.
w: file:///workspace/scratch/7f3a71577b99/runtime-text-submissions/app/src/main/java/uk/co/traynor/privategallery/ui/PrivateBrowser.kt:836:13 'var allowFileAccessFromFileURLs: Boolean' is deprecated. Deprecated in Java.
w: file:///workspace/scratch/7f3a71577b99/runtime-text-submissions/app/src/main/java/uk/co/traynor/privategallery/ui/PrivateBrowser.kt:837:13 'var allowUniversalAccessFromFileURLs: Boolean' is deprecated. Deprecated in Java.
w: file:///workspace/scratch/7f3a71577b99/runtime-text-submissions/app/src/main/java/uk/co/traynor/privategallery/ui/PrivateBrowser.kt:972:25 'var allowFileAccessFromFileURLs: Boolean' is deprecated. Deprecated in Java.
w: file:///workspace/scratch/7f3a71577b99/runtime-text-submissions/app/src/main/java/uk/co/traynor/privategallery/ui/PrivateBrowser.kt:973:25 'var allowUniversalAccessFromFileURLs: Boolean' is deprecated. Deprecated in Java.
w: file:///workspace/scratch/7f3a71577b99/runtime-text-submissions/app/src/main/java/uk/co/traynor/privategallery/ui/PrivateVideoPlayer.kt:202:85 'val Icons.Filled.ArrowBack: ImageVector' is deprecated. Use the AutoMirrored version at Icons.AutoMirrored.Filled.ArrowBack.
w: file:///workspace/scratch/7f3a71577b99/runtime-text-submissions/app/src/main/java/uk/co/traynor/privategallery/ui/PrivateVideoPlayer.kt:205:125 'val Icons.Filled.VolumeOff: ImageVector' is deprecated. Use the AutoMirrored version at Icons.AutoMirrored.Filled.VolumeOff.
w: file:///workspace/scratch/7f3a71577b99/runtime-text-submissions/app/src/main/java/uk/co/traynor/privategallery/ui/PrivateVideoPlayer.kt:205:154 'val Icons.Filled.VolumeUp: ImageVector' is deprecated. Use the AutoMirrored version at Icons.AutoMirrored.Filled.VolumeUp.

> Task :app:compilePhase0EvidenceJavaWithJavac
> Task :app:bundlePhase0EvidenceClassesToRuntimeJar
> Task :app:bundlePhase0EvidenceClassesToCompileJar
> Task :app:processPhase0EvidenceJavaRes
> Task :app:generatePhase0EvidenceLintReportModel
> Task :app:generatePhase0EvidenceUnitTestLintModel
> Task :app:compilePhase0EvidenceUnitTestKotlin
> Task :app:lintAnalyzePhase0Evidence

> Task :app:compilePhase0EvidenceUnitTestKotlin
w: file:///workspace/scratch/7f3a71577b99/runtime-text-submissions/app/src/test/java/uk/co/traynor/privategallery/core/browser/v2/VideoHeaderBytePolicyTest.kt:79:41 'val id: Long' is deprecated. Deprecated in Java.
w: file:///workspace/scratch/7f3a71577b99/runtime-text-submissions/app/src/test/java/uk/co/traynor/privategallery/core/security/OriginalTerminalRetirementTest.kt:24:30 Java type mismatch: inferred type is 'kotlin.Any?', but 'kotlin.Any' was expected.
w: file:///workspace/scratch/7f3a71577b99/runtime-text-submissions/app/src/test/java/uk/co/traynor/privategallery/core/security/OwnedByteBufferTest.kt:132:92 Java type mismatch: inferred type is 'kotlin.Any?', but 'kotlin.Any' was expected.
w: file:///workspace/scratch/7f3a71577b99/runtime-text-submissions/app/src/test/java/uk/co/traynor/privategallery/core/security/OwnedMainThreadValueTest.kt:178:44 Java type mismatch: inferred type is 'kotlin.Any?', but 'kotlin.Any' was expected.
w: file:///workspace/scratch/7f3a71577b99/runtime-text-submissions/app/src/test/java/uk/co/traynor/privategallery/core/security/OwnedNativeOutputBufferTest.kt:70:88 Java type mismatch: inferred type is 'kotlin.Any?', but 'kotlin.Any' was expected.
w: file:///workspace/scratch/7f3a71577b99/runtime-text-submissions/app/src/test/java/uk/co/traynor/privategallery/core/security/OwnedNativeOutputBufferTest.kt:72:51 Java type mismatch: inferred type is 'kotlin.Any?', but 'kotlin.Any' was expected.
w: file:///workspace/scratch/7f3a71577b99/runtime-text-submissions/app/src/test/java/uk/co/traynor/privategallery/core/security/OwnedNativeUseTest.kt:214:49 Java type mismatch: inferred type is 'kotlin.Any?', but 'kotlin.Any' was expected.
w: file:///workspace/scratch/7f3a71577b99/runtime-text-submissions/app/src/test/java/uk/co/traynor/privategallery/core/security/ReleaseCapacityTest.kt:444:52 Java type mismatch: inferred type is 'kotlin.Any?', but 'kotlin.Any' was expected.
w: file:///workspace/scratch/7f3a71577b99/runtime-text-submissions/app/src/test/java/uk/co/traynor/privategallery/core/vpn/EncryptedVpnProfileStoreTest.kt:10:20 'fun createTempDir(prefix: String = ..., suffix: String? = ..., directory: File? = ...): File' is deprecated. Avoid creating temporary directories in the default temp location with this function due to too wide permissions on the newly created directory. Use kotlin.io.path.createTempDirectory instead.
w: file:///workspace/scratch/7f3a71577b99/runtime-text-submissions/app/src/test/java/uk/co/traynor/privategallery/core/vpn/VpnProfileRepositoryTest.kt:10:20 'fun createTempDir(prefix: String = ..., suffix: String? = ..., directory: File? = ...): File' is deprecated. Avoid creating temporary directories in the default temp location with this function due to too wide permissions on the newly created directory. Use kotlin.io.path.createTempDirectory instead.
w: file:///workspace/scratch/7f3a71577b99/runtime-text-submissions/app/src/test/java/uk/co/traynor/privategallery/core/vpn/VpnProfileRepositoryTest.kt:21:20 'fun createTempDir(prefix: String = ..., suffix: String? = ..., directory: File? = ...): File' is deprecated. Avoid creating temporary directories in the default temp location with this function due to too wide permissions on the newly created directory. Use kotlin.io.path.createTempDirectory instead.
w: file:///workspace/scratch/7f3a71577b99/runtime-text-submissions/app/src/test/java/uk/co/traynor/privategallery/core/vpn/VpnProfileRepositoryTest.kt:35:20 'fun createTempDir(prefix: String = ..., suffix: String? = ..., directory: File? = ...): File' is deprecated. Avoid creating temporary directories in the default temp location with this function due to too wide permissions on the newly created directory. Use kotlin.io.path.createTempDirectory instead.
w: file:///workspace/scratch/7f3a71577b99/runtime-text-submissions/app/src/test/java/uk/co/traynor/privategallery/core/vpn/VpnProfileRepositoryTest.kt:52:20 'fun createTempDir(prefix: String = ..., suffix: String? = ..., directory: File? = ...): File' is deprecated. Avoid creating temporary directories in the default temp location with this function due to too wide permissions on the newly created directory. Use kotlin.io.path.createTempDirectory instead.

> Task :app:compilePhase0EvidenceUnitTestJavaWithJavac NO-SOURCE
> Task :app:processPhase0EvidenceUnitTestJavaRes
WARNING: A terminally deprecated method in java.lang.System has been called
WARNING: System::setSecurityManager has been called by uk.co.traynor.privategallery.core.domain.DomainInventoryTest (file:/tmp/privategallery-phase3-text-verification/app-build/tmp/kotlin-classes/phase0EvidenceUnitTest/)
WARNING: Please consider reporting this to the maintainers of uk.co.traynor.privategallery.core.domain.DomainInventoryTest
WARNING: System::setSecurityManager will be removed in a future release
> Task :app:testPhase0EvidenceUnitTest
> Task :app:dexBuilderPhase0Evidence
> Task :app:mergePhase0EvidenceGlobalSynthetics
> Task :app:mergePhase0EvidenceJavaResource
> Task :app:mergeProjectDexPhase0Evidence
> Task :app:packagePhase0Evidence
> Task :app:createPhase0EvidenceApkListingFileRedirect
> Task :app:assemblePhase0Evidence
> Task :app:lintAnalyzePhase0EvidenceUnitTest

> Task :app:lintReportPhase0Evidence
Wrote HTML report to file:///tmp/privategallery-phase3-text-verification/app-build/reports/lint-results-phase0Evidence.html

> Task :app:lintPhase0Evidence

BUILD SUCCESSFUL in 6m 44s
50 actionable tasks: 49 executed, 1 up-to-date
